[0.238s] DEBUG:colcon:Command line arguments: ['/usr/bin/colcon', 'build', '--packages-select', 'obstacle_controller', 'obstacle_interfaces']
[0.238s] DEBUG:colcon:Parsed command line arguments: Namespace(log_base=None, log_level=None, verb_name='build', build_base='build', install_base='install', merge_install=False, symlink_install=False, test_result_base=None, continue_on_error=False, executor='parallel', parallel_workers=4, event_handlers=None, ignore_user_meta=False, metas=['./colcon.meta'], base_paths=['.'], packages_ignore=None, packages_ignore_regex=None, paths=None, packages_up_to=None, packages_up_to_regex=None, packages_above=None, packages_above_and_dependencies=None, packages_above_depth=None, packages_select_by_dep=None, packages_skip_by_dep=None, packages_skip_up_to=None, packages_select_build_failed=False, packages_skip_build_finished=False, packages_select_test_failures=False, packages_skip_test_passed=False, packages_select=['obstacle_controller', 'obstacle_interfaces'], packages_skip=None, packages_select_regex=None, packages_skip_regex=None, packages_start=None, packages_end=None, allow_overriding=[], cmake_args=None, cmake_target=None, cmake_target_skip_unavailable=False, cmake_clean_cache=False, cmake_clean_first=False, cmake_force_configure=False, ament_cmake_args=None, catkin_cmake_args=None, catkin_skip_building_tests=False, verb_parser=<colcon_defaults.argument_parser.defaults.DefaultArgumentsDecorator object at 0x7f73e8e8ce00>, verb_extension=<colcon_core.verb.build.BuildVerb object at 0x7f73e8ff7a10>, main=<bound method BuildVerb.main of <colcon_core.verb.build.BuildVerb object at 0x7f73e8ff7a10>>)
[0.325s] Level 1:colcon.colcon_core.package_discovery:discover_packages(colcon_meta) check parameters
[0.327s] Level 1:colcon.colcon_core.package_discovery:discover_packages(recursive) check parameters
[0.333s] Level 1:colcon.colcon_core.package_discovery:discover_packages(ignore) check parameters
[0.340s] Level 1:colcon.colcon_core.package_discovery:discover_packages(path) check parameters
[0.345s] Level 1:colcon.colcon_core.package_discovery:discover_packages(colcon_meta) discover
[0.354s] Level 1:colcon.colcon_core.package_discovery:discover_packages(recursive) discover
[0.363s] INFO:colcon.colcon_core.package_discovery:Crawling recursively for packages in '/root/workspaces/turtlebot_operation_norasheikhly'
[0.369s] Level 1:colcon.colcon_core.package_identification:_identify(.) by extensions ['ignore', 'ignore_ament_install']
[0.376s] Level 1:colcon.colcon_core.package_identification:_identify(.) by extension 'ignore'
[0.381s] Level 1:colcon.colcon_core.package_identification:_identify(.) by extension 'ignore_ament_install'
[0.387s] Level 1:colcon.colcon_core.package_identification:_identify(.) by extensions ['colcon_pkg']
[0.387s] Level 1:colcon.colcon_core.package_identification:_identify(.) by extension 'colcon_pkg'
[0.396s] Level 1:colcon.colcon_core.package_identification:_identify(.) by extensions ['colcon_meta']
[0.399s] Level 1:colcon.colcon_core.package_identification:_identify(.) by extension 'colcon_meta'
[0.407s] Level 1:colcon.colcon_core.package_identification:_identify(.) by extensions ['ros']
[0.411s] Level 1:colcon.colcon_core.package_identification:_identify(.) by extension 'ros'
[0.468s] Level 1:colcon.colcon_core.package_identification:_identify(.) by extensions ['cmake', 'python']
[0.468s] Level 1:colcon.colcon_core.package_identification:_identify(.) by extension 'cmake'
[0.479s] Level 1:colcon.colcon_core.package_identification:_identify(.) by extension 'python'
[0.484s] Level 1:colcon.colcon_core.package_identification:_identify(.) by extensions ['python_setup_py']
[0.486s] Level 1:colcon.colcon_core.package_identification:_identify(.) by extension 'python_setup_py'
[0.494s] Level 1:colcon.colcon_core.package_identification:_identify(build) by extensions ['ignore', 'ignore_ament_install']
[0.503s] Level 1:colcon.colcon_core.package_identification:_identify(build) by extension 'ignore'
[0.510s] Level 1:colcon.colcon_core.package_identification:_identify(build) ignored
[0.518s] Level 1:colcon.colcon_core.package_identification:_identify(install) by extensions ['ignore', 'ignore_ament_install']
[0.522s] Level 1:colcon.colcon_core.package_identification:_identify(install) by extension 'ignore'
[0.529s] Level 1:colcon.colcon_core.package_identification:_identify(install) ignored
[0.539s] Level 1:colcon.colcon_core.package_identification:_identify(log) by extensions ['ignore', 'ignore_ament_install']
[0.543s] Level 1:colcon.colcon_core.package_identification:_identify(log) by extension 'ignore'
[0.549s] Level 1:colcon.colcon_core.package_identification:_identify(log) ignored
[0.550s] Level 1:colcon.colcon_core.package_identification:_identify(src) by extensions ['ignore', 'ignore_ament_install']
[0.554s] Level 1:colcon.colcon_core.package_identification:_identify(src) by extension 'ignore'
[0.563s] Level 1:colcon.colcon_core.package_identification:_identify(src) by extension 'ignore_ament_install'
[0.570s] Level 1:colcon.colcon_core.package_identification:_identify(src) by extensions ['colcon_pkg']
[0.573s] Level 1:colcon.colcon_core.package_identification:_identify(src) by extension 'colcon_pkg'
[0.583s] Level 1:colcon.colcon_core.package_identification:_identify(src) by extensions ['colcon_meta']
[0.588s] Level 1:colcon.colcon_core.package_identification:_identify(src) by extension 'colcon_meta'
[0.596s] Level 1:colcon.colcon_core.package_identification:_identify(src) by extensions ['ros']
[0.604s] Level 1:colcon.colcon_core.package_identification:_identify(src) by extension 'ros'
[0.620s] Level 1:colcon.colcon_core.package_identification:_identify(src) by extensions ['cmake', 'python']
[0.620s] Level 1:colcon.colcon_core.package_identification:_identify(src) by extension 'cmake'
[0.630s] Level 1:colcon.colcon_core.package_identification:_identify(src) by extension 'python'
[0.638s] Level 1:colcon.colcon_core.package_identification:_identify(src) by extensions ['python_setup_py']
[0.644s] Level 1:colcon.colcon_core.package_identification:_identify(src) by extension 'python_setup_py'
[0.650s] Level 1:colcon.colcon_core.package_identification:_identify(src/obstacle_controller) by extensions ['ignore', 'ignore_ament_install']
[0.653s] Level 1:colcon.colcon_core.package_identification:_identify(src/obstacle_controller) by extension 'ignore'
[0.655s] Level 1:colcon.colcon_core.package_identification:_identify(src/obstacle_controller) by extension 'ignore_ament_install'
[0.664s] Level 1:colcon.colcon_core.package_identification:_identify(src/obstacle_controller) by extensions ['colcon_pkg']
[0.669s] Level 1:colcon.colcon_core.package_identification:_identify(src/obstacle_controller) by extension 'colcon_pkg'
[0.675s] Level 1:colcon.colcon_core.package_identification:_identify(src/obstacle_controller) by extensions ['colcon_meta']
[0.678s] Level 1:colcon.colcon_core.package_identification:_identify(src/obstacle_controller) by extension 'colcon_meta'
[0.685s] Level 1:colcon.colcon_core.package_identification:_identify(src/obstacle_controller) by extensions ['ros']
[0.692s] Level 1:colcon.colcon_core.package_identification:_identify(src/obstacle_controller) by extension 'ros'
[0.715s] DEBUG:colcon.colcon_core.package_identification:Package 'src/obstacle_controller' with type 'ros.ament_python' and name 'obstacle_controller'
[0.716s] Level 1:colcon.colcon_core.package_identification:_identify(src/obstacle_interfaces) by extensions ['ignore', 'ignore_ament_install']
[0.725s] Level 1:colcon.colcon_core.package_identification:_identify(src/obstacle_interfaces) by extension 'ignore'
[0.735s] Level 1:colcon.colcon_core.package_identification:_identify(src/obstacle_interfaces) by extension 'ignore_ament_install'
[0.748s] Level 1:colcon.colcon_core.package_identification:_identify(src/obstacle_interfaces) by extensions ['colcon_pkg']
[0.753s] Level 1:colcon.colcon_core.package_identification:_identify(src/obstacle_interfaces) by extension 'colcon_pkg'
[0.759s] Level 1:colcon.colcon_core.package_identification:_identify(src/obstacle_interfaces) by extensions ['colcon_meta']
[0.766s] Level 1:colcon.colcon_core.package_identification:_identify(src/obstacle_interfaces) by extension 'colcon_meta'
[0.771s] Level 1:colcon.colcon_core.package_identification:_identify(src/obstacle_interfaces) by extensions ['ros']
[0.782s] Level 1:colcon.colcon_core.package_identification:_identify(src/obstacle_interfaces) by extension 'ros'
[0.801s] DEBUG:colcon.colcon_core.package_identification:Package 'src/obstacle_interfaces' with type 'ros.ament_cmake' and name 'obstacle_interfaces'
[0.801s] Level 1:colcon.colcon_core.package_discovery:discover_packages(recursive) using defaults
[0.805s] Level 1:colcon.colcon_core.package_discovery:discover_packages(ignore) discover
[0.810s] Level 1:colcon.colcon_core.package_discovery:discover_packages(ignore) using defaults
[0.817s] Level 1:colcon.colcon_core.package_discovery:discover_packages(path) discover
[0.823s] Level 1:colcon.colcon_core.package_discovery:discover_packages(path) using defaults
[0.873s] Level 1:colcon.colcon_core.package_discovery:discover_packages(prefix_path) check parameters
[0.874s] Level 1:colcon.colcon_core.package_discovery:discover_packages(prefix_path) discover
[0.908s] DEBUG:colcon.colcon_installed_package_information.package_discovery:Found 4 installed packages in /root/workspaces/turtlebot_ws/install
[0.912s] DEBUG:colcon.colcon_installed_package_information.package_discovery:Found 455 installed packages in /opt/ros/jazzy
[0.915s] Level 1:colcon.colcon_core.package_discovery:discover_packages(prefix_path) using defaults
[1.052s] Level 5:colcon.colcon_core.verb:set package 'obstacle_interfaces' build argument 'cmake_args' from command line to 'None'
[1.052s] Level 5:colcon.colcon_core.verb:set package 'obstacle_interfaces' build argument 'cmake_target' from command line to 'None'
[1.057s] Level 5:colcon.colcon_core.verb:set package 'obstacle_interfaces' build argument 'cmake_target_skip_unavailable' from command line to 'False'
[1.065s] Level 5:colcon.colcon_core.verb:set package 'obstacle_interfaces' build argument 'cmake_clean_cache' from command line to 'False'
[1.073s] Level 5:colcon.colcon_core.verb:set package 'obstacle_interfaces' build argument 'cmake_clean_first' from command line to 'False'
[1.077s] Level 5:colcon.colcon_core.verb:set package 'obstacle_interfaces' build argument 'cmake_force_configure' from command line to 'False'
[1.085s] Level 5:colcon.colcon_core.verb:set package 'obstacle_interfaces' build argument 'ament_cmake_args' from command line to 'None'
[1.089s] Level 5:colcon.colcon_core.verb:set package 'obstacle_interfaces' build argument 'catkin_cmake_args' from command line to 'None'
[1.094s] Level 5:colcon.colcon_core.verb:set package 'obstacle_interfaces' build argument 'catkin_skip_building_tests' from command line to 'False'
[1.102s] DEBUG:colcon.colcon_core.verb:Building package 'obstacle_interfaces' with the following arguments: {'ament_cmake_args': None, 'build_base': '/root/workspaces/turtlebot_operation_norasheikhly/build/obstacle_interfaces', 'catkin_cmake_args': None, 'catkin_skip_building_tests': False, 'cmake_args': None, 'cmake_clean_cache': False, 'cmake_clean_first': False, 'cmake_force_configure': False, 'cmake_target': None, 'cmake_target_skip_unavailable': False, 'install_base': '/root/workspaces/turtlebot_operation_norasheikhly/install/obstacle_interfaces', 'merge_install': False, 'path': '/root/workspaces/turtlebot_operation_norasheikhly/src/obstacle_interfaces', 'symlink_install': False, 'test_result_base': None}
[1.110s] Level 5:colcon.colcon_core.verb:set package 'obstacle_controller' build argument 'cmake_args' from command line to 'None'
[1.118s] Level 5:colcon.colcon_core.verb:set package 'obstacle_controller' build argument 'cmake_target' from command line to 'None'
[1.126s] Level 5:colcon.colcon_core.verb:set package 'obstacle_controller' build argument 'cmake_target_skip_unavailable' from command line to 'False'
[1.131s] Level 5:colcon.colcon_core.verb:set package 'obstacle_controller' build argument 'cmake_clean_cache' from command line to 'False'
[1.138s] Level 5:colcon.colcon_core.verb:set package 'obstacle_controller' build argument 'cmake_clean_first' from command line to 'False'
[1.145s] Level 5:colcon.colcon_core.verb:set package 'obstacle_controller' build argument 'cmake_force_configure' from command line to 'False'
[1.151s] Level 5:colcon.colcon_core.verb:set package 'obstacle_controller' build argument 'ament_cmake_args' from command line to 'None'
[1.156s] Level 5:colcon.colcon_core.verb:set package 'obstacle_controller' build argument 'catkin_cmake_args' from command line to 'None'
[1.160s] Level 5:colcon.colcon_core.verb:set package 'obstacle_controller' build argument 'catkin_skip_building_tests' from command line to 'False'
[1.168s] DEBUG:colcon.colcon_core.verb:Building package 'obstacle_controller' with the following arguments: {'ament_cmake_args': None, 'build_base': '/root/workspaces/turtlebot_operation_norasheikhly/build/obstacle_controller', 'catkin_cmake_args': None, 'catkin_skip_building_tests': False, 'cmake_args': None, 'cmake_clean_cache': False, 'cmake_clean_first': False, 'cmake_force_configure': False, 'cmake_target': None, 'cmake_target_skip_unavailable': False, 'install_base': '/root/workspaces/turtlebot_operation_norasheikhly/install/obstacle_controller', 'merge_install': False, 'path': '/root/workspaces/turtlebot_operation_norasheikhly/src/obstacle_controller', 'symlink_install': False, 'test_result_base': None}
[1.176s] INFO:colcon.colcon_core.executor:Executing jobs using 'parallel' executor
[1.186s] DEBUG:colcon.colcon_parallel_executor.executor.parallel:run_until_complete
[1.189s] INFO:colcon.colcon_ros.task.ament_cmake.build:Building ROS package in '/root/workspaces/turtlebot_operation_norasheikhly/src/obstacle_interfaces' with build type 'ament_cmake'
[1.196s] INFO:colcon.colcon_cmake.task.cmake.build:Building CMake package in '/root/workspaces/turtlebot_operation_norasheikhly/src/obstacle_interfaces'
[1.207s] INFO:colcon.colcon_core.plugin_system:Skipping extension 'colcon_core.shell.bat': Not used on non-Windows systems
[1.208s] INFO:colcon.colcon_core.shell:Skip shell extension 'powershell' for command environment: Not usable outside of PowerShell
[1.208s] DEBUG:colcon.colcon_core.shell:Skip shell extension 'dsv' for command environment
[1.382s] DEBUG:colcon.colcon_core.event_handler.log_command:Invoking command in '/root/workspaces/turtlebot_operation_norasheikhly/build/obstacle_interfaces': CMAKE_PREFIX_PATH=${CMAKE_PREFIX_PATH}:/opt/ros/jazzy /usr/bin/cmake --build /root/workspaces/turtlebot_operation_norasheikhly/build/obstacle_interfaces -- -j4 -l4
[3.418s] DEBUG:colcon.colcon_core.event_handler.log_command:Invoked command in '/root/workspaces/turtlebot_operation_norasheikhly/build/obstacle_interfaces' returned '0': CMAKE_PREFIX_PATH=${CMAKE_PREFIX_PATH}:/opt/ros/jazzy /usr/bin/cmake --build /root/workspaces/turtlebot_operation_norasheikhly/build/obstacle_interfaces -- -j4 -l4
[3.460s] DEBUG:colcon.colcon_core.event_handler.log_command:Invoking command in '/root/workspaces/turtlebot_operation_norasheikhly/build/obstacle_interfaces': CMAKE_PREFIX_PATH=${CMAKE_PREFIX_PATH}:/opt/ros/jazzy /usr/bin/cmake --install /root/workspaces/turtlebot_operation_norasheikhly/build/obstacle_interfaces
[5.197s] Level 1:colcon.colcon_core.environment:create_environment_scripts_only(obstacle_interfaces)
[5.200s] Level 1:colcon.colcon_core.environment:checking '/root/workspaces/turtlebot_operation_norasheikhly/install/obstacle_interfaces' for CMake module files
[5.219s] Level 1:colcon.colcon_core.environment:checking '/root/workspaces/turtlebot_operation_norasheikhly/install/obstacle_interfaces' for CMake config files
[5.246s] Level 1:colcon.colcon_core.shell:create_environment_hook('obstacle_interfaces', 'cmake_prefix_path')
[5.246s] INFO:colcon.colcon_core.shell:Creating environment hook '/root/workspaces/turtlebot_operation_norasheikhly/install/obstacle_interfaces/share/obstacle_interfaces/hook/cmake_prefix_path.ps1'
[5.262s] INFO:colcon.colcon_core.shell:Creating environment descriptor '/root/workspaces/turtlebot_operation_norasheikhly/install/obstacle_interfaces/share/obstacle_interfaces/hook/cmake_prefix_path.dsv'
[5.278s] INFO:colcon.colcon_core.shell:Creating environment hook '/root/workspaces/turtlebot_operation_norasheikhly/install/obstacle_interfaces/share/obstacle_interfaces/hook/cmake_prefix_path.sh'
[5.295s] Level 1:colcon.colcon_core.environment:checking '/root/workspaces/turtlebot_operation_norasheikhly/install/obstacle_interfaces/lib'
[5.296s] Level 1:colcon.colcon_core.shell:create_environment_hook('obstacle_interfaces', 'ld_library_path_lib')
[5.296s] INFO:colcon.colcon_core.shell:Creating environment hook '/root/workspaces/turtlebot_operation_norasheikhly/install/obstacle_interfaces/share/obstacle_interfaces/hook/ld_library_path_lib.ps1'
[5.313s] INFO:colcon.colcon_core.shell:Creating environment descriptor '/root/workspaces/turtlebot_operation_norasheikhly/install/obstacle_interfaces/share/obstacle_interfaces/hook/ld_library_path_lib.dsv'
[5.328s] INFO:colcon.colcon_core.shell:Creating environment hook '/root/workspaces/turtlebot_operation_norasheikhly/install/obstacle_interfaces/share/obstacle_interfaces/hook/ld_library_path_lib.sh'
[5.342s] DEBUG:colcon.colcon_core.event_handler.log_command:Invoked command in '/root/workspaces/turtlebot_operation_norasheikhly/build/obstacle_interfaces' returned '0': CMAKE_PREFIX_PATH=${CMAKE_PREFIX_PATH}:/opt/ros/jazzy /usr/bin/cmake --install /root/workspaces/turtlebot_operation_norasheikhly/build/obstacle_interfaces
[5.344s] Level 1:colcon.colcon_core.environment:checking '/root/workspaces/turtlebot_operation_norasheikhly/install/obstacle_interfaces/bin'
[5.354s] Level 1:colcon.colcon_core.environment:checking '/root/workspaces/turtlebot_operation_norasheikhly/install/obstacle_interfaces/lib/pkgconfig/obstacle_interfaces.pc'
[5.356s] Level 1:colcon.colcon_core.environment:checking '/root/workspaces/turtlebot_operation_norasheikhly/install/obstacle_interfaces/lib/python3.12/site-packages'
[5.356s] Level 1:colcon.colcon_core.shell:create_environment_hook('obstacle_interfaces', 'pythonpath')
[5.357s] INFO:colcon.colcon_core.shell:Creating environment hook '/root/workspaces/turtlebot_operation_norasheikhly/install/obstacle_interfaces/share/obstacle_interfaces/hook/pythonpath.ps1'
[5.371s] INFO:colcon.colcon_core.shell:Creating environment descriptor '/root/workspaces/turtlebot_operation_norasheikhly/install/obstacle_interfaces/share/obstacle_interfaces/hook/pythonpath.dsv'
[5.387s] INFO:colcon.colcon_core.shell:Creating environment hook '/root/workspaces/turtlebot_operation_norasheikhly/install/obstacle_interfaces/share/obstacle_interfaces/hook/pythonpath.sh'
[5.411s] Level 1:colcon.colcon_core.environment:checking '/root/workspaces/turtlebot_operation_norasheikhly/install/obstacle_interfaces/bin'
[5.412s] INFO:colcon.colcon_core.shell:Creating package script '/root/workspaces/turtlebot_operation_norasheikhly/install/obstacle_interfaces/share/obstacle_interfaces/package.ps1'
[5.433s] INFO:colcon.colcon_core.shell:Creating package descriptor '/root/workspaces/turtlebot_operation_norasheikhly/install/obstacle_interfaces/share/obstacle_interfaces/package.dsv'
[5.448s] INFO:colcon.colcon_core.shell:Creating package script '/root/workspaces/turtlebot_operation_norasheikhly/install/obstacle_interfaces/share/obstacle_interfaces/package.sh'
[5.464s] INFO:colcon.colcon_core.shell:Creating package script '/root/workspaces/turtlebot_operation_norasheikhly/install/obstacle_interfaces/share/obstacle_interfaces/package.bash'
[5.479s] INFO:colcon.colcon_core.shell:Creating package script '/root/workspaces/turtlebot_operation_norasheikhly/install/obstacle_interfaces/share/obstacle_interfaces/package.zsh'
[5.495s] Level 1:colcon.colcon_core.environment:create_file_with_runtime_dependencies(/root/workspaces/turtlebot_operation_norasheikhly/install/obstacle_interfaces/share/colcon-core/packages/obstacle_interfaces)
[5.516s] Level 1:colcon.colcon_core.environment:create_environment_scripts_only(obstacle_interfaces)
[5.517s] Level 1:colcon.colcon_core.environment:checking '/root/workspaces/turtlebot_operation_norasheikhly/install/obstacle_interfaces' for CMake module files
[5.524s] Level 1:colcon.colcon_core.environment:checking '/root/workspaces/turtlebot_operation_norasheikhly/install/obstacle_interfaces' for CMake config files
[5.539s] Level 1:colcon.colcon_core.shell:create_environment_hook('obstacle_interfaces', 'cmake_prefix_path')
[5.539s] INFO:colcon.colcon_core.shell:Creating environment hook '/root/workspaces/turtlebot_operation_norasheikhly/install/obstacle_interfaces/share/obstacle_interfaces/hook/cmake_prefix_path.ps1'
[5.555s] INFO:colcon.colcon_core.shell:Creating environment descriptor '/root/workspaces/turtlebot_operation_norasheikhly/install/obstacle_interfaces/share/obstacle_interfaces/hook/cmake_prefix_path.dsv'
[5.569s] INFO:colcon.colcon_core.shell:Creating environment hook '/root/workspaces/turtlebot_operation_norasheikhly/install/obstacle_interfaces/share/obstacle_interfaces/hook/cmake_prefix_path.sh'
[5.585s] Level 1:colcon.colcon_core.environment:checking '/root/workspaces/turtlebot_operation_norasheikhly/install/obstacle_interfaces/lib'
[5.586s] Level 1:colcon.colcon_core.shell:create_environment_hook('obstacle_interfaces', 'ld_library_path_lib')
[5.590s] INFO:colcon.colcon_core.shell:Creating environment hook '/root/workspaces/turtlebot_operation_norasheikhly/install/obstacle_interfaces/share/obstacle_interfaces/hook/ld_library_path_lib.ps1'
[5.609s] INFO:colcon.colcon_core.shell:Creating environment descriptor '/root/workspaces/turtlebot_operation_norasheikhly/install/obstacle_interfaces/share/obstacle_interfaces/hook/ld_library_path_lib.dsv'
[5.625s] INFO:colcon.colcon_core.shell:Creating environment hook '/root/workspaces/turtlebot_operation_norasheikhly/install/obstacle_interfaces/share/obstacle_interfaces/hook/ld_library_path_lib.sh'
[5.640s] Level 1:colcon.colcon_core.environment:checking '/root/workspaces/turtlebot_operation_norasheikhly/install/obstacle_interfaces/bin'
[5.640s] Level 1:colcon.colcon_core.environment:checking '/root/workspaces/turtlebot_operation_norasheikhly/install/obstacle_interfaces/lib/pkgconfig/obstacle_interfaces.pc'
[5.640s] Level 1:colcon.colcon_core.environment:checking '/root/workspaces/turtlebot_operation_norasheikhly/install/obstacle_interfaces/lib/python3.12/site-packages'
[5.640s] Level 1:colcon.colcon_core.shell:create_environment_hook('obstacle_interfaces', 'pythonpath')
[5.641s] INFO:colcon.colcon_core.shell:Creating environment hook '/root/workspaces/turtlebot_operation_norasheikhly/install/obstacle_interfaces/share/obstacle_interfaces/hook/pythonpath.ps1'
[5.655s] INFO:colcon.colcon_core.shell:Creating environment descriptor '/root/workspaces/turtlebot_operation_norasheikhly/install/obstacle_interfaces/share/obstacle_interfaces/hook/pythonpath.dsv'
[5.671s] INFO:colcon.colcon_core.shell:Creating environment hook '/root/workspaces/turtlebot_operation_norasheikhly/install/obstacle_interfaces/share/obstacle_interfaces/hook/pythonpath.sh'
[5.686s] Level 1:colcon.colcon_core.environment:checking '/root/workspaces/turtlebot_operation_norasheikhly/install/obstacle_interfaces/bin'
[5.687s] INFO:colcon.colcon_core.shell:Creating package script '/root/workspaces/turtlebot_operation_norasheikhly/install/obstacle_interfaces/share/obstacle_interfaces/package.ps1'
[5.705s] INFO:colcon.colcon_core.shell:Creating package descriptor '/root/workspaces/turtlebot_operation_norasheikhly/install/obstacle_interfaces/share/obstacle_interfaces/package.dsv'
[5.720s] INFO:colcon.colcon_core.shell:Creating package script '/root/workspaces/turtlebot_operation_norasheikhly/install/obstacle_interfaces/share/obstacle_interfaces/package.sh'
[5.735s] INFO:colcon.colcon_core.shell:Creating package script '/root/workspaces/turtlebot_operation_norasheikhly/install/obstacle_interfaces/share/obstacle_interfaces/package.bash'
[5.750s] INFO:colcon.colcon_core.shell:Creating package script '/root/workspaces/turtlebot_operation_norasheikhly/install/obstacle_interfaces/share/obstacle_interfaces/package.zsh'
[5.765s] Level 1:colcon.colcon_core.environment:create_file_with_runtime_dependencies(/root/workspaces/turtlebot_operation_norasheikhly/install/obstacle_interfaces/share/colcon-core/packages/obstacle_interfaces)
[5.779s] INFO:colcon.colcon_ros.task.ament_python.build:Building ROS package in '/root/workspaces/turtlebot_operation_norasheikhly/src/obstacle_controller' with build type 'ament_python'
[5.780s] Level 1:colcon.colcon_core.shell:create_environment_hook('obstacle_controller', 'ament_prefix_path')
[5.785s] INFO:colcon.colcon_core.shell:Creating environment hook '/root/workspaces/turtlebot_operation_norasheikhly/install/obstacle_controller/share/obstacle_controller/hook/ament_prefix_path.ps1'
[5.802s] INFO:colcon.colcon_core.shell:Creating environment descriptor '/root/workspaces/turtlebot_operation_norasheikhly/install/obstacle_controller/share/obstacle_controller/hook/ament_prefix_path.dsv'
[5.817s] INFO:colcon.colcon_core.shell:Creating environment hook '/root/workspaces/turtlebot_operation_norasheikhly/install/obstacle_controller/share/obstacle_controller/hook/ament_prefix_path.sh'
[5.834s] INFO:colcon.colcon_core.shell:Skip shell extension 'powershell' for command environment: Not usable outside of PowerShell
[5.834s] DEBUG:colcon.colcon_core.shell:Skip shell extension 'dsv' for command environment
[6.326s] INFO:colcon.colcon_core.task.python.build:Building Python package in '/root/workspaces/turtlebot_operation_norasheikhly/src/obstacle_controller'
[6.327s] INFO:colcon.colcon_core.shell:Skip shell extension 'powershell' for command environment: Not usable outside of PowerShell
[6.331s] DEBUG:colcon.colcon_core.shell:Skip shell extension 'dsv' for command environment
[7.525s] DEBUG:colcon.colcon_core.task.python.build:Available setuptools commands: install, install_lib, setopt, install_egg_info, clean, bdist_wheel, compile_catalog, test, upload, register, build_ext, rotate, bdist_dumb, bdist_egg, extract_messages, bdist_rpm, bdist, egg_info, install_scripts, build_clib, sdist, build, symlink_data, install_data, editable_wheel, install_headers, check, build_scripts, easy_install, init_catalog, upload_docs, update_catalog, dist_info, build_py, develop, alias, saveopts
[7.565s] DEBUG:colcon.colcon_core.event_handler.log_command:Invoking command in '/root/workspaces/turtlebot_operation_norasheikhly/src/obstacle_controller': AMENT_PREFIX_PATH=/root/workspaces/turtlebot_operation_norasheikhly/install/obstacle_interfaces:${AMENT_PREFIX_PATH} CMAKE_PREFIX_PATH=/root/workspaces/turtlebot_operation_norasheikhly/install/obstacle_interfaces:${CMAKE_PREFIX_PATH} LD_LIBRARY_PATH=/root/workspaces/turtlebot_operation_norasheikhly/install/obstacle_interfaces/lib:${LD_LIBRARY_PATH} PYTHONPATH=/root/workspaces/turtlebot_operation_norasheikhly/build/obstacle_controller/prefix_override:/usr/lib/python3/dist-packages/colcon_core/task/python/colcon_distutils_commands:/root/workspaces/turtlebot_operation_norasheikhly/install/obstacle_controller/lib/python3.12/site-packages:/root/workspaces/turtlebot_operation_norasheikhly/install/obstacle_interfaces/lib/python3.12/site-packages:${PYTHONPATH} /usr/bin/python3 -W ignore:setup.py install is deprecated -W ignore:easy_install command is deprecated setup.py egg_info --egg-base ../../build/obstacle_controller build --build-base /root/workspaces/turtlebot_operation_norasheikhly/build/obstacle_controller/build install --record /root/workspaces/turtlebot_operation_norasheikhly/build/obstacle_controller/install.log --install-scripts $base/lib/obstacle_controller --single-version-externally-managed install_data
[9.010s] Level 1:colcon.colcon_core.environment:checking '/root/workspaces/turtlebot_operation_norasheikhly/install/obstacle_controller' for CMake module files
[9.011s] DEBUG:colcon.colcon_core.event_handler.log_command:Invoked command in '/root/workspaces/turtlebot_operation_norasheikhly/src/obstacle_controller' returned '0': AMENT_PREFIX_PATH=/root/workspaces/turtlebot_operation_norasheikhly/install/obstacle_interfaces:${AMENT_PREFIX_PATH} CMAKE_PREFIX_PATH=/root/workspaces/turtlebot_operation_norasheikhly/install/obstacle_interfaces:${CMAKE_PREFIX_PATH} LD_LIBRARY_PATH=/root/workspaces/turtlebot_operation_norasheikhly/install/obstacle_interfaces/lib:${LD_LIBRARY_PATH} PYTHONPATH=/root/workspaces/turtlebot_operation_norasheikhly/build/obstacle_controller/prefix_override:/usr/lib/python3/dist-packages/colcon_core/task/python/colcon_distutils_commands:/root/workspaces/turtlebot_operation_norasheikhly/install/obstacle_controller/lib/python3.12/site-packages:/root/workspaces/turtlebot_operation_norasheikhly/install/obstacle_interfaces/lib/python3.12/site-packages:${PYTHONPATH} /usr/bin/python3 -W ignore:setup.py install is deprecated -W ignore:easy_install command is deprecated setup.py egg_info --egg-base ../../build/obstacle_controller build --build-base /root/workspaces/turtlebot_operation_norasheikhly/build/obstacle_controller/build install --record /root/workspaces/turtlebot_operation_norasheikhly/build/obstacle_controller/install.log --install-scripts $base/lib/obstacle_controller --single-version-externally-managed install_data
[9.038s] Level 1:colcon.colcon_core.environment:checking '/root/workspaces/turtlebot_operation_norasheikhly/install/obstacle_controller' for CMake config files
[9.054s] Level 1:colcon.colcon_core.environment:checking '/root/workspaces/turtlebot_operation_norasheikhly/install/obstacle_controller/lib'
[9.055s] Level 1:colcon.colcon_core.environment:checking '/root/workspaces/turtlebot_operation_norasheikhly/install/obstacle_controller/bin'
[9.060s] Level 1:colcon.colcon_core.environment:checking '/root/workspaces/turtlebot_operation_norasheikhly/install/obstacle_controller/lib/pkgconfig/obstacle_controller.pc'
[9.066s] Level 1:colcon.colcon_core.environment:checking '/root/workspaces/turtlebot_operation_norasheikhly/install/obstacle_controller/lib/python3.12/site-packages'
[9.070s] Level 1:colcon.colcon_core.shell:create_environment_hook('obstacle_controller', 'pythonpath')
[9.074s] INFO:colcon.colcon_core.shell:Creating environment hook '/root/workspaces/turtlebot_operation_norasheikhly/install/obstacle_controller/share/obstacle_controller/hook/pythonpath.ps1'
[9.096s] INFO:colcon.colcon_core.shell:Creating environment descriptor '/root/workspaces/turtlebot_operation_norasheikhly/install/obstacle_controller/share/obstacle_controller/hook/pythonpath.dsv'
[9.111s] INFO:colcon.colcon_core.shell:Creating environment hook '/root/workspaces/turtlebot_operation_norasheikhly/install/obstacle_controller/share/obstacle_controller/hook/pythonpath.sh'
[9.126s] Level 1:colcon.colcon_core.environment:checking '/root/workspaces/turtlebot_operation_norasheikhly/install/obstacle_controller/bin'
[9.126s] Level 1:colcon.colcon_core.environment:create_environment_scripts_only(obstacle_controller)
[9.131s] INFO:colcon.colcon_core.shell:Creating package script '/root/workspaces/turtlebot_operation_norasheikhly/install/obstacle_controller/share/obstacle_controller/package.ps1'
[9.150s] INFO:colcon.colcon_core.shell:Creating package descriptor '/root/workspaces/turtlebot_operation_norasheikhly/install/obstacle_controller/share/obstacle_controller/package.dsv'
[9.164s] INFO:colcon.colcon_core.shell:Creating package script '/root/workspaces/turtlebot_operation_norasheikhly/install/obstacle_controller/share/obstacle_controller/package.sh'
[9.179s] INFO:colcon.colcon_core.shell:Creating package script '/root/workspaces/turtlebot_operation_norasheikhly/install/obstacle_controller/share/obstacle_controller/package.bash'
[9.192s] INFO:colcon.colcon_core.shell:Creating package script '/root/workspaces/turtlebot_operation_norasheikhly/install/obstacle_controller/share/obstacle_controller/package.zsh'
[9.207s] Level 1:colcon.colcon_core.environment:create_file_with_runtime_dependencies(/root/workspaces/turtlebot_operation_norasheikhly/install/obstacle_controller/share/colcon-core/packages/obstacle_controller)
[9.223s] DEBUG:colcon.colcon_parallel_executor.executor.parallel:closing loop
[9.223s] DEBUG:colcon.colcon_parallel_executor.executor.parallel:loop closed
[9.228s] DEBUG:colcon.colcon_parallel_executor.executor.parallel:run_until_complete finished with '0'
[9.228s] DEBUG:colcon.colcon_core.event_reactor:joining thread
[9.263s] INFO:colcon.colcon_core.plugin_system:Skipping extension 'colcon_notification.desktop_notification.notify_send': Could not find 'notify-send'
[9.264s] INFO:colcon.colcon_core.plugin_system:Skipping extension 'colcon_notification.desktop_notification.terminal_notifier': Not used on non-Darwin systems
[9.271s] INFO:colcon.colcon_core.plugin_system:Skipping extension 'colcon_notification.desktop_notification.win32': Not used on non-Windows systems
[9.276s] INFO:colcon.colcon_notification.desktop_notification:Sending desktop notification using 'notify2'
[9.286s] DEBUG:colcon.colcon_notification.desktop_notification.notify2:Failed to initialize notify2: org.freedesktop.DBus.Error.Spawn.ExecFailed: /usr/bin/dbus-launch terminated abnormally without any error message
[9.286s] DEBUG:colcon.colcon_core.event_reactor:joined thread
[9.291s] INFO:colcon.colcon_core.shell:Creating prefix script '/root/workspaces/turtlebot_operation_norasheikhly/install/local_setup.ps1'
[9.312s] INFO:colcon.colcon_core.shell:Creating prefix util module '/root/workspaces/turtlebot_operation_norasheikhly/install/_local_setup_util_ps1.py'
[9.339s] INFO:colcon.colcon_core.shell:Creating prefix chain script '/root/workspaces/turtlebot_operation_norasheikhly/install/setup.ps1'
[9.364s] INFO:colcon.colcon_core.shell:Creating prefix script '/root/workspaces/turtlebot_operation_norasheikhly/install/local_setup.sh'
[9.383s] INFO:colcon.colcon_core.shell:Creating prefix util module '/root/workspaces/turtlebot_operation_norasheikhly/install/_local_setup_util_sh.py'
[9.410s] INFO:colcon.colcon_core.shell:Creating prefix chain script '/root/workspaces/turtlebot_operation_norasheikhly/install/setup.sh'
[9.435s] INFO:colcon.colcon_core.shell:Creating prefix script '/root/workspaces/turtlebot_operation_norasheikhly/install/local_setup.bash'
[9.450s] INFO:colcon.colcon_core.shell:Creating prefix chain script '/root/workspaces/turtlebot_operation_norasheikhly/install/setup.bash'
[9.474s] INFO:colcon.colcon_core.shell:Creating prefix script '/root/workspaces/turtlebot_operation_norasheikhly/install/local_setup.zsh'
[9.494s] INFO:colcon.colcon_core.shell:Creating prefix chain script '/root/workspaces/turtlebot_operation_norasheikhly/install/setup.zsh'
