[1.347s] Invoking command in '/root/workspaces/turtlebot_operation_norasheikhly/src/obstacle_controller': PYTHONPATH=/root/workspaces/turtlebot_operation_norasheikhly/src/obstacle_controller/build/obstacle_controller/prefix_override:/usr/lib/python3/dist-packages/colcon_core/task/python/colcon_distutils_commands:/root/workspaces/turtlebot_operation_norasheikhly/src/obstacle_controller/install/obstacle_controller/lib/python3.12/site-packages:${PYTHONPATH} /usr/bin/python3 -W ignore:setup.py install is deprecated -W ignore:easy_install command is deprecated setup.py egg_info --egg-base build/obstacle_controller build --build-base /root/workspaces/turtlebot_operation_norasheikhly/src/obstacle_controller/build/obstacle_controller/build install --record /root/workspaces/turtlebot_operation_norasheikhly/src/obstacle_controller/build/obstacle_controller/install.log --install-scripts $base/lib/obstacle_controller --single-version-externally-managed install_data
[1.640s] running egg_info
[1.657s] creating build/obstacle_controller/obstacle_controller.egg-info
[1.676s] writing build/obstacle_controller/obstacle_controller.egg-info/PKG-INFO
[1.700s] writing dependency_links to build/obstacle_controller/obstacle_controller.egg-info/dependency_links.txt
[1.712s] writing entry points to build/obstacle_controller/obstacle_controller.egg-info/entry_points.txt
[1.724s] writing requirements to build/obstacle_controller/obstacle_controller.egg-info/requires.txt
[1.741s] writing top-level names to build/obstacle_controller/obstacle_controller.egg-info/top_level.txt
[1.761s] writing manifest file 'build/obstacle_controller/obstacle_controller.egg-info/SOURCES.txt'
[1.813s] reading manifest file 'build/obstacle_controller/obstacle_controller.egg-info/SOURCES.txt'
[1.830s] writing manifest file 'build/obstacle_controller/obstacle_controller.egg-info/SOURCES.txt'
[1.851s] running build
[1.859s] running build_py
[1.859s] creating /root/workspaces/turtlebot_operation_norasheikhly/src/obstacle_controller/build/obstacle_controller/build
[1.859s] creating /root/workspaces/turtlebot_operation_norasheikhly/src/obstacle_controller/build/obstacle_controller/build/lib
[1.859s] creating /root/workspaces/turtlebot_operation_norasheikhly/src/obstacle_controller/build/obstacle_controller/build/lib/obstacle_controller
[1.859s] copying obstacle_controller/direction_autopilot_node.py -> /root/workspaces/turtlebot_operation_norasheikhly/src/obstacle_controller/build/obstacle_controller/build/lib/obstacle_controller
[1.880s] copying obstacle_controller/__init__.py -> /root/workspaces/turtlebot_operation_norasheikhly/src/obstacle_controller/build/obstacle_controller/build/lib/obstacle_controller
[1.897s] running install
[1.915s] running install_lib
[1.944s] creating /root/workspaces/turtlebot_operation_norasheikhly/src/obstacle_controller/install/obstacle_controller/lib/python3.12/site-packages/obstacle_controller
[1.960s] copying /root/workspaces/turtlebot_operation_norasheikhly/src/obstacle_controller/build/obstacle_controller/build/lib/obstacle_controller/direction_autopilot_node.py -> /root/workspaces/turtlebot_operation_norasheikhly/src/obstacle_controller/install/obstacle_controller/lib/python3.12/site-packages/obstacle_controller
[1.982s] copying /root/workspaces/turtlebot_operation_norasheikhly/src/obstacle_controller/build/obstacle_controller/build/lib/obstacle_controller/__init__.py -> /root/workspaces/turtlebot_operation_norasheikhly/src/obstacle_controller/install/obstacle_controller/lib/python3.12/site-packages/obstacle_controller
[2.004s] byte-compiling /root/workspaces/turtlebot_operation_norasheikhly/src/obstacle_controller/install/obstacle_controller/lib/python3.12/site-packages/obstacle_controller/direction_autopilot_node.py to direction_autopilot_node.cpython-312.pyc
[2.012s]   File "/root/workspaces/turtlebot_operation_norasheikhly/src/obstacle_controller/install/obstacle_controller/lib/python3.12/site-packages/obstacle_controller/direction_autopilot_node.py", line 108
[2.012s]     else:
[2.012s]     ^^^^
[2.013s] SyntaxError: invalid syntax
[2.013s] 
[2.021s] byte-compiling /root/workspaces/turtlebot_operation_norasheikhly/src/obstacle_controller/install/obstacle_controller/lib/python3.12/site-packages/obstacle_controller/__init__.py to __init__.cpython-312.pyc
[2.038s] running install_data
[2.057s] creating /root/workspaces/turtlebot_operation_norasheikhly/src/obstacle_controller/install/obstacle_controller/share/ament_index
[2.076s] creating /root/workspaces/turtlebot_operation_norasheikhly/src/obstacle_controller/install/obstacle_controller/share/ament_index/resource_index
[2.088s] creating /root/workspaces/turtlebot_operation_norasheikhly/src/obstacle_controller/install/obstacle_controller/share/ament_index/resource_index/packages
[2.105s] copying resource/obstacle_controller -> /root/workspaces/turtlebot_operation_norasheikhly/src/obstacle_controller/install/obstacle_controller/share/ament_index/resource_index/packages
[2.123s] copying package.xml -> /root/workspaces/turtlebot_operation_norasheikhly/src/obstacle_controller/install/obstacle_controller/share/obstacle_controller
[2.123s] running install_egg_info
[2.133s] Copying build/obstacle_controller/obstacle_controller.egg-info to /root/workspaces/turtlebot_operation_norasheikhly/src/obstacle_controller/install/obstacle_controller/lib/python3.12/site-packages/obstacle_controller-0.0.0-py3.12.egg-info
[2.328s] running install_scripts
[2.533s] Installing cmd_vel_publisher script to /root/workspaces/turtlebot_operation_norasheikhly/src/obstacle_controller/install/obstacle_controller/lib/obstacle_controller
[2.554s] Installing cmd_vel_subscriber script to /root/workspaces/turtlebot_operation_norasheikhly/src/obstacle_controller/install/obstacle_controller/lib/obstacle_controller
[2.572s] Installing direction_autopilot_node script to /root/workspaces/turtlebot_operation_norasheikhly/src/obstacle_controller/install/obstacle_controller/lib/obstacle_controller
[2.590s] writing list of installed files to '/root/workspaces/turtlebot_operation_norasheikhly/src/obstacle_controller/build/obstacle_controller/install.log'
[2.629s] Invoked command in '/root/workspaces/turtlebot_operation_norasheikhly/src/obstacle_controller' returned '0': PYTHONPATH=/root/workspaces/turtlebot_operation_norasheikhly/src/obstacle_controller/build/obstacle_controller/prefix_override:/usr/lib/python3/dist-packages/colcon_core/task/python/colcon_distutils_commands:/root/workspaces/turtlebot_operation_norasheikhly/src/obstacle_controller/install/obstacle_controller/lib/python3.12/site-packages:${PYTHONPATH} /usr/bin/python3 -W ignore:setup.py install is deprecated -W ignore:easy_install command is deprecated setup.py egg_info --egg-base build/obstacle_controller build --build-base /root/workspaces/turtlebot_operation_norasheikhly/src/obstacle_controller/build/obstacle_controller/build install --record /root/workspaces/turtlebot_operation_norasheikhly/src/obstacle_controller/build/obstacle_controller/install.log --install-scripts $base/lib/obstacle_controller --single-version-externally-managed install_data
