[0.190s] DEBUG:colcon:Command line arguments: ['/usr/bin/colcon', 'build', '--packages-select', 'turtlebot_controller']
[0.190s] DEBUG:colcon:Parsed command line arguments: Namespace(log_base=None, log_level=None, verb_name='build', build_base='build', install_base='install', merge_install=False, symlink_install=False, test_result_base=None, continue_on_error=False, executor='parallel', parallel_workers=4, event_handlers=None, ignore_user_meta=False, metas=['./colcon.meta'], base_paths=['.'], packages_ignore=None, packages_ignore_regex=None, paths=None, packages_up_to=None, packages_up_to_regex=None, packages_above=None, packages_above_and_dependencies=None, packages_above_depth=None, packages_select_by_dep=None, packages_skip_by_dep=None, packages_skip_up_to=None, packages_select_build_failed=False, packages_skip_build_finished=False, packages_select_test_failures=False, packages_skip_test_passed=False, packages_select=['turtlebot_controller'], packages_skip=None, packages_select_regex=None, packages_skip_regex=None, packages_start=None, packages_end=None, allow_overriding=[], cmake_args=None, cmake_target=None, cmake_target_skip_unavailable=False, cmake_clean_cache=False, cmake_clean_first=False, cmake_force_configure=False, ament_cmake_args=None, catkin_cmake_args=None, catkin_skip_building_tests=False, verb_parser=<colcon_defaults.argument_parser.defaults.DefaultArgumentsDecorator object at 0x7f2a0b635310>, verb_extension=<colcon_core.verb.build.BuildVerb object at 0x7f2a0b6350a0>, main=<bound method BuildVerb.main of <colcon_core.verb.build.BuildVerb object at 0x7f2a0b6350a0>>)
[0.258s] Level 1:colcon.colcon_core.package_discovery:discover_packages(colcon_meta) check parameters
[0.258s] Level 1:colcon.colcon_core.package_discovery:discover_packages(recursive) check parameters
[0.262s] Level 1:colcon.colcon_core.package_discovery:discover_packages(ignore) check parameters
[0.266s] Level 1:colcon.colcon_core.package_discovery:discover_packages(path) check parameters
[0.272s] Level 1:colcon.colcon_core.package_discovery:discover_packages(colcon_meta) discover
[0.276s] Level 1:colcon.colcon_core.package_discovery:discover_packages(recursive) discover
[0.280s] INFO:colcon.colcon_core.package_discovery:Crawling recursively for packages in '/root/workspaces/turtlebot-controller-nora-elsheikhly'
[0.285s] Level 1:colcon.colcon_core.package_identification:_identify(.) by extensions ['ignore', 'ignore_ament_install']
[0.288s] Level 1:colcon.colcon_core.package_identification:_identify(.) by extension 'ignore'
[0.292s] Level 1:colcon.colcon_core.package_identification:_identify(.) by extension 'ignore_ament_install'
[0.296s] Level 1:colcon.colcon_core.package_identification:_identify(.) by extensions ['colcon_pkg']
[0.300s] Level 1:colcon.colcon_core.package_identification:_identify(.) by extension 'colcon_pkg'
[0.303s] Level 1:colcon.colcon_core.package_identification:_identify(.) by extensions ['colcon_meta']
[0.307s] Level 1:colcon.colcon_core.package_identification:_identify(.) by extension 'colcon_meta'
[0.311s] Level 1:colcon.colcon_core.package_identification:_identify(.) by extensions ['ros']
[0.315s] Level 1:colcon.colcon_core.package_identification:_identify(.) by extension 'ros'
[0.355s] Level 1:colcon.colcon_core.package_identification:_identify(.) by extensions ['cmake', 'python']
[0.355s] Level 1:colcon.colcon_core.package_identification:_identify(.) by extension 'cmake'
[0.361s] Level 1:colcon.colcon_core.package_identification:_identify(.) by extension 'python'
[0.365s] Level 1:colcon.colcon_core.package_identification:_identify(.) by extensions ['python_setup_py']
[0.370s] Level 1:colcon.colcon_core.package_identification:_identify(.) by extension 'python_setup_py'
[0.375s] Level 1:colcon.colcon_core.package_identification:_identify(build) by extensions ['ignore', 'ignore_ament_install']
[0.382s] Level 1:colcon.colcon_core.package_identification:_identify(build) by extension 'ignore'
[0.386s] Level 1:colcon.colcon_core.package_identification:_identify(build) ignored
[0.390s] Level 1:colcon.colcon_core.package_identification:_identify(install) by extensions ['ignore', 'ignore_ament_install']
[0.394s] Level 1:colcon.colcon_core.package_identification:_identify(install) by extension 'ignore'
[0.402s] Level 1:colcon.colcon_core.package_identification:_identify(install) ignored
[0.414s] Level 1:colcon.colcon_core.package_identification:_identify(log) by extensions ['ignore', 'ignore_ament_install']
[0.415s] Level 1:colcon.colcon_core.package_identification:_identify(log) by extension 'ignore'
[0.418s] Level 1:colcon.colcon_core.package_identification:_identify(log) ignored
[0.426s] Level 1:colcon.colcon_core.package_identification:_identify(src) by extensions ['ignore', 'ignore_ament_install']
[0.429s] Level 1:colcon.colcon_core.package_identification:_identify(src) by extension 'ignore'
[0.433s] Level 1:colcon.colcon_core.package_identification:_identify(src) by extension 'ignore_ament_install'
[0.437s] Level 1:colcon.colcon_core.package_identification:_identify(src) by extensions ['colcon_pkg']
[0.441s] Level 1:colcon.colcon_core.package_identification:_identify(src) by extension 'colcon_pkg'
[0.442s] Level 1:colcon.colcon_core.package_identification:_identify(src) by extensions ['colcon_meta']
[0.442s] Level 1:colcon.colcon_core.package_identification:_identify(src) by extension 'colcon_meta'
[0.442s] Level 1:colcon.colcon_core.package_identification:_identify(src) by extensions ['ros']
[0.442s] Level 1:colcon.colcon_core.package_identification:_identify(src) by extension 'ros'
[0.442s] Level 1:colcon.colcon_core.package_identification:_identify(src) by extensions ['cmake', 'python']
[0.442s] Level 1:colcon.colcon_core.package_identification:_identify(src) by extension 'cmake'
[0.442s] Level 1:colcon.colcon_core.package_identification:_identify(src) by extension 'python'
[0.442s] Level 1:colcon.colcon_core.package_identification:_identify(src) by extensions ['python_setup_py']
[0.449s] Level 1:colcon.colcon_core.package_identification:_identify(src) by extension 'python_setup_py'
[0.454s] Level 1:colcon.colcon_core.package_identification:_identify(src/turtlebot_controller) by extensions ['ignore', 'ignore_ament_install']
[0.457s] Level 1:colcon.colcon_core.package_identification:_identify(src/turtlebot_controller) by extension 'ignore'
[0.463s] Level 1:colcon.colcon_core.package_identification:_identify(src/turtlebot_controller) by extension 'ignore_ament_install'
[0.467s] Level 1:colcon.colcon_core.package_identification:_identify(src/turtlebot_controller) by extensions ['colcon_pkg']
[0.471s] Level 1:colcon.colcon_core.package_identification:_identify(src/turtlebot_controller) by extension 'colcon_pkg'
[0.475s] Level 1:colcon.colcon_core.package_identification:_identify(src/turtlebot_controller) by extensions ['colcon_meta']
[0.479s] Level 1:colcon.colcon_core.package_identification:_identify(src/turtlebot_controller) by extension 'colcon_meta'
[0.483s] Level 1:colcon.colcon_core.package_identification:_identify(src/turtlebot_controller) by extensions ['ros']
[0.487s] Level 1:colcon.colcon_core.package_identification:_identify(src/turtlebot_controller) by extension 'ros'
[0.497s] DEBUG:colcon.colcon_core.package_identification:Package 'src/turtlebot_controller' with type 'ros.ament_python' and name 'turtlebot_controller'
[0.497s] Level 1:colcon.colcon_core.package_identification:_identify(turtlebot-controller-nora-elsheikhly) by extensions ['ignore', 'ignore_ament_install']
[0.500s] Level 1:colcon.colcon_core.package_identification:_identify(turtlebot-controller-nora-elsheikhly) by extension 'ignore'
[0.505s] Level 1:colcon.colcon_core.package_identification:_identify(turtlebot-controller-nora-elsheikhly) by extension 'ignore_ament_install'
[0.509s] Level 1:colcon.colcon_core.package_identification:_identify(turtlebot-controller-nora-elsheikhly) by extensions ['colcon_pkg']
[0.513s] Level 1:colcon.colcon_core.package_identification:_identify(turtlebot-controller-nora-elsheikhly) by extension 'colcon_pkg'
[0.521s] Level 1:colcon.colcon_core.package_identification:_identify(turtlebot-controller-nora-elsheikhly) by extensions ['colcon_meta']
[0.525s] Level 1:colcon.colcon_core.package_identification:_identify(turtlebot-controller-nora-elsheikhly) by extension 'colcon_meta'
[0.529s] Level 1:colcon.colcon_core.package_identification:_identify(turtlebot-controller-nora-elsheikhly) by extensions ['ros']
[0.533s] Level 1:colcon.colcon_core.package_identification:_identify(turtlebot-controller-nora-elsheikhly) by extension 'ros'
[0.537s] Level 1:colcon.colcon_core.package_identification:_identify(turtlebot-controller-nora-elsheikhly) by extensions ['cmake', 'python']
[0.541s] Level 1:colcon.colcon_core.package_identification:_identify(turtlebot-controller-nora-elsheikhly) by extension 'cmake'
[0.545s] Level 1:colcon.colcon_core.package_identification:_identify(turtlebot-controller-nora-elsheikhly) by extension 'python'
[0.548s] Level 1:colcon.colcon_core.package_identification:_identify(turtlebot-controller-nora-elsheikhly) by extensions ['python_setup_py']
[0.552s] Level 1:colcon.colcon_core.package_identification:_identify(turtlebot-controller-nora-elsheikhly) by extension 'python_setup_py'
[0.557s] Level 1:colcon.colcon_core.package_identification:_identify(turtlebot-controller-nora-elsheikhly/data) by extensions ['ignore', 'ignore_ament_install']
[0.560s] Level 1:colcon.colcon_core.package_identification:_identify(turtlebot-controller-nora-elsheikhly/data) by extension 'ignore'
[0.569s] Level 1:colcon.colcon_core.package_identification:_identify(turtlebot-controller-nora-elsheikhly/data) by extension 'ignore_ament_install'
[0.573s] Level 1:colcon.colcon_core.package_identification:_identify(turtlebot-controller-nora-elsheikhly/data) by extensions ['colcon_pkg']
[0.577s] Level 1:colcon.colcon_core.package_identification:_identify(turtlebot-controller-nora-elsheikhly/data) by extension 'colcon_pkg'
[0.581s] Level 1:colcon.colcon_core.package_identification:_identify(turtlebot-controller-nora-elsheikhly/data) by extensions ['colcon_meta']
[0.585s] Level 1:colcon.colcon_core.package_identification:_identify(turtlebot-controller-nora-elsheikhly/data) by extension 'colcon_meta'
[0.590s] Level 1:colcon.colcon_core.package_identification:_identify(turtlebot-controller-nora-elsheikhly/data) by extensions ['ros']
[0.595s] Level 1:colcon.colcon_core.package_identification:_identify(turtlebot-controller-nora-elsheikhly/data) by extension 'ros'
[0.599s] Level 1:colcon.colcon_core.package_identification:_identify(turtlebot-controller-nora-elsheikhly/data) by extensions ['cmake', 'python']
[0.603s] Level 1:colcon.colcon_core.package_identification:_identify(turtlebot-controller-nora-elsheikhly/data) by extension 'cmake'
[0.608s] Level 1:colcon.colcon_core.package_identification:_identify(turtlebot-controller-nora-elsheikhly/data) by extension 'python'
[0.612s] Level 1:colcon.colcon_core.package_identification:_identify(turtlebot-controller-nora-elsheikhly/data) by extensions ['python_setup_py']
[0.616s] Level 1:colcon.colcon_core.package_identification:_identify(turtlebot-controller-nora-elsheikhly/data) by extension 'python_setup_py'
[0.620s] Level 1:colcon.colcon_core.package_discovery:discover_packages(recursive) using defaults
[0.624s] Level 1:colcon.colcon_core.package_discovery:discover_packages(ignore) discover
[0.628s] Level 1:colcon.colcon_core.package_discovery:discover_packages(ignore) using defaults
[0.632s] Level 1:colcon.colcon_core.package_discovery:discover_packages(path) discover
[0.636s] Level 1:colcon.colcon_core.package_discovery:discover_packages(path) using defaults
[0.670s] Level 1:colcon.colcon_core.package_discovery:discover_packages(prefix_path) check parameters
[0.670s] Level 1:colcon.colcon_core.package_discovery:discover_packages(prefix_path) discover
[0.686s] DEBUG:colcon.colcon_installed_package_information.package_discovery:Found 4 installed packages in /root/workspaces/turtlebot_ws/install
[0.690s] DEBUG:colcon.colcon_installed_package_information.package_discovery:Found 455 installed packages in /opt/ros/jazzy
[0.692s] Level 1:colcon.colcon_core.package_discovery:discover_packages(prefix_path) using defaults
[0.795s] Level 5:colcon.colcon_core.verb:set package 'turtlebot_controller' build argument 'cmake_args' from command line to 'None'
[0.795s] Level 5:colcon.colcon_core.verb:set package 'turtlebot_controller' build argument 'cmake_target' from command line to 'None'
[0.799s] Level 5:colcon.colcon_core.verb:set package 'turtlebot_controller' build argument 'cmake_target_skip_unavailable' from command line to 'False'
[0.803s] Level 5:colcon.colcon_core.verb:set package 'turtlebot_controller' build argument 'cmake_clean_cache' from command line to 'False'
[0.807s] Level 5:colcon.colcon_core.verb:set package 'turtlebot_controller' build argument 'cmake_clean_first' from command line to 'False'
[0.811s] Level 5:colcon.colcon_core.verb:set package 'turtlebot_controller' build argument 'cmake_force_configure' from command line to 'False'
[0.815s] Level 5:colcon.colcon_core.verb:set package 'turtlebot_controller' build argument 'ament_cmake_args' from command line to 'None'
[0.820s] Level 5:colcon.colcon_core.verb:set package 'turtlebot_controller' build argument 'catkin_cmake_args' from command line to 'None'
[0.824s] Level 5:colcon.colcon_core.verb:set package 'turtlebot_controller' build argument 'catkin_skip_building_tests' from command line to 'False'
[0.828s] DEBUG:colcon.colcon_core.verb:Building package 'turtlebot_controller' with the following arguments: {'ament_cmake_args': None, 'build_base': '/root/workspaces/turtlebot-controller-nora-elsheikhly/build/turtlebot_controller', 'catkin_cmake_args': None, 'catkin_skip_building_tests': False, 'cmake_args': None, 'cmake_clean_cache': False, 'cmake_clean_first': False, 'cmake_force_configure': False, 'cmake_target': None, 'cmake_target_skip_unavailable': False, 'install_base': '/root/workspaces/turtlebot-controller-nora-elsheikhly/install/turtlebot_controller', 'merge_install': False, 'path': '/root/workspaces/turtlebot-controller-nora-elsheikhly/src/turtlebot_controller', 'symlink_install': False, 'test_result_base': None}
[0.832s] INFO:colcon.colcon_core.executor:Executing jobs using 'parallel' executor
[0.838s] DEBUG:colcon.colcon_parallel_executor.executor.parallel:run_until_complete
[0.842s] INFO:colcon.colcon_ros.task.ament_python.build:Building ROS package in '/root/workspaces/turtlebot-controller-nora-elsheikhly/src/turtlebot_controller' with build type 'ament_python'
[0.845s] Level 1:colcon.colcon_core.shell:create_environment_hook('turtlebot_controller', 'ament_prefix_path')
[0.848s] INFO:colcon.colcon_core.plugin_system:Skipping extension 'colcon_core.shell.bat': Not used on non-Windows systems
[0.849s] INFO:colcon.colcon_core.shell:Creating environment hook '/root/workspaces/turtlebot-controller-nora-elsheikhly/install/turtlebot_controller/share/turtlebot_controller/hook/ament_prefix_path.ps1'
[0.864s] INFO:colcon.colcon_core.shell:Creating environment descriptor '/root/workspaces/turtlebot-controller-nora-elsheikhly/install/turtlebot_controller/share/turtlebot_controller/hook/ament_prefix_path.dsv'
[0.877s] INFO:colcon.colcon_core.shell:Creating environment hook '/root/workspaces/turtlebot-controller-nora-elsheikhly/install/turtlebot_controller/share/turtlebot_controller/hook/ament_prefix_path.sh'
[0.891s] INFO:colcon.colcon_core.shell:Skip shell extension 'powershell' for command environment: Not usable outside of PowerShell
[0.891s] DEBUG:colcon.colcon_core.shell:Skip shell extension 'dsv' for command environment
[1.293s] INFO:colcon.colcon_core.task.python.build:Building Python package in '/root/workspaces/turtlebot-controller-nora-elsheikhly/src/turtlebot_controller'
[1.293s] INFO:colcon.colcon_core.shell:Skip shell extension 'powershell' for command environment: Not usable outside of PowerShell
[1.298s] DEBUG:colcon.colcon_core.shell:Skip shell extension 'dsv' for command environment
[2.364s] DEBUG:colcon.colcon_core.task.python.build:Available setuptools commands: saveopts, build_py, install_lib, easy_install, upload_docs, bdist_egg, symlink_data, build_clib, install_egg_info, extract_messages, clean, install_scripts, bdist, sdist, bdist_wheel, alias, test, install, init_catalog, rotate, bdist_dumb, register, update_catalog, build_ext, egg_info, bdist_rpm, check, editable_wheel, build, build_scripts, dist_info, install_headers, install_data, develop, compile_catalog, setopt, upload
[2.406s] DEBUG:colcon.colcon_core.event_handler.log_command:Invoking command in '/root/workspaces/turtlebot-controller-nora-elsheikhly/src/turtlebot_controller': PYTHONPATH=/root/workspaces/turtlebot-controller-nora-elsheikhly/build/turtlebot_controller/prefix_override:/usr/lib/python3/dist-packages/colcon_core/task/python/colcon_distutils_commands:/root/workspaces/turtlebot-controller-nora-elsheikhly/install/turtlebot_controller/lib/python3.12/site-packages:${PYTHONPATH} /usr/bin/python3 -W ignore:setup.py install is deprecated -W ignore:easy_install command is deprecated setup.py egg_info --egg-base ../../build/turtlebot_controller build --build-base /root/workspaces/turtlebot-controller-nora-elsheikhly/build/turtlebot_controller/build install --record /root/workspaces/turtlebot-controller-nora-elsheikhly/build/turtlebot_controller/install.log --install-scripts $base/lib/turtlebot_controller --single-version-externally-managed install_data
[3.803s] DEBUG:colcon.colcon_core.event_handler.log_command:Invoked command in '/root/workspaces/turtlebot-controller-nora-elsheikhly/src/turtlebot_controller' returned '0': PYTHONPATH=/root/workspaces/turtlebot-controller-nora-elsheikhly/build/turtlebot_controller/prefix_override:/usr/lib/python3/dist-packages/colcon_core/task/python/colcon_distutils_commands:/root/workspaces/turtlebot-controller-nora-elsheikhly/install/turtlebot_controller/lib/python3.12/site-packages:${PYTHONPATH} /usr/bin/python3 -W ignore:setup.py install is deprecated -W ignore:easy_install command is deprecated setup.py egg_info --egg-base ../../build/turtlebot_controller build --build-base /root/workspaces/turtlebot-controller-nora-elsheikhly/build/turtlebot_controller/build install --record /root/workspaces/turtlebot-controller-nora-elsheikhly/build/turtlebot_controller/install.log --install-scripts $base/lib/turtlebot_controller --single-version-externally-managed install_data
[3.806s] Level 1:colcon.colcon_core.environment:checking '/root/workspaces/turtlebot-controller-nora-elsheikhly/install/turtlebot_controller' for CMake module files
[3.814s] Level 1:colcon.colcon_core.environment:checking '/root/workspaces/turtlebot-controller-nora-elsheikhly/install/turtlebot_controller' for CMake config files
[3.827s] Level 1:colcon.colcon_core.environment:checking '/root/workspaces/turtlebot-controller-nora-elsheikhly/install/turtlebot_controller/lib'
[3.828s] Level 1:colcon.colcon_core.environment:checking '/root/workspaces/turtlebot-controller-nora-elsheikhly/install/turtlebot_controller/bin'
[3.831s] Level 1:colcon.colcon_core.environment:checking '/root/workspaces/turtlebot-controller-nora-elsheikhly/install/turtlebot_controller/lib/pkgconfig/turtlebot_controller.pc'
[3.835s] Level 1:colcon.colcon_core.environment:checking '/root/workspaces/turtlebot-controller-nora-elsheikhly/install/turtlebot_controller/lib/python3.12/site-packages'
[3.839s] Level 1:colcon.colcon_core.shell:create_environment_hook('turtlebot_controller', 'pythonpath')
[3.844s] INFO:colcon.colcon_core.shell:Creating environment hook '/root/workspaces/turtlebot-controller-nora-elsheikhly/install/turtlebot_controller/share/turtlebot_controller/hook/pythonpath.ps1'
[3.863s] INFO:colcon.colcon_core.shell:Creating environment descriptor '/root/workspaces/turtlebot-controller-nora-elsheikhly/install/turtlebot_controller/share/turtlebot_controller/hook/pythonpath.dsv'
[3.877s] INFO:colcon.colcon_core.shell:Creating environment hook '/root/workspaces/turtlebot-controller-nora-elsheikhly/install/turtlebot_controller/share/turtlebot_controller/hook/pythonpath.sh'
[3.895s] Level 1:colcon.colcon_core.environment:checking '/root/workspaces/turtlebot-controller-nora-elsheikhly/install/turtlebot_controller/bin'
[3.895s] Level 1:colcon.colcon_core.environment:create_environment_scripts_only(turtlebot_controller)
[3.904s] INFO:colcon.colcon_core.shell:Creating package script '/root/workspaces/turtlebot-controller-nora-elsheikhly/install/turtlebot_controller/share/turtlebot_controller/package.ps1'
[3.922s] INFO:colcon.colcon_core.shell:Creating package descriptor '/root/workspaces/turtlebot-controller-nora-elsheikhly/install/turtlebot_controller/share/turtlebot_controller/package.dsv'
[3.938s] INFO:colcon.colcon_core.shell:Creating package script '/root/workspaces/turtlebot-controller-nora-elsheikhly/install/turtlebot_controller/share/turtlebot_controller/package.sh'
[3.954s] INFO:colcon.colcon_core.shell:Creating package script '/root/workspaces/turtlebot-controller-nora-elsheikhly/install/turtlebot_controller/share/turtlebot_controller/package.bash'
[3.968s] INFO:colcon.colcon_core.shell:Creating package script '/root/workspaces/turtlebot-controller-nora-elsheikhly/install/turtlebot_controller/share/turtlebot_controller/package.zsh'
[3.981s] Level 1:colcon.colcon_core.environment:create_file_with_runtime_dependencies(/root/workspaces/turtlebot-controller-nora-elsheikhly/install/turtlebot_controller/share/colcon-core/packages/turtlebot_controller)
[3.993s] DEBUG:colcon.colcon_parallel_executor.executor.parallel:closing loop
[3.993s] DEBUG:colcon.colcon_parallel_executor.executor.parallel:loop closed
[3.997s] DEBUG:colcon.colcon_parallel_executor.executor.parallel:run_until_complete finished with '0'
[3.997s] DEBUG:colcon.colcon_core.event_reactor:joining thread
[4.022s] INFO:colcon.colcon_core.plugin_system:Skipping extension 'colcon_notification.desktop_notification.notify_send': Could not find 'notify-send'
[4.022s] INFO:colcon.colcon_core.plugin_system:Skipping extension 'colcon_notification.desktop_notification.terminal_notifier': Not used on non-Darwin systems
[4.027s] INFO:colcon.colcon_core.plugin_system:Skipping extension 'colcon_notification.desktop_notification.win32': Not used on non-Windows systems
[4.031s] INFO:colcon.colcon_notification.desktop_notification:Sending desktop notification using 'notify2'
[4.042s] DEBUG:colcon.colcon_notification.desktop_notification.notify2:Failed to initialize notify2: org.freedesktop.DBus.Error.Spawn.ExecFailed: /usr/bin/dbus-launch terminated abnormally without any error message
[4.042s] DEBUG:colcon.colcon_core.event_reactor:joined thread
[4.047s] INFO:colcon.colcon_core.shell:Creating prefix script '/root/workspaces/turtlebot-controller-nora-elsheikhly/install/local_setup.ps1'
[4.066s] INFO:colcon.colcon_core.shell:Creating prefix util module '/root/workspaces/turtlebot-controller-nora-elsheikhly/install/_local_setup_util_ps1.py'
[4.083s] INFO:colcon.colcon_core.shell:Creating prefix chain script '/root/workspaces/turtlebot-controller-nora-elsheikhly/install/setup.ps1'
[4.104s] INFO:colcon.colcon_core.shell:Creating prefix script '/root/workspaces/turtlebot-controller-nora-elsheikhly/install/local_setup.sh'
[4.122s] INFO:colcon.colcon_core.shell:Creating prefix util module '/root/workspaces/turtlebot-controller-nora-elsheikhly/install/_local_setup_util_sh.py'
[4.139s] INFO:colcon.colcon_core.shell:Creating prefix chain script '/root/workspaces/turtlebot-controller-nora-elsheikhly/install/setup.sh'
[4.161s] INFO:colcon.colcon_core.shell:Creating prefix script '/root/workspaces/turtlebot-controller-nora-elsheikhly/install/local_setup.bash'
[4.175s] INFO:colcon.colcon_core.shell:Creating prefix chain script '/root/workspaces/turtlebot-controller-nora-elsheikhly/install/setup.bash'
[4.194s] INFO:colcon.colcon_core.shell:Creating prefix script '/root/workspaces/turtlebot-controller-nora-elsheikhly/install/local_setup.zsh'
[4.214s] INFO:colcon.colcon_core.shell:Creating prefix chain script '/root/workspaces/turtlebot-controller-nora-elsheikhly/install/setup.zsh'
