[0.220s] DEBUG:colcon:Command line arguments: ['/usr/bin/colcon', 'build', '--packages-select', 'turtlebot_controller']
[0.220s] DEBUG:colcon:Parsed command line arguments: Namespace(log_base=None, log_level=None, verb_name='build', build_base='build', install_base='install', merge_install=False, symlink_install=False, test_result_base=None, continue_on_error=False, executor='parallel', parallel_workers=4, event_handlers=None, ignore_user_meta=False, metas=['./colcon.meta'], base_paths=['.'], packages_ignore=None, packages_ignore_regex=None, paths=None, packages_up_to=None, packages_up_to_regex=None, packages_above=None, packages_above_and_dependencies=None, packages_above_depth=None, packages_select_by_dep=None, packages_skip_by_dep=None, packages_skip_up_to=None, packages_select_build_failed=False, packages_skip_build_finished=False, packages_select_test_failures=False, packages_skip_test_passed=False, packages_select=['turtlebot_controller'], packages_skip=None, packages_select_regex=None, packages_skip_regex=None, packages_start=None, packages_end=None, allow_overriding=[], cmake_args=None, cmake_target=None, cmake_target_skip_unavailable=False, cmake_clean_cache=False, cmake_clean_first=False, cmake_force_configure=False, ament_cmake_args=None, catkin_cmake_args=None, catkin_skip_building_tests=False, verb_parser=<colcon_defaults.argument_parser.defaults.DefaultArgumentsDecorator object at 0x7f1ff03ed250>, verb_extension=<colcon_core.verb.build.BuildVerb object at 0x7f1ff03ecf50>, main=<bound method BuildVerb.main of <colcon_core.verb.build.BuildVerb object at 0x7f1ff03ecf50>>)
[0.297s] Level 1:colcon.colcon_core.package_discovery:discover_packages(colcon_meta) check parameters
[0.297s] Level 1:colcon.colcon_core.package_discovery:discover_packages(recursive) check parameters
[0.302s] Level 1:colcon.colcon_core.package_discovery:discover_packages(ignore) check parameters
[0.306s] Level 1:colcon.colcon_core.package_discovery:discover_packages(path) check parameters
[0.313s] Level 1:colcon.colcon_core.package_discovery:discover_packages(colcon_meta) discover
[0.317s] Level 1:colcon.colcon_core.package_discovery:discover_packages(recursive) discover
[0.325s] INFO:colcon.colcon_core.package_discovery:Crawling recursively for packages in '/root/workspaces/turtlebot-controller-nora-elsheikhly'
[0.334s] Level 1:colcon.colcon_core.package_identification:_identify(.) by extensions ['ignore', 'ignore_ament_install']
[0.338s] Level 1:colcon.colcon_core.package_identification:_identify(.) by extension 'ignore'
[0.342s] Level 1:colcon.colcon_core.package_identification:_identify(.) by extension 'ignore_ament_install'
[0.347s] Level 1:colcon.colcon_core.package_identification:_identify(.) by extensions ['colcon_pkg']
[0.351s] Level 1:colcon.colcon_core.package_identification:_identify(.) by extension 'colcon_pkg'
[0.356s] Level 1:colcon.colcon_core.package_identification:_identify(.) by extensions ['colcon_meta']
[0.362s] Level 1:colcon.colcon_core.package_identification:_identify(.) by extension 'colcon_meta'
[0.367s] Level 1:colcon.colcon_core.package_identification:_identify(.) by extensions ['ros']
[0.373s] Level 1:colcon.colcon_core.package_identification:_identify(.) by extension 'ros'
[0.418s] Level 1:colcon.colcon_core.package_identification:_identify(.) by extensions ['cmake', 'python']
[0.418s] Level 1:colcon.colcon_core.package_identification:_identify(.) by extension 'cmake'
[0.427s] Level 1:colcon.colcon_core.package_identification:_identify(.) by extension 'python'
[0.431s] Level 1:colcon.colcon_core.package_identification:_identify(.) by extensions ['python_setup_py']
[0.436s] Level 1:colcon.colcon_core.package_identification:_identify(.) by extension 'python_setup_py'
[0.442s] Level 1:colcon.colcon_core.package_identification:_identify(build) by extensions ['ignore', 'ignore_ament_install']
[0.445s] Level 1:colcon.colcon_core.package_identification:_identify(build) by extension 'ignore'
[0.450s] Level 1:colcon.colcon_core.package_identification:_identify(build) ignored
[0.459s] Level 1:colcon.colcon_core.package_identification:_identify(install) by extensions ['ignore', 'ignore_ament_install']
[0.466s] Level 1:colcon.colcon_core.package_identification:_identify(install) by extension 'ignore'
[0.480s] Level 1:colcon.colcon_core.package_identification:_identify(install) ignored
[0.489s] Level 1:colcon.colcon_core.package_identification:_identify(log) by extensions ['ignore', 'ignore_ament_install']
[0.489s] Level 1:colcon.colcon_core.package_identification:_identify(log) by extension 'ignore'
[0.493s] Level 1:colcon.colcon_core.package_identification:_identify(log) ignored
[0.500s] Level 1:colcon.colcon_core.package_identification:_identify(src) by extensions ['ignore', 'ignore_ament_install']
[0.504s] Level 1:colcon.colcon_core.package_identification:_identify(src) by extension 'ignore'
[0.526s] Level 1:colcon.colcon_core.package_identification:_identify(src) by extension 'ignore_ament_install'
[0.526s] Level 1:colcon.colcon_core.package_identification:_identify(src) by extensions ['colcon_pkg']
[0.526s] Level 1:colcon.colcon_core.package_identification:_identify(src) by extension 'colcon_pkg'
[0.526s] Level 1:colcon.colcon_core.package_identification:_identify(src) by extensions ['colcon_meta']
[0.526s] Level 1:colcon.colcon_core.package_identification:_identify(src) by extension 'colcon_meta'
[0.526s] Level 1:colcon.colcon_core.package_identification:_identify(src) by extensions ['ros']
[0.533s] Level 1:colcon.colcon_core.package_identification:_identify(src) by extension 'ros'
[0.538s] Level 1:colcon.colcon_core.package_identification:_identify(src) by extensions ['cmake', 'python']
[0.543s] Level 1:colcon.colcon_core.package_identification:_identify(src) by extension 'cmake'
[0.552s] Level 1:colcon.colcon_core.package_identification:_identify(src) by extension 'python'
[0.559s] Level 1:colcon.colcon_core.package_identification:_identify(src) by extensions ['python_setup_py']
[0.563s] Level 1:colcon.colcon_core.package_identification:_identify(src) by extension 'python_setup_py'
[0.568s] Level 1:colcon.colcon_core.package_identification:_identify(src/turtlebot_controller) by extensions ['ignore', 'ignore_ament_install']
[0.577s] Level 1:colcon.colcon_core.package_identification:_identify(src/turtlebot_controller) by extension 'ignore'
[0.584s] Level 1:colcon.colcon_core.package_identification:_identify(src/turtlebot_controller) by extension 'ignore_ament_install'
[0.584s] Level 1:colcon.colcon_core.package_identification:_identify(src/turtlebot_controller) by extensions ['colcon_pkg']
[0.584s] Level 1:colcon.colcon_core.package_identification:_identify(src/turtlebot_controller) by extension 'colcon_pkg'
[0.584s] Level 1:colcon.colcon_core.package_identification:_identify(src/turtlebot_controller) by extensions ['colcon_meta']
[0.584s] Level 1:colcon.colcon_core.package_identification:_identify(src/turtlebot_controller) by extension 'colcon_meta'
[0.584s] Level 1:colcon.colcon_core.package_identification:_identify(src/turtlebot_controller) by extensions ['ros']
[0.590s] Level 1:colcon.colcon_core.package_identification:_identify(src/turtlebot_controller) by extension 'ros'
[0.600s] DEBUG:colcon.colcon_core.package_identification:Package 'src/turtlebot_controller' with type 'ros.ament_python' and name 'turtlebot_controller'
[0.607s] Level 1:colcon.colcon_core.package_identification:_identify(turtlebot-controller-nora-elsheikhly) by extensions ['ignore', 'ignore_ament_install']
[0.611s] Level 1:colcon.colcon_core.package_identification:_identify(turtlebot-controller-nora-elsheikhly) by extension 'ignore'
[0.616s] Level 1:colcon.colcon_core.package_identification:_identify(turtlebot-controller-nora-elsheikhly) by extension 'ignore_ament_install'
[0.629s] Level 1:colcon.colcon_core.package_identification:_identify(turtlebot-controller-nora-elsheikhly) by extensions ['colcon_pkg']
[0.637s] Level 1:colcon.colcon_core.package_identification:_identify(turtlebot-controller-nora-elsheikhly) by extension 'colcon_pkg'
[0.642s] Level 1:colcon.colcon_core.package_identification:_identify(turtlebot-controller-nora-elsheikhly) by extensions ['colcon_meta']
[0.648s] Level 1:colcon.colcon_core.package_identification:_identify(turtlebot-controller-nora-elsheikhly) by extension 'colcon_meta'
[0.655s] Level 1:colcon.colcon_core.package_identification:_identify(turtlebot-controller-nora-elsheikhly) by extensions ['ros']
[0.660s] Level 1:colcon.colcon_core.package_identification:_identify(turtlebot-controller-nora-elsheikhly) by extension 'ros'
[0.665s] Level 1:colcon.colcon_core.package_identification:_identify(turtlebot-controller-nora-elsheikhly) by extensions ['cmake', 'python']
[0.670s] Level 1:colcon.colcon_core.package_identification:_identify(turtlebot-controller-nora-elsheikhly) by extension 'cmake'
[0.674s] Level 1:colcon.colcon_core.package_identification:_identify(turtlebot-controller-nora-elsheikhly) by extension 'python'
[0.683s] Level 1:colcon.colcon_core.package_identification:_identify(turtlebot-controller-nora-elsheikhly) by extensions ['python_setup_py']
[0.697s] Level 1:colcon.colcon_core.package_identification:_identify(turtlebot-controller-nora-elsheikhly) by extension 'python_setup_py'
[0.704s] Level 1:colcon.colcon_core.package_identification:_identify(turtlebot-controller-nora-elsheikhly/data) by extensions ['ignore', 'ignore_ament_install']
[0.708s] Level 1:colcon.colcon_core.package_identification:_identify(turtlebot-controller-nora-elsheikhly/data) by extension 'ignore'
[0.713s] Level 1:colcon.colcon_core.package_identification:_identify(turtlebot-controller-nora-elsheikhly/data) by extension 'ignore_ament_install'
[0.719s] Level 1:colcon.colcon_core.package_identification:_identify(turtlebot-controller-nora-elsheikhly/data) by extensions ['colcon_pkg']
[0.727s] Level 1:colcon.colcon_core.package_identification:_identify(turtlebot-controller-nora-elsheikhly/data) by extension 'colcon_pkg'
[0.733s] Level 1:colcon.colcon_core.package_identification:_identify(turtlebot-controller-nora-elsheikhly/data) by extensions ['colcon_meta']
[0.737s] Level 1:colcon.colcon_core.package_identification:_identify(turtlebot-controller-nora-elsheikhly/data) by extension 'colcon_meta'
[0.747s] Level 1:colcon.colcon_core.package_identification:_identify(turtlebot-controller-nora-elsheikhly/data) by extensions ['ros']
[0.751s] Level 1:colcon.colcon_core.package_identification:_identify(turtlebot-controller-nora-elsheikhly/data) by extension 'ros'
[0.756s] Level 1:colcon.colcon_core.package_identification:_identify(turtlebot-controller-nora-elsheikhly/data) by extensions ['cmake', 'python']
[0.762s] Level 1:colcon.colcon_core.package_identification:_identify(turtlebot-controller-nora-elsheikhly/data) by extension 'cmake'
[0.767s] Level 1:colcon.colcon_core.package_identification:_identify(turtlebot-controller-nora-elsheikhly/data) by extension 'python'
[0.773s] Level 1:colcon.colcon_core.package_identification:_identify(turtlebot-controller-nora-elsheikhly/data) by extensions ['python_setup_py']
[0.779s] Level 1:colcon.colcon_core.package_identification:_identify(turtlebot-controller-nora-elsheikhly/data) by extension 'python_setup_py'
[0.783s] Level 1:colcon.colcon_core.package_discovery:discover_packages(recursive) using defaults
[0.783s] Level 1:colcon.colcon_core.package_discovery:discover_packages(ignore) discover
[0.791s] Level 1:colcon.colcon_core.package_discovery:discover_packages(ignore) using defaults
[0.796s] Level 1:colcon.colcon_core.package_discovery:discover_packages(path) discover
[0.809s] Level 1:colcon.colcon_core.package_discovery:discover_packages(path) using defaults
[0.852s] Level 1:colcon.colcon_core.package_discovery:discover_packages(prefix_path) check parameters
[0.852s] Level 1:colcon.colcon_core.package_discovery:discover_packages(prefix_path) discover
[0.891s] DEBUG:colcon.colcon_installed_package_information.package_discovery:Found 1 installed packages in /root/workspaces/turtlebot-controller-nora-elsheikhly/install
[0.894s] DEBUG:colcon.colcon_installed_package_information.package_discovery:Found 4 installed packages in /root/workspaces/turtlebot_ws/install
[0.901s] DEBUG:colcon.colcon_installed_package_information.package_discovery:Found 455 installed packages in /opt/ros/jazzy
[0.906s] Level 1:colcon.colcon_core.package_discovery:discover_packages(prefix_path) using defaults
[1.021s] Level 5:colcon.colcon_core.verb:set package 'turtlebot_controller' build argument 'cmake_args' from command line to 'None'
[1.021s] Level 5:colcon.colcon_core.verb:set package 'turtlebot_controller' build argument 'cmake_target' from command line to 'None'
[1.021s] Level 5:colcon.colcon_core.verb:set package 'turtlebot_controller' build argument 'cmake_target_skip_unavailable' from command line to 'False'
[1.030s] Level 5:colcon.colcon_core.verb:set package 'turtlebot_controller' build argument 'cmake_clean_cache' from command line to 'False'
[1.034s] Level 5:colcon.colcon_core.verb:set package 'turtlebot_controller' build argument 'cmake_clean_first' from command line to 'False'
[1.040s] Level 5:colcon.colcon_core.verb:set package 'turtlebot_controller' build argument 'cmake_force_configure' from command line to 'False'
[1.044s] Level 5:colcon.colcon_core.verb:set package 'turtlebot_controller' build argument 'ament_cmake_args' from command line to 'None'
[1.049s] Level 5:colcon.colcon_core.verb:set package 'turtlebot_controller' build argument 'catkin_cmake_args' from command line to 'None'
[1.056s] Level 5:colcon.colcon_core.verb:set package 'turtlebot_controller' build argument 'catkin_skip_building_tests' from command line to 'False'
[1.063s] DEBUG:colcon.colcon_core.verb:Building package 'turtlebot_controller' with the following arguments: {'ament_cmake_args': None, 'build_base': '/root/workspaces/turtlebot-controller-nora-elsheikhly/build/turtlebot_controller', 'catkin_cmake_args': None, 'catkin_skip_building_tests': False, 'cmake_args': None, 'cmake_clean_cache': False, 'cmake_clean_first': False, 'cmake_force_configure': False, 'cmake_target': None, 'cmake_target_skip_unavailable': False, 'install_base': '/root/workspaces/turtlebot-controller-nora-elsheikhly/install/turtlebot_controller', 'merge_install': False, 'path': '/root/workspaces/turtlebot-controller-nora-elsheikhly/src/turtlebot_controller', 'symlink_install': False, 'test_result_base': None}
[1.079s] INFO:colcon.colcon_core.executor:Executing jobs using 'parallel' executor
[1.085s] DEBUG:colcon.colcon_parallel_executor.executor.parallel:run_until_complete
[1.089s] INFO:colcon.colcon_ros.task.ament_python.build:Building ROS package in '/root/workspaces/turtlebot-controller-nora-elsheikhly/src/turtlebot_controller' with build type 'ament_python'
[1.094s] Level 1:colcon.colcon_core.shell:create_environment_hook('turtlebot_controller', 'ament_prefix_path')
[1.101s] INFO:colcon.colcon_core.plugin_system:Skipping extension 'colcon_core.shell.bat': Not used on non-Windows systems
[1.101s] INFO:colcon.colcon_core.shell:Creating environment hook '/root/workspaces/turtlebot-controller-nora-elsheikhly/install/turtlebot_controller/share/turtlebot_controller/hook/ament_prefix_path.ps1'
[1.128s] INFO:colcon.colcon_core.shell:Creating environment descriptor '/root/workspaces/turtlebot-controller-nora-elsheikhly/install/turtlebot_controller/share/turtlebot_controller/hook/ament_prefix_path.dsv'
[1.145s] INFO:colcon.colcon_core.shell:Creating environment hook '/root/workspaces/turtlebot-controller-nora-elsheikhly/install/turtlebot_controller/share/turtlebot_controller/hook/ament_prefix_path.sh'
[1.176s] INFO:colcon.colcon_core.shell:Skip shell extension 'powershell' for command environment: Not usable outside of PowerShell
[1.176s] DEBUG:colcon.colcon_core.shell:Skip shell extension 'dsv' for command environment
[1.607s] INFO:colcon.colcon_core.task.python.build:Building Python package in '/root/workspaces/turtlebot-controller-nora-elsheikhly/src/turtlebot_controller'
[1.607s] INFO:colcon.colcon_core.shell:Skip shell extension 'powershell' for command environment: Not usable outside of PowerShell
[1.612s] DEBUG:colcon.colcon_core.shell:Skip shell extension 'dsv' for command environment
[2.731s] DEBUG:colcon.colcon_core.task.python.build:Available setuptools commands: saveopts, update_catalog, editable_wheel, extract_messages, clean, dist_info, check, install_data, test, install_scripts, rotate, upload_docs, egg_info, build_clib, symlink_data, build_py, register, bdist, bdist_egg, setopt, compile_catalog, install_headers, bdist_rpm, alias, upload, init_catalog, build_ext, install_lib, install, develop, install_egg_info, bdist_dumb, bdist_wheel, easy_install, build, sdist, build_scripts
[2.799s] DEBUG:colcon.colcon_core.event_handler.log_command:Invoking command in '/root/workspaces/turtlebot-controller-nora-elsheikhly/src/turtlebot_controller': PYTHONPATH=/root/workspaces/turtlebot-controller-nora-elsheikhly/build/turtlebot_controller/prefix_override:/usr/lib/python3/dist-packages/colcon_core/task/python/colcon_distutils_commands:/root/workspaces/turtlebot-controller-nora-elsheikhly/install/turtlebot_controller/lib/python3.12/site-packages:${PYTHONPATH} /usr/bin/python3 -W ignore:setup.py install is deprecated -W ignore:easy_install command is deprecated setup.py egg_info --egg-base ../../build/turtlebot_controller build --build-base /root/workspaces/turtlebot-controller-nora-elsheikhly/build/turtlebot_controller/build install --record /root/workspaces/turtlebot-controller-nora-elsheikhly/build/turtlebot_controller/install.log --install-scripts $base/lib/turtlebot_controller --single-version-externally-managed install_data
[4.144s] DEBUG:colcon.colcon_core.event_handler.log_command:Invoked command in '/root/workspaces/turtlebot-controller-nora-elsheikhly/src/turtlebot_controller' returned '0': PYTHONPATH=/root/workspaces/turtlebot-controller-nora-elsheikhly/build/turtlebot_controller/prefix_override:/usr/lib/python3/dist-packages/colcon_core/task/python/colcon_distutils_commands:/root/workspaces/turtlebot-controller-nora-elsheikhly/install/turtlebot_controller/lib/python3.12/site-packages:${PYTHONPATH} /usr/bin/python3 -W ignore:setup.py install is deprecated -W ignore:easy_install command is deprecated setup.py egg_info --egg-base ../../build/turtlebot_controller build --build-base /root/workspaces/turtlebot-controller-nora-elsheikhly/build/turtlebot_controller/build install --record /root/workspaces/turtlebot-controller-nora-elsheikhly/build/turtlebot_controller/install.log --install-scripts $base/lib/turtlebot_controller --single-version-externally-managed install_data
[4.148s] Level 1:colcon.colcon_core.environment:checking '/root/workspaces/turtlebot-controller-nora-elsheikhly/install/turtlebot_controller' for CMake module files
[4.158s] Level 1:colcon.colcon_core.environment:checking '/root/workspaces/turtlebot-controller-nora-elsheikhly/install/turtlebot_controller' for CMake config files
[4.168s] Level 1:colcon.colcon_core.environment:checking '/root/workspaces/turtlebot-controller-nora-elsheikhly/install/turtlebot_controller/lib'
[4.169s] Level 1:colcon.colcon_core.environment:checking '/root/workspaces/turtlebot-controller-nora-elsheikhly/install/turtlebot_controller/bin'
[4.176s] Level 1:colcon.colcon_core.environment:checking '/root/workspaces/turtlebot-controller-nora-elsheikhly/install/turtlebot_controller/lib/pkgconfig/turtlebot_controller.pc'
[4.185s] Level 1:colcon.colcon_core.environment:checking '/root/workspaces/turtlebot-controller-nora-elsheikhly/install/turtlebot_controller/lib/python3.12/site-packages'
[4.190s] Level 1:colcon.colcon_core.shell:create_environment_hook('turtlebot_controller', 'pythonpath')
[4.195s] INFO:colcon.colcon_core.shell:Creating environment hook '/root/workspaces/turtlebot-controller-nora-elsheikhly/install/turtlebot_controller/share/turtlebot_controller/hook/pythonpath.ps1'
[4.212s] INFO:colcon.colcon_core.shell:Creating environment descriptor '/root/workspaces/turtlebot-controller-nora-elsheikhly/install/turtlebot_controller/share/turtlebot_controller/hook/pythonpath.dsv'
[4.226s] INFO:colcon.colcon_core.shell:Creating environment hook '/root/workspaces/turtlebot-controller-nora-elsheikhly/install/turtlebot_controller/share/turtlebot_controller/hook/pythonpath.sh'
[4.241s] Level 1:colcon.colcon_core.environment:checking '/root/workspaces/turtlebot-controller-nora-elsheikhly/install/turtlebot_controller/bin'
[4.241s] Level 1:colcon.colcon_core.environment:create_environment_scripts_only(turtlebot_controller)
[4.248s] INFO:colcon.colcon_core.shell:Creating package script '/root/workspaces/turtlebot-controller-nora-elsheikhly/install/turtlebot_controller/share/turtlebot_controller/package.ps1'
[4.266s] INFO:colcon.colcon_core.shell:Creating package descriptor '/root/workspaces/turtlebot-controller-nora-elsheikhly/install/turtlebot_controller/share/turtlebot_controller/package.dsv'
[4.278s] INFO:colcon.colcon_core.shell:Creating package script '/root/workspaces/turtlebot-controller-nora-elsheikhly/install/turtlebot_controller/share/turtlebot_controller/package.sh'
[4.294s] INFO:colcon.colcon_core.shell:Creating package script '/root/workspaces/turtlebot-controller-nora-elsheikhly/install/turtlebot_controller/share/turtlebot_controller/package.bash'
[4.317s] INFO:colcon.colcon_core.shell:Creating package script '/root/workspaces/turtlebot-controller-nora-elsheikhly/install/turtlebot_controller/share/turtlebot_controller/package.zsh'
[4.333s] Level 1:colcon.colcon_core.environment:create_file_with_runtime_dependencies(/root/workspaces/turtlebot-controller-nora-elsheikhly/install/turtlebot_controller/share/colcon-core/packages/turtlebot_controller)
[4.345s] DEBUG:colcon.colcon_parallel_executor.executor.parallel:closing loop
[4.346s] DEBUG:colcon.colcon_parallel_executor.executor.parallel:loop closed
[4.350s] DEBUG:colcon.colcon_parallel_executor.executor.parallel:run_until_complete finished with '0'
[4.350s] DEBUG:colcon.colcon_core.event_reactor:joining thread
[4.373s] INFO:colcon.colcon_core.plugin_system:Skipping extension 'colcon_notification.desktop_notification.notify_send': Could not find 'notify-send'
[4.373s] INFO:colcon.colcon_core.plugin_system:Skipping extension 'colcon_notification.desktop_notification.terminal_notifier': Not used on non-Darwin systems
[4.378s] INFO:colcon.colcon_core.plugin_system:Skipping extension 'colcon_notification.desktop_notification.win32': Not used on non-Windows systems
[4.383s] INFO:colcon.colcon_notification.desktop_notification:Sending desktop notification using 'notify2'
[4.397s] DEBUG:colcon.colcon_notification.desktop_notification.notify2:Failed to initialize notify2: org.freedesktop.DBus.Error.Spawn.ExecFailed: /usr/bin/dbus-launch terminated abnormally without any error message
[4.398s] DEBUG:colcon.colcon_core.event_reactor:joined thread
[4.403s] INFO:colcon.colcon_core.shell:Creating prefix script '/root/workspaces/turtlebot-controller-nora-elsheikhly/install/local_setup.ps1'
[4.420s] INFO:colcon.colcon_core.shell:Creating prefix util module '/root/workspaces/turtlebot-controller-nora-elsheikhly/install/_local_setup_util_ps1.py'
[4.444s] INFO:colcon.colcon_core.shell:Creating prefix chain script '/root/workspaces/turtlebot-controller-nora-elsheikhly/install/setup.ps1'
[4.470s] INFO:colcon.colcon_core.shell:Creating prefix script '/root/workspaces/turtlebot-controller-nora-elsheikhly/install/local_setup.sh'
[4.488s] INFO:colcon.colcon_core.shell:Creating prefix util module '/root/workspaces/turtlebot-controller-nora-elsheikhly/install/_local_setup_util_sh.py'
[4.505s] INFO:colcon.colcon_core.shell:Creating prefix chain script '/root/workspaces/turtlebot-controller-nora-elsheikhly/install/setup.sh'
[4.526s] INFO:colcon.colcon_core.shell:Creating prefix script '/root/workspaces/turtlebot-controller-nora-elsheikhly/install/local_setup.bash'
[4.541s] INFO:colcon.colcon_core.shell:Creating prefix chain script '/root/workspaces/turtlebot-controller-nora-elsheikhly/install/setup.bash'
[4.566s] INFO:colcon.colcon_core.shell:Creating prefix script '/root/workspaces/turtlebot-controller-nora-elsheikhly/install/local_setup.zsh'
[4.584s] INFO:colcon.colcon_core.shell:Creating prefix chain script '/root/workspaces/turtlebot-controller-nora-elsheikhly/install/setup.zsh'
