[1.686s] Invoking command in '/root/workspaces/turtlebot_operation_norasheikhly/src/obstacle_controller': AMENT_PREFIX_PATH=/root/workspaces/turtlebot_operation_norasheikhly/install/obstacle_interfaces:${AMENT_PREFIX_PATH} CMAKE_PREFIX_PATH=/root/workspaces/turtlebot_operation_norasheikhly/install/obstacle_interfaces:${CMAKE_PREFIX_PATH} LD_LIBRARY_PATH=/root/workspaces/turtlebot_operation_norasheikhly/install/obstacle_interfaces/lib:${LD_LIBRARY_PATH} PYTHONPATH=/root/workspaces/turtlebot_operation_norasheikhly/build/obstacle_controller/prefix_override:/usr/lib/python3/dist-packages/colcon_core/task/python/colcon_distutils_commands:/root/workspaces/turtlebot_operation_norasheikhly/install/obstacle_controller/lib/python3.12/site-packages:/root/workspaces/turtlebot_operation_norasheikhly/install/obstacle_interfaces/lib/python3.12/site-packages:${PYTHONPATH} /usr/bin/python3 -W ignore:setup.py install is deprecated -W ignore:easy_install command is deprecated setup.py egg_info --egg-base ../../build/obstacle_controller build --build-base /root/workspaces/turtlebot_operation_norasheikhly/build/obstacle_controller/build install --record /root/workspaces/turtlebot_operation_norasheikhly/build/obstacle_controller/install.log --install-scripts $base/lib/obstacle_controller --single-version-externally-managed install_data
[2.125s] running egg_info
[2.162s] writing ../../build/obstacle_controller/obstacle_controller.egg-info/PKG-INFO
[2.186s] writing dependency_links to ../../build/obstacle_controller/obstacle_controller.egg-info/dependency_links.txt
[2.203s] writing entry points to ../../build/obstacle_controller/obstacle_controller.egg-info/entry_points.txt
[2.219s] writing requirements to ../../build/obstacle_controller/obstacle_controller.egg-info/requires.txt
[2.236s] writing top-level names to ../../build/obstacle_controller/obstacle_controller.egg-info/top_level.txt
[2.325s] reading manifest file '../../build/obstacle_controller/obstacle_controller.egg-info/SOURCES.txt'
[2.338s] writing manifest file '../../build/obstacle_controller/obstacle_controller.egg-info/SOURCES.txt'
[2.356s] running build
[2.375s] running build_py
[2.384s] copying obstacle_controller/direction_autopilot_node.py -> /root/workspaces/turtlebot_operation_norasheikhly/build/obstacle_controller/build/lib/obstacle_controller
[2.394s] running install
[2.411s] running install_lib
[2.430s] copying /root/workspaces/turtlebot_operation_norasheikhly/build/obstacle_controller/build/lib/obstacle_controller/direction_autopilot_node.py -> /root/workspaces/turtlebot_operation_norasheikhly/install/obstacle_controller/lib/python3.12/site-packages/obstacle_controller
[2.462s] byte-compiling /root/workspaces/turtlebot_operation_norasheikhly/install/obstacle_controller/lib/python3.12/site-packages/obstacle_controller/direction_autopilot_node.py to direction_autopilot_node.cpython-312.pyc
[2.470s] Sorry: IndentationError: unindent does not match any outer indentation level (direction_autopilot_node.py, line 135)
[2.478s] running install_data
[2.487s] running install_egg_info
[2.513s] removing '/root/workspaces/turtlebot_operation_norasheikhly/install/obstacle_controller/lib/python3.12/site-packages/obstacle_controller-0.0.0-py3.12.egg-info' (and everything under it)
[2.557s] Copying ../../build/obstacle_controller/obstacle_controller.egg-info to /root/workspaces/turtlebot_operation_norasheikhly/install/obstacle_controller/lib/python3.12/site-packages/obstacle_controller-0.0.0-py3.12.egg-info
[2.757s] running install_scripts
[3.020s] Installing cmd_vel_publisher script to /root/workspaces/turtlebot_operation_norasheikhly/install/obstacle_controller/lib/obstacle_controller
[3.038s] Installing cmd_vel_subscriber script to /root/workspaces/turtlebot_operation_norasheikhly/install/obstacle_controller/lib/obstacle_controller
[3.059s] Installing direction_autopilot_node script to /root/workspaces/turtlebot_operation_norasheikhly/install/obstacle_controller/lib/obstacle_controller
[3.076s] writing list of installed files to '/root/workspaces/turtlebot_operation_norasheikhly/build/obstacle_controller/install.log'
[3.128s] Invoked command in '/root/workspaces/turtlebot_operation_norasheikhly/src/obstacle_controller' returned '0': AMENT_PREFIX_PATH=/root/workspaces/turtlebot_operation_norasheikhly/install/obstacle_interfaces:${AMENT_PREFIX_PATH} CMAKE_PREFIX_PATH=/root/workspaces/turtlebot_operation_norasheikhly/install/obstacle_interfaces:${CMAKE_PREFIX_PATH} LD_LIBRARY_PATH=/root/workspaces/turtlebot_operation_norasheikhly/install/obstacle_interfaces/lib:${LD_LIBRARY_PATH} PYTHONPATH=/root/workspaces/turtlebot_operation_norasheikhly/build/obstacle_controller/prefix_override:/usr/lib/python3/dist-packages/colcon_core/task/python/colcon_distutils_commands:/root/workspaces/turtlebot_operation_norasheikhly/install/obstacle_controller/lib/python3.12/site-packages:/root/workspaces/turtlebot_operation_norasheikhly/install/obstacle_interfaces/lib/python3.12/site-packages:${PYTHONPATH} /usr/bin/python3 -W ignore:setup.py install is deprecated -W ignore:easy_install command is deprecated setup.py egg_info --egg-base ../../build/obstacle_controller build --build-base /root/workspaces/turtlebot_operation_norasheikhly/build/obstacle_controller/build install --record /root/workspaces/turtlebot_operation_norasheikhly/build/obstacle_controller/install.log --install-scripts $base/lib/obstacle_controller --single-version-externally-managed install_data
