[0.122s] DEBUG:colcon:Command line arguments: ['/usr/bin/colcon', 'build', '--packages-select', 'turtlebot_controller']
[0.123s] DEBUG:colcon:Parsed command line arguments: Namespace(log_base=None, log_level=None, verb_name='build', build_base='build', install_base='install', merge_install=False, symlink_install=False, test_result_base=None, continue_on_error=False, executor='parallel', parallel_workers=4, event_handlers=None, ignore_user_meta=False, metas=['./colcon.meta'], base_paths=['.'], packages_ignore=None, packages_ignore_regex=None, paths=None, packages_up_to=None, packages_up_to_regex=None, packages_above=None, packages_above_and_dependencies=None, packages_above_depth=None, packages_select_by_dep=None, packages_skip_by_dep=None, packages_skip_up_to=None, packages_select_build_failed=False, packages_skip_build_finished=False, packages_select_test_failures=False, packages_skip_test_passed=False, packages_select=['turtlebot_controller'], packages_skip=None, packages_select_regex=None, packages_skip_regex=None, packages_start=None, packages_end=None, allow_overriding=[], cmake_args=None, cmake_target=None, cmake_target_skip_unavailable=False, cmake_clean_cache=False, cmake_clean_first=False, cmake_force_configure=False, ament_cmake_args=None, catkin_cmake_args=None, catkin_skip_building_tests=False, verb_parser=<colcon_defaults.argument_parser.defaults.DefaultArgumentsDecorator object at 0x7f153b4c9340>, verb_extension=<colcon_core.verb.build.BuildVerb object at 0x7f153b4c9130>, main=<bound method BuildVerb.main of <colcon_core.verb.build.BuildVerb object at 0x7f153b4c9130>>)
[0.165s] Level 1:colcon.colcon_core.package_discovery:discover_packages(colcon_meta) check parameters
[0.165s] Level 1:colcon.colcon_core.package_discovery:discover_packages(recursive) check parameters
[0.170s] Level 1:colcon.colcon_core.package_discovery:discover_packages(ignore) check parameters
[0.174s] Level 1:colcon.colcon_core.package_discovery:discover_packages(path) check parameters
[0.180s] Level 1:colcon.colcon_core.package_discovery:discover_packages(colcon_meta) discover
[0.184s] Level 1:colcon.colcon_core.package_discovery:discover_packages(recursive) discover
[0.188s] INFO:colcon.colcon_core.package_discovery:Crawling recursively for packages in '/root/workspaces/turtlebot-controller-nora-elsheikhly'
[0.194s] Level 1:colcon.colcon_core.package_identification:_identify(.) by extensions ['ignore', 'ignore_ament_install']
[0.198s] Level 1:colcon.colcon_core.package_identification:_identify(.) by extension 'ignore'
[0.203s] Level 1:colcon.colcon_core.package_identification:_identify(.) by extension 'ignore_ament_install'
[0.207s] Level 1:colcon.colcon_core.package_identification:_identify(.) by extensions ['colcon_pkg']
[0.211s] Level 1:colcon.colcon_core.package_identification:_identify(.) by extension 'colcon_pkg'
[0.215s] Level 1:colcon.colcon_core.package_identification:_identify(.) by extensions ['colcon_meta']
[0.223s] Level 1:colcon.colcon_core.package_identification:_identify(.) by extension 'colcon_meta'
[0.226s] Level 1:colcon.colcon_core.package_identification:_identify(.) by extensions ['ros']
[0.232s] Level 1:colcon.colcon_core.package_identification:_identify(.) by extension 'ros'
[0.260s] Level 1:colcon.colcon_core.package_identification:_identify(.) by extensions ['cmake', 'python']
[0.260s] Level 1:colcon.colcon_core.package_identification:_identify(.) by extension 'cmake'
[0.264s] Level 1:colcon.colcon_core.package_identification:_identify(.) by extension 'python'
[0.269s] Level 1:colcon.colcon_core.package_identification:_identify(.) by extensions ['python_setup_py']
[0.273s] Level 1:colcon.colcon_core.package_identification:_identify(.) by extension 'python_setup_py'
[0.278s] Level 1:colcon.colcon_core.package_identification:_identify(build) by extensions ['ignore', 'ignore_ament_install']
[0.282s] Level 1:colcon.colcon_core.package_identification:_identify(build) by extension 'ignore'
[0.286s] Level 1:colcon.colcon_core.package_identification:_identify(build) ignored
[0.291s] Level 1:colcon.colcon_core.package_identification:_identify(install) by extensions ['ignore', 'ignore_ament_install']
[0.296s] Level 1:colcon.colcon_core.package_identification:_identify(install) by extension 'ignore'
[0.300s] Level 1:colcon.colcon_core.package_identification:_identify(install) ignored
[0.309s] Level 1:colcon.colcon_core.package_identification:_identify(log) by extensions ['ignore', 'ignore_ament_install']
[0.309s] Level 1:colcon.colcon_core.package_identification:_identify(log) by extension 'ignore'
[0.313s] Level 1:colcon.colcon_core.package_identification:_identify(log) ignored
[0.318s] Level 1:colcon.colcon_core.package_identification:_identify(src) by extensions ['ignore', 'ignore_ament_install']
[0.322s] Level 1:colcon.colcon_core.package_identification:_identify(src) by extension 'ignore'
[0.326s] Level 1:colcon.colcon_core.package_identification:_identify(src) by extension 'ignore_ament_install'
[0.331s] Level 1:colcon.colcon_core.package_identification:_identify(src) by extensions ['colcon_pkg']
[0.335s] Level 1:colcon.colcon_core.package_identification:_identify(src) by extension 'colcon_pkg'
[0.339s] Level 1:colcon.colcon_core.package_identification:_identify(src) by extensions ['colcon_meta']
[0.343s] Level 1:colcon.colcon_core.package_identification:_identify(src) by extension 'colcon_meta'
[0.347s] Level 1:colcon.colcon_core.package_identification:_identify(src) by extensions ['ros']
[0.356s] Level 1:colcon.colcon_core.package_identification:_identify(src) by extension 'ros'
[0.360s] Level 1:colcon.colcon_core.package_identification:_identify(src) by extensions ['cmake', 'python']
[0.365s] Level 1:colcon.colcon_core.package_identification:_identify(src) by extension 'cmake'
[0.369s] Level 1:colcon.colcon_core.package_identification:_identify(src) by extension 'python'
[0.373s] Level 1:colcon.colcon_core.package_identification:_identify(src) by extensions ['python_setup_py']
[0.373s] Level 1:colcon.colcon_core.package_identification:_identify(src) by extension 'python_setup_py'
[0.373s] Level 1:colcon.colcon_core.package_identification:_identify(src/turtlebot_controller) by extensions ['ignore', 'ignore_ament_install']
[0.382s] Level 1:colcon.colcon_core.package_identification:_identify(src/turtlebot_controller) by extension 'ignore'
[0.390s] Level 1:colcon.colcon_core.package_identification:_identify(src/turtlebot_controller) by extension 'ignore_ament_install'
[0.394s] Level 1:colcon.colcon_core.package_identification:_identify(src/turtlebot_controller) by extensions ['colcon_pkg']
[0.399s] Level 1:colcon.colcon_core.package_identification:_identify(src/turtlebot_controller) by extension 'colcon_pkg'
[0.402s] Level 1:colcon.colcon_core.package_identification:_identify(src/turtlebot_controller) by extensions ['colcon_meta']
[0.407s] Level 1:colcon.colcon_core.package_identification:_identify(src/turtlebot_controller) by extension 'colcon_meta'
[0.416s] Level 1:colcon.colcon_core.package_identification:_identify(src/turtlebot_controller) by extensions ['ros']
[0.420s] Level 1:colcon.colcon_core.package_identification:_identify(src/turtlebot_controller) by extension 'ros'
[0.430s] DEBUG:colcon.colcon_core.package_identification:Package 'src/turtlebot_controller' with type 'ros.ament_python' and name 'turtlebot_controller'
[0.430s] Level 1:colcon.colcon_core.package_identification:_identify(turtlebot-controller-nora-elsheikhly) by extensions ['ignore', 'ignore_ament_install']
[0.434s] Level 1:colcon.colcon_core.package_identification:_identify(turtlebot-controller-nora-elsheikhly) by extension 'ignore'
[0.438s] Level 1:colcon.colcon_core.package_identification:_identify(turtlebot-controller-nora-elsheikhly) by extension 'ignore_ament_install'
[0.447s] Level 1:colcon.colcon_core.package_identification:_identify(turtlebot-controller-nora-elsheikhly) by extensions ['colcon_pkg']
[0.451s] Level 1:colcon.colcon_core.package_identification:_identify(turtlebot-controller-nora-elsheikhly) by extension 'colcon_pkg'
[0.455s] Level 1:colcon.colcon_core.package_identification:_identify(turtlebot-controller-nora-elsheikhly) by extensions ['colcon_meta']
[0.460s] Level 1:colcon.colcon_core.package_identification:_identify(turtlebot-controller-nora-elsheikhly) by extension 'colcon_meta'
[0.464s] Level 1:colcon.colcon_core.package_identification:_identify(turtlebot-controller-nora-elsheikhly) by extensions ['ros']
[0.468s] Level 1:colcon.colcon_core.package_identification:_identify(turtlebot-controller-nora-elsheikhly) by extension 'ros'
[0.472s] Level 1:colcon.colcon_core.package_identification:_identify(turtlebot-controller-nora-elsheikhly) by extensions ['cmake', 'python']
[0.476s] Level 1:colcon.colcon_core.package_identification:_identify(turtlebot-controller-nora-elsheikhly) by extension 'cmake'
[0.480s] Level 1:colcon.colcon_core.package_identification:_identify(turtlebot-controller-nora-elsheikhly) by extension 'python'
[0.486s] Level 1:colcon.colcon_core.package_identification:_identify(turtlebot-controller-nora-elsheikhly) by extensions ['python_setup_py']
[0.490s] Level 1:colcon.colcon_core.package_identification:_identify(turtlebot-controller-nora-elsheikhly) by extension 'python_setup_py'
[0.499s] Level 1:colcon.colcon_core.package_identification:_identify(turtlebot-controller-nora-elsheikhly/data) by extensions ['ignore', 'ignore_ament_install']
[0.502s] Level 1:colcon.colcon_core.package_identification:_identify(turtlebot-controller-nora-elsheikhly/data) by extension 'ignore'
[0.507s] Level 1:colcon.colcon_core.package_identification:_identify(turtlebot-controller-nora-elsheikhly/data) by extension 'ignore_ament_install'
[0.510s] Level 1:colcon.colcon_core.package_identification:_identify(turtlebot-controller-nora-elsheikhly/data) by extensions ['colcon_pkg']
[0.514s] Level 1:colcon.colcon_core.package_identification:_identify(turtlebot-controller-nora-elsheikhly/data) by extension 'colcon_pkg'
[0.519s] Level 1:colcon.colcon_core.package_identification:_identify(turtlebot-controller-nora-elsheikhly/data) by extensions ['colcon_meta']
[0.523s] Level 1:colcon.colcon_core.package_identification:_identify(turtlebot-controller-nora-elsheikhly/data) by extension 'colcon_meta'
[0.527s] Level 1:colcon.colcon_core.package_identification:_identify(turtlebot-controller-nora-elsheikhly/data) by extensions ['ros']
[0.532s] Level 1:colcon.colcon_core.package_identification:_identify(turtlebot-controller-nora-elsheikhly/data) by extension 'ros'
[0.538s] Level 1:colcon.colcon_core.package_identification:_identify(turtlebot-controller-nora-elsheikhly/data) by extensions ['cmake', 'python']
[0.542s] Level 1:colcon.colcon_core.package_identification:_identify(turtlebot-controller-nora-elsheikhly/data) by extension 'cmake'
[0.546s] Level 1:colcon.colcon_core.package_identification:_identify(turtlebot-controller-nora-elsheikhly/data) by extension 'python'
[0.554s] Level 1:colcon.colcon_core.package_identification:_identify(turtlebot-controller-nora-elsheikhly/data) by extensions ['python_setup_py']
[0.558s] Level 1:colcon.colcon_core.package_identification:_identify(turtlebot-controller-nora-elsheikhly/data) by extension 'python_setup_py'
[0.562s] Level 1:colcon.colcon_core.package_discovery:discover_packages(recursive) using defaults
[0.566s] Level 1:colcon.colcon_core.package_discovery:discover_packages(ignore) discover
[0.571s] Level 1:colcon.colcon_core.package_discovery:discover_packages(ignore) using defaults
[0.574s] Level 1:colcon.colcon_core.package_discovery:discover_packages(path) discover
[0.578s] Level 1:colcon.colcon_core.package_discovery:discover_packages(path) using defaults
[0.603s] Level 1:colcon.colcon_core.package_discovery:discover_packages(prefix_path) check parameters
[0.603s] Level 1:colcon.colcon_core.package_discovery:discover_packages(prefix_path) discover
[0.618s] DEBUG:colcon.colcon_installed_package_information.package_discovery:Found 4 installed packages in /root/workspaces/turtlebot_ws/install
[0.621s] DEBUG:colcon.colcon_installed_package_information.package_discovery:Found 455 installed packages in /opt/ros/jazzy
[0.624s] Level 1:colcon.colcon_core.package_discovery:discover_packages(prefix_path) using defaults
[0.678s] Level 5:colcon.colcon_core.verb:set package 'turtlebot_controller' build argument 'cmake_args' from command line to 'None'
[0.678s] Level 5:colcon.colcon_core.verb:set package 'turtlebot_controller' build argument 'cmake_target' from command line to 'None'
[0.678s] Level 5:colcon.colcon_core.verb:set package 'turtlebot_controller' build argument 'cmake_target_skip_unavailable' from command line to 'False'
[0.686s] Level 5:colcon.colcon_core.verb:set package 'turtlebot_controller' build argument 'cmake_clean_cache' from command line to 'False'
[0.690s] Level 5:colcon.colcon_core.verb:set package 'turtlebot_controller' build argument 'cmake_clean_first' from command line to 'False'
[0.694s] Level 5:colcon.colcon_core.verb:set package 'turtlebot_controller' build argument 'cmake_force_configure' from command line to 'False'
[0.698s] Level 5:colcon.colcon_core.verb:set package 'turtlebot_controller' build argument 'ament_cmake_args' from command line to 'None'
[0.706s] Level 5:colcon.colcon_core.verb:set package 'turtlebot_controller' build argument 'catkin_cmake_args' from command line to 'None'
[0.710s] Level 5:colcon.colcon_core.verb:set package 'turtlebot_controller' build argument 'catkin_skip_building_tests' from command line to 'False'
[0.714s] DEBUG:colcon.colcon_core.verb:Building package 'turtlebot_controller' with the following arguments: {'ament_cmake_args': None, 'build_base': '/root/workspaces/turtlebot-controller-nora-elsheikhly/build/turtlebot_controller', 'catkin_cmake_args': None, 'catkin_skip_building_tests': False, 'cmake_args': None, 'cmake_clean_cache': False, 'cmake_clean_first': False, 'cmake_force_configure': False, 'cmake_target': None, 'cmake_target_skip_unavailable': False, 'install_base': '/root/workspaces/turtlebot-controller-nora-elsheikhly/install/turtlebot_controller', 'merge_install': False, 'path': '/root/workspaces/turtlebot-controller-nora-elsheikhly/src/turtlebot_controller', 'symlink_install': False, 'test_result_base': None}
[0.719s] INFO:colcon.colcon_core.executor:Executing jobs using 'parallel' executor
[0.723s] DEBUG:colcon.colcon_parallel_executor.executor.parallel:run_until_complete
[0.727s] INFO:colcon.colcon_ros.task.ament_python.build:Building ROS package in '/root/workspaces/turtlebot-controller-nora-elsheikhly/src/turtlebot_controller' with build type 'ament_python'
[0.731s] Level 1:colcon.colcon_core.shell:create_environment_hook('turtlebot_controller', 'ament_prefix_path')
[0.733s] INFO:colcon.colcon_core.plugin_system:Skipping extension 'colcon_core.shell.bat': Not used on non-Windows systems
[0.733s] INFO:colcon.colcon_core.shell:Creating environment hook '/root/workspaces/turtlebot-controller-nora-elsheikhly/install/turtlebot_controller/share/turtlebot_controller/hook/ament_prefix_path.ps1'
[0.752s] INFO:colcon.colcon_core.shell:Creating environment descriptor '/root/workspaces/turtlebot-controller-nora-elsheikhly/install/turtlebot_controller/share/turtlebot_controller/hook/ament_prefix_path.dsv'
[0.765s] INFO:colcon.colcon_core.shell:Creating environment hook '/root/workspaces/turtlebot-controller-nora-elsheikhly/install/turtlebot_controller/share/turtlebot_controller/hook/ament_prefix_path.sh'
[0.780s] INFO:colcon.colcon_core.shell:Skip shell extension 'powershell' for command environment: Not usable outside of PowerShell
[0.780s] DEBUG:colcon.colcon_core.shell:Skip shell extension 'dsv' for command environment
[1.037s] INFO:colcon.colcon_core.task.python.build:Building Python package in '/root/workspaces/turtlebot-controller-nora-elsheikhly/src/turtlebot_controller'
[1.038s] INFO:colcon.colcon_core.shell:Skip shell extension 'powershell' for command environment: Not usable outside of PowerShell
[1.045s] DEBUG:colcon.colcon_core.shell:Skip shell extension 'dsv' for command environment
[1.701s] DEBUG:colcon.colcon_core.task.python.build:Available setuptools commands: compile_catalog, setopt, symlink_data, install_egg_info, bdist_dumb, easy_install, test, bdist_rpm, check, editable_wheel, egg_info, build_scripts, build_ext, register, install_headers, bdist, install, rotate, upload, update_catalog, build_py, init_catalog, install_data, build_clib, upload_docs, alias, dist_info, develop, sdist, install_scripts, bdist_egg, saveopts, bdist_wheel, extract_messages, clean, install_lib, build
[1.736s] DEBUG:colcon.colcon_core.event_handler.log_command:Invoking command in '/root/workspaces/turtlebot-controller-nora-elsheikhly/src/turtlebot_controller': PYTHONPATH=/root/workspaces/turtlebot-controller-nora-elsheikhly/build/turtlebot_controller/prefix_override:/usr/lib/python3/dist-packages/colcon_core/task/python/colcon_distutils_commands:/root/workspaces/turtlebot-controller-nora-elsheikhly/install/turtlebot_controller/lib/python3.12/site-packages:${PYTHONPATH} /usr/bin/python3 -W ignore:setup.py install is deprecated -W ignore:easy_install command is deprecated setup.py egg_info --egg-base ../../build/turtlebot_controller build --build-base /root/workspaces/turtlebot-controller-nora-elsheikhly/build/turtlebot_controller/build install --record /root/workspaces/turtlebot-controller-nora-elsheikhly/build/turtlebot_controller/install.log --install-scripts $base/lib/turtlebot_controller --single-version-externally-managed install_data
[2.712s] DEBUG:colcon.colcon_core.event_handler.log_command:Invoked command in '/root/workspaces/turtlebot-controller-nora-elsheikhly/src/turtlebot_controller' returned '0': PYTHONPATH=/root/workspaces/turtlebot-controller-nora-elsheikhly/build/turtlebot_controller/prefix_override:/usr/lib/python3/dist-packages/colcon_core/task/python/colcon_distutils_commands:/root/workspaces/turtlebot-controller-nora-elsheikhly/install/turtlebot_controller/lib/python3.12/site-packages:${PYTHONPATH} /usr/bin/python3 -W ignore:setup.py install is deprecated -W ignore:easy_install command is deprecated setup.py egg_info --egg-base ../../build/turtlebot_controller build --build-base /root/workspaces/turtlebot-controller-nora-elsheikhly/build/turtlebot_controller/build install --record /root/workspaces/turtlebot-controller-nora-elsheikhly/build/turtlebot_controller/install.log --install-scripts $base/lib/turtlebot_controller --single-version-externally-managed install_data
[2.714s] Level 1:colcon.colcon_core.environment:checking '/root/workspaces/turtlebot-controller-nora-elsheikhly/install/turtlebot_controller' for CMake module files
[2.723s] Level 1:colcon.colcon_core.environment:checking '/root/workspaces/turtlebot-controller-nora-elsheikhly/install/turtlebot_controller' for CMake config files
[2.736s] Level 1:colcon.colcon_core.environment:checking '/root/workspaces/turtlebot-controller-nora-elsheikhly/install/turtlebot_controller/lib'
[2.737s] Level 1:colcon.colcon_core.environment:checking '/root/workspaces/turtlebot-controller-nora-elsheikhly/install/turtlebot_controller/bin'
[2.741s] Level 1:colcon.colcon_core.environment:checking '/root/workspaces/turtlebot-controller-nora-elsheikhly/install/turtlebot_controller/lib/pkgconfig/turtlebot_controller.pc'
[2.746s] Level 1:colcon.colcon_core.environment:checking '/root/workspaces/turtlebot-controller-nora-elsheikhly/install/turtlebot_controller/lib/python3.12/site-packages'
[2.750s] Level 1:colcon.colcon_core.shell:create_environment_hook('turtlebot_controller', 'pythonpath')
[2.754s] INFO:colcon.colcon_core.shell:Creating environment hook '/root/workspaces/turtlebot-controller-nora-elsheikhly/install/turtlebot_controller/share/turtlebot_controller/hook/pythonpath.ps1'
[2.768s] INFO:colcon.colcon_core.shell:Creating environment descriptor '/root/workspaces/turtlebot-controller-nora-elsheikhly/install/turtlebot_controller/share/turtlebot_controller/hook/pythonpath.dsv'
[2.785s] INFO:colcon.colcon_core.shell:Creating environment hook '/root/workspaces/turtlebot-controller-nora-elsheikhly/install/turtlebot_controller/share/turtlebot_controller/hook/pythonpath.sh'
[2.800s] Level 1:colcon.colcon_core.environment:checking '/root/workspaces/turtlebot-controller-nora-elsheikhly/install/turtlebot_controller/bin'
[2.800s] Level 1:colcon.colcon_core.environment:create_environment_scripts_only(turtlebot_controller)
[2.805s] INFO:colcon.colcon_core.shell:Creating package script '/root/workspaces/turtlebot-controller-nora-elsheikhly/install/turtlebot_controller/share/turtlebot_controller/package.ps1'
[2.823s] INFO:colcon.colcon_core.shell:Creating package descriptor '/root/workspaces/turtlebot-controller-nora-elsheikhly/install/turtlebot_controller/share/turtlebot_controller/package.dsv'
[2.836s] INFO:colcon.colcon_core.shell:Creating package script '/root/workspaces/turtlebot-controller-nora-elsheikhly/install/turtlebot_controller/share/turtlebot_controller/package.sh'
[2.851s] INFO:colcon.colcon_core.shell:Creating package script '/root/workspaces/turtlebot-controller-nora-elsheikhly/install/turtlebot_controller/share/turtlebot_controller/package.bash'
[2.866s] INFO:colcon.colcon_core.shell:Creating package script '/root/workspaces/turtlebot-controller-nora-elsheikhly/install/turtlebot_controller/share/turtlebot_controller/package.zsh'
[2.879s] Level 1:colcon.colcon_core.environment:create_file_with_runtime_dependencies(/root/workspaces/turtlebot-controller-nora-elsheikhly/install/turtlebot_controller/share/colcon-core/packages/turtlebot_controller)
[2.892s] DEBUG:colcon.colcon_parallel_executor.executor.parallel:closing loop
[2.892s] DEBUG:colcon.colcon_parallel_executor.executor.parallel:loop closed
[2.898s] DEBUG:colcon.colcon_parallel_executor.executor.parallel:run_until_complete finished with '0'
[2.898s] DEBUG:colcon.colcon_core.event_reactor:joining thread
[2.919s] INFO:colcon.colcon_core.plugin_system:Skipping extension 'colcon_notification.desktop_notification.notify_send': Could not find 'notify-send'
[2.919s] INFO:colcon.colcon_core.plugin_system:Skipping extension 'colcon_notification.desktop_notification.terminal_notifier': Not used on non-Darwin systems
[2.924s] INFO:colcon.colcon_core.plugin_system:Skipping extension 'colcon_notification.desktop_notification.win32': Not used on non-Windows systems
[2.928s] INFO:colcon.colcon_notification.desktop_notification:Sending desktop notification using 'notify2'
[2.939s] DEBUG:colcon.colcon_notification.desktop_notification.notify2:Failed to initialize notify2: org.freedesktop.DBus.Error.Spawn.ExecFailed: /usr/bin/dbus-launch terminated abnormally without any error message
[2.939s] DEBUG:colcon.colcon_core.event_reactor:joined thread
[2.944s] INFO:colcon.colcon_core.shell:Creating prefix script '/root/workspaces/turtlebot-controller-nora-elsheikhly/install/local_setup.ps1'
[2.963s] INFO:colcon.colcon_core.shell:Creating prefix util module '/root/workspaces/turtlebot-controller-nora-elsheikhly/install/_local_setup_util_ps1.py'
[2.981s] INFO:colcon.colcon_core.shell:Creating prefix chain script '/root/workspaces/turtlebot-controller-nora-elsheikhly/install/setup.ps1'
[3.002s] INFO:colcon.colcon_core.shell:Creating prefix script '/root/workspaces/turtlebot-controller-nora-elsheikhly/install/local_setup.sh'
[3.020s] INFO:colcon.colcon_core.shell:Creating prefix util module '/root/workspaces/turtlebot-controller-nora-elsheikhly/install/_local_setup_util_sh.py'
[3.035s] INFO:colcon.colcon_core.shell:Creating prefix chain script '/root/workspaces/turtlebot-controller-nora-elsheikhly/install/setup.sh'
[3.057s] INFO:colcon.colcon_core.shell:Creating prefix script '/root/workspaces/turtlebot-controller-nora-elsheikhly/install/local_setup.bash'
[3.071s] INFO:colcon.colcon_core.shell:Creating prefix chain script '/root/workspaces/turtlebot-controller-nora-elsheikhly/install/setup.bash'
[3.091s] INFO:colcon.colcon_core.shell:Creating prefix script '/root/workspaces/turtlebot-controller-nora-elsheikhly/install/local_setup.zsh'
[3.109s] INFO:colcon.colcon_core.shell:Creating prefix chain script '/root/workspaces/turtlebot-controller-nora-elsheikhly/install/setup.zsh'
