running egg_info
writing ../../build/obstacle_controller/obstacle_controller.egg-info/PKG-INFO
writing dependency_links to ../../build/obstacle_controller/obstacle_controller.egg-info/dependency_links.txt
writing entry points to ../../build/obstacle_controller/obstacle_controller.egg-info/entry_points.txt
writing requirements to ../../build/obstacle_controller/obstacle_controller.egg-info/requires.txt
writing top-level names to ../../build/obstacle_controller/obstacle_controller.egg-info/top_level.txt
reading manifest file '../../build/obstacle_controller/obstacle_controller.egg-info/SOURCES.txt'
writing manifest file '../../build/obstacle_controller/obstacle_controller.egg-info/SOURCES.txt'
running build
running build_py
copying obstacle_controller/direction_autopilot_node.py -> /root/workspaces/turtlebot_operation_norasheikhly/build/obstacle_controller/build/lib/obstacle_controller
running install
running install_lib
copying /root/workspaces/turtlebot_operation_norasheikhly/build/obstacle_controller/build/lib/obstacle_controller/direction_autopilot_node.py -> /root/workspaces/turtlebot_operation_norasheikhly/install/obstacle_controller/lib/python3.12/site-packages/obstacle_controller
byte-compiling /root/workspaces/turtlebot_operation_norasheikhly/install/obstacle_controller/lib/python3.12/site-packages/obstacle_controller/direction_autopilot_node.py to direction_autopilot_node.cpython-312.pyc
  File "/root/workspaces/turtlebot_operation_norasheikhly/install/obstacle_controller/lib/python3.12/site-packages/obstacle_controller/direction_autopilot_node.py", line 142
    return
    ^^^^^^
SyntaxError: 'return' outside function

running install_data
running install_egg_info
removing '/root/workspaces/turtlebot_operation_norasheikhly/install/obstacle_controller/lib/python3.12/site-packages/obstacle_controller-0.0.0-py3.12.egg-info' (and everything under it)
Copying ../../build/obstacle_controller/obstacle_controller.egg-info to /root/workspaces/turtlebot_operation_norasheikhly/install/obstacle_controller/lib/python3.12/site-packages/obstacle_controller-0.0.0-py3.12.egg-info
running install_scripts
Installing cmd_vel_publisher script to /root/workspaces/turtlebot_operation_norasheikhly/install/obstacle_controller/lib/obstacle_controller
Installing cmd_vel_subscriber script to /root/workspaces/turtlebot_operation_norasheikhly/install/obstacle_controller/lib/obstacle_controller
Installing direction_autopilot_node script to /root/workspaces/turtlebot_operation_norasheikhly/install/obstacle_controller/lib/obstacle_controller
writing list of installed files to '/root/workspaces/turtlebot_operation_norasheikhly/build/obstacle_controller/install.log'
