[1.211s] Invoking command in '/root/workspaces/turtlebot_operation_norasheikhly/src/obstacle_controller': PYTHONPATH=/root/workspaces/turtlebot_operation_norasheikhly/build/obstacle_controller/prefix_override:/usr/lib/python3/dist-packages/colcon_core/task/python/colcon_distutils_commands:/root/workspaces/turtlebot_operation_norasheikhly/install/obstacle_controller/lib/python3.12/site-packages:/root/workspaces/turtlebot_operation_norasheikhly/install/obstacle_interfaces/lib/python3.12/site-packages:/root/workspaces/turtlebot_operation_norasheikhly/install/obstacle_controller/lib/python3.12/site-packages:/opt/ros/jazzy/lib/python3.12/site-packages /usr/bin/python3 -W ignore:setup.py install is deprecated -W ignore:easy_install command is deprecated setup.py egg_info --egg-base ../../build/obstacle_controller build --build-base /root/workspaces/turtlebot_operation_norasheikhly/build/obstacle_controller/build install --record /root/workspaces/turtlebot_operation_norasheikhly/build/obstacle_controller/install.log --install-scripts $base/lib/obstacle_controller --single-version-externally-managed install_data
[1.478s] running egg_info
[1.503s] writing ../../build/obstacle_controller/obstacle_controller.egg-info/PKG-INFO
[1.526s] writing dependency_links to ../../build/obstacle_controller/obstacle_controller.egg-info/dependency_links.txt
[1.542s] writing entry points to ../../build/obstacle_controller/obstacle_controller.egg-info/entry_points.txt
[1.557s] writing requirements to ../../build/obstacle_controller/obstacle_controller.egg-info/requires.txt
[1.573s] writing top-level names to ../../build/obstacle_controller/obstacle_controller.egg-info/top_level.txt
[1.637s] reading manifest file '../../build/obstacle_controller/obstacle_controller.egg-info/SOURCES.txt'
[1.649s] writing manifest file '../../build/obstacle_controller/obstacle_controller.egg-info/SOURCES.txt'
[1.667s] running build
[1.684s] running build_py
[1.701s] copying obstacle_controller/direction_autopilot_node.py -> /root/workspaces/turtlebot_operation_norasheikhly/build/obstacle_controller/build/lib/obstacle_controller
[1.717s] running install
[1.734s] running install_lib
[1.752s] copying /root/workspaces/turtlebot_operation_norasheikhly/build/obstacle_controller/build/lib/obstacle_controller/direction_autopilot_node.py -> /root/workspaces/turtlebot_operation_norasheikhly/install/obstacle_controller/lib/python3.12/site-packages/obstacle_controller
[1.769s] byte-compiling /root/workspaces/turtlebot_operation_norasheikhly/install/obstacle_controller/lib/python3.12/site-packages/obstacle_controller/direction_autopilot_node.py to direction_autopilot_node.cpython-312.pyc
[1.778s]   File "/root/workspaces/turtlebot_operation_norasheikhly/install/obstacle_controller/lib/python3.12/site-packages/obstacle_controller/direction_autopilot_node.py", line 142
[1.783s]     return
[1.783s]     ^^^^^^
[1.784s] SyntaxError: 'return' outside function
[1.784s] 
[1.791s] running install_data
[1.807s] running install_egg_info
[1.807s] removing '/root/workspaces/turtlebot_operation_norasheikhly/install/obstacle_controller/lib/python3.12/site-packages/obstacle_controller-0.0.0-py3.12.egg-info' (and everything under it)
[1.824s] Copying ../../build/obstacle_controller/obstacle_controller.egg-info to /root/workspaces/turtlebot_operation_norasheikhly/install/obstacle_controller/lib/python3.12/site-packages/obstacle_controller-0.0.0-py3.12.egg-info
[2.008s] running install_scripts
[2.178s] Installing cmd_vel_publisher script to /root/workspaces/turtlebot_operation_norasheikhly/install/obstacle_controller/lib/obstacle_controller
[2.197s] Installing cmd_vel_subscriber script to /root/workspaces/turtlebot_operation_norasheikhly/install/obstacle_controller/lib/obstacle_controller
[2.215s] Installing direction_autopilot_node script to /root/workspaces/turtlebot_operation_norasheikhly/install/obstacle_controller/lib/obstacle_controller
[2.233s] writing list of installed files to '/root/workspaces/turtlebot_operation_norasheikhly/build/obstacle_controller/install.log'
[2.282s] Invoked command in '/root/workspaces/turtlebot_operation_norasheikhly/src/obstacle_controller' returned '0': PYTHONPATH=/root/workspaces/turtlebot_operation_norasheikhly/build/obstacle_controller/prefix_override:/usr/lib/python3/dist-packages/colcon_core/task/python/colcon_distutils_commands:/root/workspaces/turtlebot_operation_norasheikhly/install/obstacle_controller/lib/python3.12/site-packages:/root/workspaces/turtlebot_operation_norasheikhly/install/obstacle_interfaces/lib/python3.12/site-packages:/root/workspaces/turtlebot_operation_norasheikhly/install/obstacle_controller/lib/python3.12/site-packages:/opt/ros/jazzy/lib/python3.12/site-packages /usr/bin/python3 -W ignore:setup.py install is deprecated -W ignore:easy_install command is deprecated setup.py egg_info --egg-base ../../build/obstacle_controller build --build-base /root/workspaces/turtlebot_operation_norasheikhly/build/obstacle_controller/build install --record /root/workspaces/turtlebot_operation_norasheikhly/build/obstacle_controller/install.log --install-scripts $base/lib/obstacle_controller --single-version-externally-managed install_data
