running egg_info
creating ../../build/turtlebot_controller/turtlebot_controller.egg-info
writing ../../build/turtlebot_controller/turtlebot_controller.egg-info/PKG-INFO
writing dependency_links to ../../build/turtlebot_controller/turtlebot_controller.egg-info/dependency_links.txt
writing requirements to ../../build/turtlebot_controller/turtlebot_controller.egg-info/requires.txt
writing top-level names to ../../build/turtlebot_controller/turtlebot_controller.egg-info/top_level.txt
writing manifest file '../../build/turtlebot_controller/turtlebot_controller.egg-info/SOURCES.txt'
reading manifest file '../../build/turtlebot_controller/turtlebot_controller.egg-info/SOURCES.txt'
writing manifest file '../../build/turtlebot_controller/turtlebot_controller.egg-info/SOURCES.txt'
running build
running build_py
creating /root/workspaces/turtlebot-controller-nora-elsheikhly/build/turtlebot_controller/build
creating /root/workspaces/turtlebot-controller-nora-elsheikhly/build/turtlebot_controller/build/lib
creating /root/workspaces/turtlebot-controller-nora-elsheikhly/build/turtlebot_controller/build/lib/turtlebot_controller
copying turtlebot_controller/__init__.py -> /root/workspaces/turtlebot-controller-nora-elsheikhly/build/turtlebot_controller/build/lib/turtlebot_controller
running install
running install_lib
creating /root/workspaces/turtlebot-controller-nora-elsheikhly/install/turtlebot_controller/lib/python3.12/site-packages/turtlebot_controller
copying /root/workspaces/turtlebot-controller-nora-elsheikhly/build/turtlebot_controller/build/lib/turtlebot_controller/__init__.py -> /root/workspaces/turtlebot-controller-nora-elsheikhly/install/turtlebot_controller/lib/python3.12/site-packages/turtlebot_controller
byte-compiling /root/workspaces/turtlebot-controller-nora-elsheikhly/install/turtlebot_controller/lib/python3.12/site-packages/turtlebot_controller/__init__.py to __init__.cpython-312.pyc
running install_data
creating /root/workspaces/turtlebot-controller-nora-elsheikhly/install/turtlebot_controller/share/ament_index
creating /root/workspaces/turtlebot-controller-nora-elsheikhly/install/turtlebot_controller/share/ament_index/resource_index
creating /root/workspaces/turtlebot-controller-nora-elsheikhly/install/turtlebot_controller/share/ament_index/resource_index/packages
copying resource/turtlebot_controller -> /root/workspaces/turtlebot-controller-nora-elsheikhly/install/turtlebot_controller/share/ament_index/resource_index/packages
copying package.xml -> /root/workspaces/turtlebot-controller-nora-elsheikhly/install/turtlebot_controller/share/turtlebot_controller
running install_egg_info
Copying ../../build/turtlebot_controller/turtlebot_controller.egg-info to /root/workspaces/turtlebot-controller-nora-elsheikhly/install/turtlebot_controller/lib/python3.12/site-packages/turtlebot_controller-0.0.0-py3.12.egg-info
running install_scripts
writing list of installed files to '/root/workspaces/turtlebot-controller-nora-elsheikhly/build/turtlebot_controller/install.log'
