[0.161s] Invoking command in '/root/workspaces/turtlebot_operation_norasheikhly/build/obstacle_interfaces': CMAKE_PREFIX_PATH=${CMAKE_PREFIX_PATH}:/root/workspaces/turtlebot_operation_norasheikhly/install/obstacle_controller:/opt/ros/jazzy /usr/bin/cmake --build /root/workspaces/turtlebot_operation_norasheikhly/build/obstacle_interfaces -- -j4 -l4
[0.433s] [  5%] Built target obstacle_interfaces__rosidl_generator_type_description
[0.447s] [  5%] Built target obstacle_interfaces__rs
[0.522s] [  8%] Built target obstacle_interfaces__cpp
[0.623s] [ 22%] Built target obstacle_interfaces__rosidl_generator_c
[0.784s] [ 48%] Built target obstacle_interfaces__rosidl_typesupport_c
[0.784s] [ 48%] Built target obstacle_interfaces__rosidl_typesupport_introspection_c
[0.785s] [ 48%] Built target obstacle_interfaces__rosidl_typesupport_fastrtps_c
[0.950s] [ 68%] Built target obstacle_interfaces__rosidl_typesupport_fastrtps_cpp
[0.966s] [ 68%] Built target ament_cmake_python_copy_obstacle_interfaces
[0.978s] [ 71%] Built target obstacle_interfaces__rosidl_typesupport_cpp
[0.985s] [ 74%] Built target obstacle_interfaces__rosidl_typesupport_introspection_cpp
[1.050s] [ 74%] Built target obstacle_interfaces
[1.149s] [ 77%] Built target obstacle_interfaces__py
[1.279s] [ 82%] Built target obstacle_interfaces__rosidl_generator_py
[1.431s] [ 97%] Built target obstacle_interfaces_s__rosidl_typesupport_introspection_c
[1.446s] running egg_info
[1.452s] [100%] Built target obstacle_interfaces_s__rosidl_typesupport_fastrtps_c
[1.452s] [100%] Built target obstacle_interfaces_s__rosidl_typesupport_c
[1.492s] writing obstacle_interfaces.egg-info/PKG-INFO
[1.510s] writing dependency_links to obstacle_interfaces.egg-info/dependency_links.txt
[1.545s] writing top-level names to obstacle_interfaces.egg-info/top_level.txt
[1.669s] reading manifest file 'obstacle_interfaces.egg-info/SOURCES.txt'
[1.682s] writing manifest file 'obstacle_interfaces.egg-info/SOURCES.txt'
[1.733s] [100%] Built target ament_cmake_python_build_obstacle_interfaces_egg
[1.948s] Invoked command in '/root/workspaces/turtlebot_operation_norasheikhly/build/obstacle_interfaces' returned '0': CMAKE_PREFIX_PATH=${CMAKE_PREFIX_PATH}:/root/workspaces/turtlebot_operation_norasheikhly/install/obstacle_controller:/opt/ros/jazzy /usr/bin/cmake --build /root/workspaces/turtlebot_operation_norasheikhly/build/obstacle_interfaces -- -j4 -l4
[1.985s] Invoking command in '/root/workspaces/turtlebot_operation_norasheikhly/build/obstacle_interfaces': CMAKE_PREFIX_PATH=${CMAKE_PREFIX_PATH}:/root/workspaces/turtlebot_operation_norasheikhly/install/obstacle_controller:/opt/ros/jazzy /usr/bin/cmake --install /root/workspaces/turtlebot_operation_norasheikhly/build/obstacle_interfaces
[2.026s] -- Install configuration: ""
[2.040s] -- Up-to-date: /root/workspaces/turtlebot_operation_norasheikhly/install/obstacle_interfaces/share/ament_index/resource_index/rosidl_interfaces/obstacle_interfaces
[2.058s] -- Up-to-date: /root/workspaces/turtlebot_operation_norasheikhly/install/obstacle_interfaces/share/obstacle_interfaces/srv/SetDirection.json
[2.081s] -- Up-to-date: /root/workspaces/turtlebot_operation_norasheikhly/install/obstacle_interfaces/include/obstacle_interfaces/obstacle_interfaces
[2.095s] -- Up-to-date: /root/workspaces/turtlebot_operation_norasheikhly/install/obstacle_interfaces/include/obstacle_interfaces/obstacle_interfaces/srv
[2.100s] -- Up-to-date: /root/workspaces/turtlebot_operation_norasheikhly/install/obstacle_interfaces/include/obstacle_interfaces/obstacle_interfaces/srv/set_direction.h
[2.118s] -- Up-to-date: /root/workspaces/turtlebot_operation_norasheikhly/install/obstacle_interfaces/include/obstacle_interfaces/obstacle_interfaces/srv/detail
[2.136s] -- Up-to-date: /root/workspaces/turtlebot_operation_norasheikhly/install/obstacle_interfaces/include/obstacle_interfaces/obstacle_interfaces/srv/detail/set_direction__functions.c
[2.158s] -- Up-to-date: /root/workspaces/turtlebot_operation_norasheikhly/install/obstacle_interfaces/include/obstacle_interfaces/obstacle_interfaces/srv/detail/set_direction__type_support.h
[2.176s] -- Up-to-date: /root/workspaces/turtlebot_operation_norasheikhly/install/obstacle_interfaces/include/obstacle_interfaces/obstacle_interfaces/srv/detail/set_direction__functions.h
[2.176s] -- Up-to-date: /root/workspaces/turtlebot_operation_norasheikhly/install/obstacle_interfaces/include/obstacle_interfaces/obstacle_interfaces/srv/detail/set_direction__type_support.c
[2.177s] -- Up-to-date: /root/workspaces/turtlebot_operation_norasheikhly/install/obstacle_interfaces/include/obstacle_interfaces/obstacle_interfaces/srv/detail/set_direction__struct.h
[2.177s] -- Up-to-date: /root/workspaces/turtlebot_operation_norasheikhly/install/obstacle_interfaces/include/obstacle_interfaces/obstacle_interfaces/srv/detail/set_direction__description.c
[2.177s] -- Up-to-date: /root/workspaces/turtlebot_operation_norasheikhly/install/obstacle_interfaces/include/obstacle_interfaces/obstacle_interfaces/msg
[2.177s] -- Up-to-date: /root/workspaces/turtlebot_operation_norasheikhly/install/obstacle_interfaces/include/obstacle_interfaces/obstacle_interfaces/msg/rosidl_generator_c__visibility_control.h
[2.177s] -- Up-to-date: /root/workspaces/turtlebot_operation_norasheikhly/install/obstacle_interfaces/share/obstacle_interfaces/environment/library_path.sh
[2.177s] -- Up-to-date: /root/workspaces/turtlebot_operation_norasheikhly/install/obstacle_interfaces/share/obstacle_interfaces/environment/library_path.dsv
[2.177s] -- Up-to-date: /root/workspaces/turtlebot_operation_norasheikhly/install/obstacle_interfaces/lib/libobstacle_interfaces__rosidl_generator_c.so
[2.177s] -- Up-to-date: /root/workspaces/turtlebot_operation_norasheikhly/install/obstacle_interfaces/include/obstacle_interfaces/obstacle_interfaces
[2.180s] -- Up-to-date: /root/workspaces/turtlebot_operation_norasheikhly/install/obstacle_interfaces/include/obstacle_interfaces/obstacle_interfaces/srv
[2.205s] -- Up-to-date: /root/workspaces/turtlebot_operation_norasheikhly/install/obstacle_interfaces/include/obstacle_interfaces/obstacle_interfaces/srv/detail
[2.219s] -- Up-to-date: /root/workspaces/turtlebot_operation_norasheikhly/install/obstacle_interfaces/include/obstacle_interfaces/obstacle_interfaces/srv/detail/set_direction__rosidl_typesupport_fastrtps_c.h
[2.223s] -- Up-to-date: /root/workspaces/turtlebot_operation_norasheikhly/install/obstacle_interfaces/include/obstacle_interfaces/obstacle_interfaces/msg
[2.245s] -- Up-to-date: /root/workspaces/turtlebot_operation_norasheikhly/install/obstacle_interfaces/include/obstacle_interfaces/obstacle_interfaces/msg/rosidl_typesupport_fastrtps_c__visibility_control.h
[2.262s] -- Up-to-date: /root/workspaces/turtlebot_operation_norasheikhly/install/obstacle_interfaces/lib/libobstacle_interfaces__rosidl_typesupport_fastrtps_c.so
[2.287s] -- Up-to-date: /root/workspaces/turtlebot_operation_norasheikhly/install/obstacle_interfaces/include/obstacle_interfaces/obstacle_interfaces
[2.305s] -- Up-to-date: /root/workspaces/turtlebot_operation_norasheikhly/install/obstacle_interfaces/include/obstacle_interfaces/obstacle_interfaces/srv
[2.324s] -- Up-to-date: /root/workspaces/turtlebot_operation_norasheikhly/install/obstacle_interfaces/include/obstacle_interfaces/obstacle_interfaces/srv/detail
[2.342s] -- Up-to-date: /root/workspaces/turtlebot_operation_norasheikhly/install/obstacle_interfaces/include/obstacle_interfaces/obstacle_interfaces/srv/detail/set_direction__type_support.c
[2.366s] -- Up-to-date: /root/workspaces/turtlebot_operation_norasheikhly/install/obstacle_interfaces/include/obstacle_interfaces/obstacle_interfaces/srv/detail/set_direction__rosidl_typesupport_introspection_c.h
[2.383s] -- Up-to-date: /root/workspaces/turtlebot_operation_norasheikhly/install/obstacle_interfaces/include/obstacle_interfaces/obstacle_interfaces/msg
[2.402s] -- Up-to-date: /root/workspaces/turtlebot_operation_norasheikhly/install/obstacle_interfaces/include/obstacle_interfaces/obstacle_interfaces/msg/rosidl_typesupport_introspection_c__visibility_control.h
[2.429s] -- Up-to-date: /root/workspaces/turtlebot_operation_norasheikhly/install/obstacle_interfaces/lib/libobstacle_interfaces__rosidl_typesupport_introspection_c.so
[2.442s] -- Up-to-date: /root/workspaces/turtlebot_operation_norasheikhly/install/obstacle_interfaces/lib/libobstacle_interfaces__rosidl_typesupport_c.so
[2.442s] -- Up-to-date: /root/workspaces/turtlebot_operation_norasheikhly/install/obstacle_interfaces/include/obstacle_interfaces/obstacle_interfaces
[2.442s] -- Up-to-date: /root/workspaces/turtlebot_operation_norasheikhly/install/obstacle_interfaces/include/obstacle_interfaces/obstacle_interfaces/srv
[2.442s] -- Up-to-date: /root/workspaces/turtlebot_operation_norasheikhly/install/obstacle_interfaces/include/obstacle_interfaces/obstacle_interfaces/srv/set_direction.hpp
[2.442s] -- Up-to-date: /root/workspaces/turtlebot_operation_norasheikhly/install/obstacle_interfaces/include/obstacle_interfaces/obstacle_interfaces/srv/detail
[2.442s] -- Up-to-date: /root/workspaces/turtlebot_operation_norasheikhly/install/obstacle_interfaces/include/obstacle_interfaces/obstacle_interfaces/srv/detail/set_direction__type_support.hpp
[2.442s] -- Up-to-date: /root/workspaces/turtlebot_operation_norasheikhly/install/obstacle_interfaces/include/obstacle_interfaces/obstacle_interfaces/srv/detail/set_direction__struct.hpp
[2.442s] -- Up-to-date: /root/workspaces/turtlebot_operation_norasheikhly/install/obstacle_interfaces/include/obstacle_interfaces/obstacle_interfaces/srv/detail/set_direction__traits.hpp
[2.442s] -- Up-to-date: /root/workspaces/turtlebot_operation_norasheikhly/install/obstacle_interfaces/include/obstacle_interfaces/obstacle_interfaces/srv/detail/set_direction__builder.hpp
[2.443s] -- Up-to-date: /root/workspaces/turtlebot_operation_norasheikhly/install/obstacle_interfaces/include/obstacle_interfaces/obstacle_interfaces/msg
[2.443s] -- Up-to-date: /root/workspaces/turtlebot_operation_norasheikhly/install/obstacle_interfaces/include/obstacle_interfaces/obstacle_interfaces/msg/rosidl_generator_cpp__visibility_control.hpp
[2.443s] -- Up-to-date: /root/workspaces/turtlebot_operation_norasheikhly/install/obstacle_interfaces/include/obstacle_interfaces/obstacle_interfaces
[2.443s] -- Up-to-date: /root/workspaces/turtlebot_operation_norasheikhly/install/obstacle_interfaces/include/obstacle_interfaces/obstacle_interfaces/srv
[2.443s] -- Up-to-date: /root/workspaces/turtlebot_operation_norasheikhly/install/obstacle_interfaces/include/obstacle_interfaces/obstacle_interfaces/srv/detail
[2.443s] -- Up-to-date: /root/workspaces/turtlebot_operation_norasheikhly/install/obstacle_interfaces/include/obstacle_interfaces/obstacle_interfaces/srv/detail/dds_fastrtps
[2.451s] -- Up-to-date: /root/workspaces/turtlebot_operation_norasheikhly/install/obstacle_interfaces/include/obstacle_interfaces/obstacle_interfaces/srv/detail/set_direction__rosidl_typesupport_fastrtps_cpp.hpp
[2.454s] -- Up-to-date: /root/workspaces/turtlebot_operation_norasheikhly/install/obstacle_interfaces/include/obstacle_interfaces/obstacle_interfaces/msg
[2.470s] -- Up-to-date: /root/workspaces/turtlebot_operation_norasheikhly/install/obstacle_interfaces/include/obstacle_interfaces/obstacle_interfaces/msg/rosidl_typesupport_fastrtps_cpp__visibility_control.h
[2.482s] -- Up-to-date: /root/workspaces/turtlebot_operation_norasheikhly/install/obstacle_interfaces/lib/libobstacle_interfaces__rosidl_typesupport_fastrtps_cpp.so
[2.504s] -- Up-to-date: /root/workspaces/turtlebot_operation_norasheikhly/install/obstacle_interfaces/include/obstacle_interfaces/obstacle_interfaces
[2.523s] -- Up-to-date: /root/workspaces/turtlebot_operation_norasheikhly/install/obstacle_interfaces/include/obstacle_interfaces/obstacle_interfaces/srv
[2.542s] -- Up-to-date: /root/workspaces/turtlebot_operation_norasheikhly/install/obstacle_interfaces/include/obstacle_interfaces/obstacle_interfaces/srv/detail
[2.546s] -- Up-to-date: /root/workspaces/turtlebot_operation_norasheikhly/install/obstacle_interfaces/include/obstacle_interfaces/obstacle_interfaces/srv/detail/set_direction__type_support.cpp
[2.547s] -- Up-to-date: /root/workspaces/turtlebot_operation_norasheikhly/install/obstacle_interfaces/include/obstacle_interfaces/obstacle_interfaces/srv/detail/set_direction__rosidl_typesupport_introspection_cpp.hpp
[2.565s] -- Up-to-date: /root/workspaces/turtlebot_operation_norasheikhly/install/obstacle_interfaces/lib/libobstacle_interfaces__rosidl_typesupport_introspection_cpp.so
[2.600s] -- Up-to-date: /root/workspaces/turtlebot_operation_norasheikhly/install/obstacle_interfaces/lib/libobstacle_interfaces__rosidl_typesupport_cpp.so
[2.620s] -- Up-to-date: /root/workspaces/turtlebot_operation_norasheikhly/install/obstacle_interfaces/share/obstacle_interfaces/environment/pythonpath.sh
[2.640s] -- Up-to-date: /root/workspaces/turtlebot_operation_norasheikhly/install/obstacle_interfaces/share/obstacle_interfaces/environment/pythonpath.dsv
[2.659s] -- Up-to-date: /root/workspaces/turtlebot_operation_norasheikhly/install/obstacle_interfaces/lib/python3.12/site-packages/obstacle_interfaces-0.0.0-py3.12.egg-info
[2.680s] -- Installing: /root/workspaces/turtlebot_operation_norasheikhly/install/obstacle_interfaces/lib/python3.12/site-packages/obstacle_interfaces-0.0.0-py3.12.egg-info/top_level.txt
[2.697s] -- Installing: /root/workspaces/turtlebot_operation_norasheikhly/install/obstacle_interfaces/lib/python3.12/site-packages/obstacle_interfaces-0.0.0-py3.12.egg-info/SOURCES.txt
[2.744s] -- Installing: /root/workspaces/turtlebot_operation_norasheikhly/install/obstacle_interfaces/lib/python3.12/site-packages/obstacle_interfaces-0.0.0-py3.12.egg-info/dependency_links.txt
[2.802s] -- Installing: /root/workspaces/turtlebot_operation_norasheikhly/install/obstacle_interfaces/lib/python3.12/site-packages/obstacle_interfaces-0.0.0-py3.12.egg-info/PKG-INFO
[2.856s] -- Up-to-date: /root/workspaces/turtlebot_operation_norasheikhly/install/obstacle_interfaces/lib/python3.12/site-packages/obstacle_interfaces
[2.870s] -- Up-to-date: /root/workspaces/turtlebot_operation_norasheikhly/install/obstacle_interfaces/lib/python3.12/site-packages/obstacle_interfaces/_obstacle_interfaces_s.ep.rosidl_typesupport_c.c
[2.897s] -- Up-to-date: /root/workspaces/turtlebot_operation_norasheikhly/install/obstacle_interfaces/lib/python3.12/site-packages/obstacle_interfaces/_obstacle_interfaces_s.ep.rosidl_typesupport_introspection_c.c
[2.918s] -- Up-to-date: /root/workspaces/turtlebot_operation_norasheikhly/install/obstacle_interfaces/lib/python3.12/site-packages/obstacle_interfaces/_obstacle_interfaces_s.ep.rosidl_typesupport_fastrtps_c.c
[2.939s] -- Up-to-date: /root/workspaces/turtlebot_operation_norasheikhly/install/obstacle_interfaces/lib/python3.12/site-packages/obstacle_interfaces/obstacle_interfaces_s__rosidl_typesupport_c.so
[2.964s] -- Up-to-date: /root/workspaces/turtlebot_operation_norasheikhly/install/obstacle_interfaces/lib/python3.12/site-packages/obstacle_interfaces/obstacle_interfaces_s__rosidl_typesupport_introspection_c.so
[2.983s] -- Up-to-date: /root/workspaces/turtlebot_operation_norasheikhly/install/obstacle_interfaces/lib/python3.12/site-packages/obstacle_interfaces/obstacle_interfaces_s__rosidl_typesupport_fastrtps_c.so
[3.004s] -- Up-to-date: /root/workspaces/turtlebot_operation_norasheikhly/install/obstacle_interfaces/lib/python3.12/site-packages/obstacle_interfaces/srv
[3.022s] -- Up-to-date: /root/workspaces/turtlebot_operation_norasheikhly/install/obstacle_interfaces/lib/python3.12/site-packages/obstacle_interfaces/srv/_set_direction.py
[3.043s] -- Up-to-date: /root/workspaces/turtlebot_operation_norasheikhly/install/obstacle_interfaces/lib/python3.12/site-packages/obstacle_interfaces/srv/_set_direction_s.c
[3.061s] -- Up-to-date: /root/workspaces/turtlebot_operation_norasheikhly/install/obstacle_interfaces/lib/python3.12/site-packages/obstacle_interfaces/srv/__init__.py
[3.066s] -- Up-to-date: /root/workspaces/turtlebot_operation_norasheikhly/install/obstacle_interfaces/lib/python3.12/site-packages/obstacle_interfaces/__init__.py
[3.084s] Listing '/root/workspaces/turtlebot_operation_norasheikhly/install/obstacle_interfaces/lib/python3.12/site-packages/obstacle_interfaces'...
[3.106s] Listing '/root/workspaces/turtlebot_operation_norasheikhly/install/obstacle_interfaces/lib/python3.12/site-packages/obstacle_interfaces/srv'...
[3.118s] -- Up-to-date: /root/workspaces/turtlebot_operation_norasheikhly/install/obstacle_interfaces/lib/python3.12/site-packages/obstacle_interfaces/obstacle_interfaces_s__rosidl_typesupport_fastrtps_c.so
[3.132s] -- Up-to-date: /root/workspaces/turtlebot_operation_norasheikhly/install/obstacle_interfaces/lib/python3.12/site-packages/obstacle_interfaces/obstacle_interfaces_s__rosidl_typesupport_introspection_c.so
[3.152s] -- Up-to-date: /root/workspaces/turtlebot_operation_norasheikhly/install/obstacle_interfaces/lib/python3.12/site-packages/obstacle_interfaces/obstacle_interfaces_s__rosidl_typesupport_c.so
[3.157s] -- Up-to-date: /root/workspaces/turtlebot_operation_norasheikhly/install/obstacle_interfaces/lib/libobstacle_interfaces__rosidl_generator_py.so
[3.170s] -- Up-to-date: /root/workspaces/turtlebot_operation_norasheikhly/install/obstacle_interfaces/share/ament_index/resource_index/rust_packages/obstacle_interfaces
[3.190s] -- Up-to-date: /root/workspaces/turtlebot_operation_norasheikhly/install/obstacle_interfaces/share/obstacle_interfaces/rust
[3.214s] -- Up-to-date: /root/workspaces/turtlebot_operation_norasheikhly/install/obstacle_interfaces/share/obstacle_interfaces/rust/src
[3.236s] -- Up-to-date: /root/workspaces/turtlebot_operation_norasheikhly/install/obstacle_interfaces/share/obstacle_interfaces/rust/src/lib.rs
[3.251s] -- Up-to-date: /root/workspaces/turtlebot_operation_norasheikhly/install/obstacle_interfaces/share/obstacle_interfaces/rust/src/srv.rs
[3.255s] -- Up-to-date: /root/workspaces/turtlebot_operation_norasheikhly/install/obstacle_interfaces/share/obstacle_interfaces/rust/src/srv
[3.261s] -- Up-to-date: /root/workspaces/turtlebot_operation_norasheikhly/install/obstacle_interfaces/share/obstacle_interfaces/rust/src/srv/rmw.rs
[3.275s] -- Up-to-date: /root/workspaces/turtlebot_operation_norasheikhly/install/obstacle_interfaces/share/obstacle_interfaces/rust/Cargo.toml
[3.294s] -- Up-to-date: /root/workspaces/turtlebot_operation_norasheikhly/install/obstacle_interfaces/share/obstacle_interfaces/rust/build.rs
[3.319s] -- Up-to-date: /root/workspaces/turtlebot_operation_norasheikhly/install/obstacle_interfaces/share/obstacle_interfaces/srv/SetDirection.idl
[3.346s] -- Up-to-date: /root/workspaces/turtlebot_operation_norasheikhly/install/obstacle_interfaces/share/obstacle_interfaces/srv/SetDirection.srv
[3.366s] -- Up-to-date: /root/workspaces/turtlebot_operation_norasheikhly/install/obstacle_interfaces/share/ament_index/resource_index/package_run_dependencies/obstacle_interfaces
[3.394s] -- Up-to-date: /root/workspaces/turtlebot_operation_norasheikhly/install/obstacle_interfaces/share/ament_index/resource_index/parent_prefix_path/obstacle_interfaces
[3.414s] -- Up-to-date: /root/workspaces/turtlebot_operation_norasheikhly/install/obstacle_interfaces/share/obstacle_interfaces/environment/ament_prefix_path.sh
[3.414s] -- Up-to-date: /root/workspaces/turtlebot_operation_norasheikhly/install/obstacle_interfaces/share/obstacle_interfaces/environment/ament_prefix_path.dsv
[3.433s] -- Up-to-date: /root/workspaces/turtlebot_operation_norasheikhly/install/obstacle_interfaces/share/obstacle_interfaces/environment/path.sh
[3.434s] -- Up-to-date: /root/workspaces/turtlebot_operation_norasheikhly/install/obstacle_interfaces/share/obstacle_interfaces/environment/path.dsv
[3.452s] -- Up-to-date: /root/workspaces/turtlebot_operation_norasheikhly/install/obstacle_interfaces/share/obstacle_interfaces/local_setup.bash
[3.486s] -- Up-to-date: /root/workspaces/turtlebot_operation_norasheikhly/install/obstacle_interfaces/share/obstacle_interfaces/local_setup.sh
[3.492s] -- Up-to-date: /root/workspaces/turtlebot_operation_norasheikhly/install/obstacle_interfaces/share/obstacle_interfaces/local_setup.zsh
[3.506s] -- Up-to-date: /root/workspaces/turtlebot_operation_norasheikhly/install/obstacle_interfaces/share/obstacle_interfaces/local_setup.dsv
[3.529s] -- Installing: /root/workspaces/turtlebot_operation_norasheikhly/install/obstacle_interfaces/share/obstacle_interfaces/package.dsv
[3.549s] -- Up-to-date: /root/workspaces/turtlebot_operation_norasheikhly/install/obstacle_interfaces/share/ament_index/resource_index/packages/obstacle_interfaces
[3.570s] -- Up-to-date: /root/workspaces/turtlebot_operation_norasheikhly/install/obstacle_interfaces/share/obstacle_interfaces/cmake/export_obstacle_interfaces__rosidl_generator_cExport.cmake
[3.585s] -- Up-to-date: /root/workspaces/turtlebot_operation_norasheikhly/install/obstacle_interfaces/share/obstacle_interfaces/cmake/export_obstacle_interfaces__rosidl_generator_cExport-noconfig.cmake
[3.593s] -- Up-to-date: /root/workspaces/turtlebot_operation_norasheikhly/install/obstacle_interfaces/share/obstacle_interfaces/cmake/export_obstacle_interfaces__rosidl_typesupport_fastrtps_cExport.cmake
[3.612s] -- Up-to-date: /root/workspaces/turtlebot_operation_norasheikhly/install/obstacle_interfaces/share/obstacle_interfaces/cmake/export_obstacle_interfaces__rosidl_typesupport_fastrtps_cExport-noconfig.cmake
[3.642s] -- Up-to-date: /root/workspaces/turtlebot_operation_norasheikhly/install/obstacle_interfaces/share/obstacle_interfaces/cmake/obstacle_interfaces__rosidl_typesupport_introspection_cExport.cmake
[3.642s] -- Up-to-date: /root/workspaces/turtlebot_operation_norasheikhly/install/obstacle_interfaces/share/obstacle_interfaces/cmake/obstacle_interfaces__rosidl_typesupport_introspection_cExport-noconfig.cmake
[3.654s] -- Up-to-date: /root/workspaces/turtlebot_operation_norasheikhly/install/obstacle_interfaces/share/obstacle_interfaces/cmake/obstacle_interfaces__rosidl_typesupport_cExport.cmake
[3.664s] -- Up-to-date: /root/workspaces/turtlebot_operation_norasheikhly/install/obstacle_interfaces/share/obstacle_interfaces/cmake/obstacle_interfaces__rosidl_typesupport_cExport-noconfig.cmake
[3.683s] -- Up-to-date: /root/workspaces/turtlebot_operation_norasheikhly/install/obstacle_interfaces/share/obstacle_interfaces/cmake/export_obstacle_interfaces__rosidl_generator_cppExport.cmake
[3.709s] -- Up-to-date: /root/workspaces/turtlebot_operation_norasheikhly/install/obstacle_interfaces/share/obstacle_interfaces/cmake/export_obstacle_interfaces__rosidl_typesupport_fastrtps_cppExport.cmake
[3.714s] -- Up-to-date: /root/workspaces/turtlebot_operation_norasheikhly/install/obstacle_interfaces/share/obstacle_interfaces/cmake/export_obstacle_interfaces__rosidl_typesupport_fastrtps_cppExport-noconfig.cmake
[3.727s] -- Up-to-date: /root/workspaces/turtlebot_operation_norasheikhly/install/obstacle_interfaces/share/obstacle_interfaces/cmake/obstacle_interfaces__rosidl_typesupport_introspection_cppExport.cmake
[3.747s] -- Up-to-date: /root/workspaces/turtlebot_operation_norasheikhly/install/obstacle_interfaces/share/obstacle_interfaces/cmake/obstacle_interfaces__rosidl_typesupport_introspection_cppExport-noconfig.cmake
[3.770s] -- Up-to-date: /root/workspaces/turtlebot_operation_norasheikhly/install/obstacle_interfaces/share/obstacle_interfaces/cmake/obstacle_interfaces__rosidl_typesupport_cppExport.cmake
[3.805s] -- Up-to-date: /root/workspaces/turtlebot_operation_norasheikhly/install/obstacle_interfaces/share/obstacle_interfaces/cmake/obstacle_interfaces__rosidl_typesupport_cppExport-noconfig.cmake
[3.828s] -- Up-to-date: /root/workspaces/turtlebot_operation_norasheikhly/install/obstacle_interfaces/share/obstacle_interfaces/cmake/export_obstacle_interfaces__rosidl_generator_pyExport.cmake
[3.838s] -- Up-to-date: /root/workspaces/turtlebot_operation_norasheikhly/install/obstacle_interfaces/share/obstacle_interfaces/cmake/export_obstacle_interfaces__rosidl_generator_pyExport-noconfig.cmake
[3.838s] -- Up-to-date: /root/workspaces/turtlebot_operation_norasheikhly/install/obstacle_interfaces/share/obstacle_interfaces/cmake/rosidl_cmake-extras.cmake
[3.838s] -- Up-to-date: /root/workspaces/turtlebot_operation_norasheikhly/install/obstacle_interfaces/share/obstacle_interfaces/cmake/ament_cmake_export_dependencies-extras.cmake
[3.838s] -- Up-to-date: /root/workspaces/turtlebot_operation_norasheikhly/install/obstacle_interfaces/share/obstacle_interfaces/cmake/ament_cmake_export_include_directories-extras.cmake
[3.838s] -- Up-to-date: /root/workspaces/turtlebot_operation_norasheikhly/install/obstacle_interfaces/share/obstacle_interfaces/cmake/ament_cmake_export_libraries-extras.cmake
[3.839s] -- Up-to-date: /root/workspaces/turtlebot_operation_norasheikhly/install/obstacle_interfaces/share/obstacle_interfaces/cmake/ament_cmake_export_targets-extras.cmake
[3.839s] -- Up-to-date: /root/workspaces/turtlebot_operation_norasheikhly/install/obstacle_interfaces/share/obstacle_interfaces/cmake/rosidl_cmake_export_typesupport_targets-extras.cmake
[3.839s] -- Up-to-date: /root/workspaces/turtlebot_operation_norasheikhly/install/obstacle_interfaces/share/obstacle_interfaces/cmake/rosidl_cmake_export_typesupport_libraries-extras.cmake
[3.839s] -- Up-to-date: /root/workspaces/turtlebot_operation_norasheikhly/install/obstacle_interfaces/share/obstacle_interfaces/cmake/rosidl_cmake_aggregate_target-extras.cmake
[3.839s] -- Up-to-date: /root/workspaces/turtlebot_operation_norasheikhly/install/obstacle_interfaces/share/obstacle_interfaces/cmake/obstacle_interfacesConfig.cmake
[3.839s] -- Up-to-date: /root/workspaces/turtlebot_operation_norasheikhly/install/obstacle_interfaces/share/obstacle_interfaces/cmake/obstacle_interfacesConfig-version.cmake
[3.839s] -- Up-to-date: /root/workspaces/turtlebot_operation_norasheikhly/install/obstacle_interfaces/share/obstacle_interfaces/package.xml
[3.839s] Invoked command in '/root/workspaces/turtlebot_operation_norasheikhly/build/obstacle_interfaces' returned '0': CMAKE_PREFIX_PATH=${CMAKE_PREFIX_PATH}:/root/workspaces/turtlebot_operation_norasheikhly/install/obstacle_controller:/opt/ros/jazzy /usr/bin/cmake --install /root/workspaces/turtlebot_operation_norasheikhly/build/obstacle_interfaces
