[0.122s] DEBUG:colcon:Command line arguments: ['/usr/bin/colcon', 'build', '--packages-select', 'turtlebot_controller']
[0.122s] DEBUG:colcon:Parsed command line arguments: Namespace(log_base=None, log_level=None, verb_name='build', build_base='build', install_base='install', merge_install=False, symlink_install=False, test_result_base=None, continue_on_error=False, executor='parallel', parallel_workers=4, event_handlers=None, ignore_user_meta=False, metas=['./colcon.meta'], base_paths=['.'], packages_ignore=None, packages_ignore_regex=None, paths=None, packages_up_to=None, packages_up_to_regex=None, packages_above=None, packages_above_and_dependencies=None, packages_above_depth=None, packages_select_by_dep=None, packages_skip_by_dep=None, packages_skip_up_to=None, packages_select_build_failed=False, packages_skip_build_finished=False, packages_select_test_failures=False, packages_skip_test_passed=False, packages_select=['turtlebot_controller'], packages_skip=None, packages_select_regex=None, packages_skip_regex=None, packages_start=None, packages_end=None, allow_overriding=[], cmake_args=None, cmake_target=None, cmake_target_skip_unavailable=False, cmake_clean_cache=False, cmake_clean_first=False, cmake_force_configure=False, ament_cmake_args=None, catkin_cmake_args=None, catkin_skip_building_tests=False, verb_parser=<colcon_defaults.argument_parser.defaults.DefaultArgumentsDecorator object at 0x7f8099fd9460>, verb_extension=<colcon_core.verb.build.BuildVerb object at 0x7f8099fd9370>, main=<bound method BuildVerb.main of <colcon_core.verb.build.BuildVerb object at 0x7f8099fd9370>>)
[0.167s] Level 1:colcon.colcon_core.package_discovery:discover_packages(colcon_meta) check parameters
[0.167s] Level 1:colcon.colcon_core.package_discovery:discover_packages(recursive) check parameters
[0.171s] Level 1:colcon.colcon_core.package_discovery:discover_packages(ignore) check parameters
[0.175s] Level 1:colcon.colcon_core.package_discovery:discover_packages(path) check parameters
[0.180s] Level 1:colcon.colcon_core.package_discovery:discover_packages(colcon_meta) discover
[0.184s] Level 1:colcon.colcon_core.package_discovery:discover_packages(recursive) discover
[0.189s] INFO:colcon.colcon_core.package_discovery:Crawling recursively for packages in '/root/workspaces/turtlebot-controller-nora-elsheikhly'
[0.193s] Level 1:colcon.colcon_core.package_identification:_identify(.) by extensions ['ignore', 'ignore_ament_install']
[0.197s] Level 1:colcon.colcon_core.package_identification:_identify(.) by extension 'ignore'
[0.201s] Level 1:colcon.colcon_core.package_identification:_identify(.) by extension 'ignore_ament_install'
[0.205s] Level 1:colcon.colcon_core.package_identification:_identify(.) by extensions ['colcon_pkg']
[0.210s] Level 1:colcon.colcon_core.package_identification:_identify(.) by extension 'colcon_pkg'
[0.218s] Level 1:colcon.colcon_core.package_identification:_identify(.) by extensions ['colcon_meta']
[0.227s] Level 1:colcon.colcon_core.package_identification:_identify(.) by extension 'colcon_meta'
[0.234s] Level 1:colcon.colcon_core.package_identification:_identify(.) by extensions ['ros']
[0.238s] Level 1:colcon.colcon_core.package_identification:_identify(.) by extension 'ros'
[0.266s] Level 1:colcon.colcon_core.package_identification:_identify(.) by extensions ['cmake', 'python']
[0.266s] Level 1:colcon.colcon_core.package_identification:_identify(.) by extension 'cmake'
[0.266s] Level 1:colcon.colcon_core.package_identification:_identify(.) by extension 'python'
[0.272s] Level 1:colcon.colcon_core.package_identification:_identify(.) by extensions ['python_setup_py']
[0.276s] Level 1:colcon.colcon_core.package_identification:_identify(.) by extension 'python_setup_py'
[0.282s] Level 1:colcon.colcon_core.package_identification:_identify(build) by extensions ['ignore', 'ignore_ament_install']
[0.286s] Level 1:colcon.colcon_core.package_identification:_identify(build) by extension 'ignore'
[0.290s] Level 1:colcon.colcon_core.package_identification:_identify(build) ignored
[0.296s] Level 1:colcon.colcon_core.package_identification:_identify(install) by extensions ['ignore', 'ignore_ament_install']
[0.301s] Level 1:colcon.colcon_core.package_identification:_identify(install) by extension 'ignore'
[0.305s] Level 1:colcon.colcon_core.package_identification:_identify(install) ignored
[0.314s] Level 1:colcon.colcon_core.package_identification:_identify(log) by extensions ['ignore', 'ignore_ament_install']
[0.315s] Level 1:colcon.colcon_core.package_identification:_identify(log) by extension 'ignore'
[0.320s] Level 1:colcon.colcon_core.package_identification:_identify(log) ignored
[0.325s] Level 1:colcon.colcon_core.package_identification:_identify(src) by extensions ['ignore', 'ignore_ament_install']
[0.330s] Level 1:colcon.colcon_core.package_identification:_identify(src) by extension 'ignore'
[0.334s] Level 1:colcon.colcon_core.package_identification:_identify(src) by extension 'ignore_ament_install'
[0.340s] Level 1:colcon.colcon_core.package_identification:_identify(src) by extensions ['colcon_pkg']
[0.344s] Level 1:colcon.colcon_core.package_identification:_identify(src) by extension 'colcon_pkg'
[0.348s] Level 1:colcon.colcon_core.package_identification:_identify(src) by extensions ['colcon_meta']
[0.353s] Level 1:colcon.colcon_core.package_identification:_identify(src) by extension 'colcon_meta'
[0.357s] Level 1:colcon.colcon_core.package_identification:_identify(src) by extensions ['ros']
[0.361s] Level 1:colcon.colcon_core.package_identification:_identify(src) by extension 'ros'
[0.365s] Level 1:colcon.colcon_core.package_identification:_identify(src) by extensions ['cmake', 'python']
[0.370s] Level 1:colcon.colcon_core.package_identification:_identify(src) by extension 'cmake'
[0.375s] Level 1:colcon.colcon_core.package_identification:_identify(src) by extension 'python'
[0.380s] Level 1:colcon.colcon_core.package_identification:_identify(src) by extensions ['python_setup_py']
[0.384s] Level 1:colcon.colcon_core.package_identification:_identify(src) by extension 'python_setup_py'
[0.389s] Level 1:colcon.colcon_core.package_identification:_identify(src/turtlebot_controller) by extensions ['ignore', 'ignore_ament_install']
[0.394s] Level 1:colcon.colcon_core.package_identification:_identify(src/turtlebot_controller) by extension 'ignore'
[0.398s] Level 1:colcon.colcon_core.package_identification:_identify(src/turtlebot_controller) by extension 'ignore_ament_install'
[0.414s] Level 1:colcon.colcon_core.package_identification:_identify(src/turtlebot_controller) by extensions ['colcon_pkg']
[0.419s] Level 1:colcon.colcon_core.package_identification:_identify(src/turtlebot_controller) by extension 'colcon_pkg'
[0.423s] Level 1:colcon.colcon_core.package_identification:_identify(src/turtlebot_controller) by extensions ['colcon_meta']
[0.428s] Level 1:colcon.colcon_core.package_identification:_identify(src/turtlebot_controller) by extension 'colcon_meta'
[0.432s] Level 1:colcon.colcon_core.package_identification:_identify(src/turtlebot_controller) by extensions ['ros']
[0.437s] Level 1:colcon.colcon_core.package_identification:_identify(src/turtlebot_controller) by extension 'ros'
[0.447s] DEBUG:colcon.colcon_core.package_identification:Package 'src/turtlebot_controller' with type 'ros.ament_python' and name 'turtlebot_controller'
[0.448s] Level 1:colcon.colcon_core.package_identification:_identify(turtlebot-controller-nora-elsheikhly) by extensions ['ignore', 'ignore_ament_install']
[0.452s] Level 1:colcon.colcon_core.package_identification:_identify(turtlebot-controller-nora-elsheikhly) by extension 'ignore'
[0.459s] Level 1:colcon.colcon_core.package_identification:_identify(turtlebot-controller-nora-elsheikhly) by extension 'ignore_ament_install'
[0.463s] Level 1:colcon.colcon_core.package_identification:_identify(turtlebot-controller-nora-elsheikhly) by extensions ['colcon_pkg']
[0.468s] Level 1:colcon.colcon_core.package_identification:_identify(turtlebot-controller-nora-elsheikhly) by extension 'colcon_pkg'
[0.473s] Level 1:colcon.colcon_core.package_identification:_identify(turtlebot-controller-nora-elsheikhly) by extensions ['colcon_meta']
[0.477s] Level 1:colcon.colcon_core.package_identification:_identify(turtlebot-controller-nora-elsheikhly) by extension 'colcon_meta'
[0.477s] Level 1:colcon.colcon_core.package_identification:_identify(turtlebot-controller-nora-elsheikhly) by extensions ['ros']
[0.477s] Level 1:colcon.colcon_core.package_identification:_identify(turtlebot-controller-nora-elsheikhly) by extension 'ros'
[0.482s] Level 1:colcon.colcon_core.package_identification:_identify(turtlebot-controller-nora-elsheikhly) by extensions ['cmake', 'python']
[0.486s] Level 1:colcon.colcon_core.package_identification:_identify(turtlebot-controller-nora-elsheikhly) by extension 'cmake'
[0.491s] Level 1:colcon.colcon_core.package_identification:_identify(turtlebot-controller-nora-elsheikhly) by extension 'python'
[0.496s] Level 1:colcon.colcon_core.package_identification:_identify(turtlebot-controller-nora-elsheikhly) by extensions ['python_setup_py']
[0.500s] Level 1:colcon.colcon_core.package_identification:_identify(turtlebot-controller-nora-elsheikhly) by extension 'python_setup_py'
[0.510s] Level 1:colcon.colcon_core.package_identification:_identify(turtlebot-controller-nora-elsheikhly/data) by extensions ['ignore', 'ignore_ament_install']
[0.513s] Level 1:colcon.colcon_core.package_identification:_identify(turtlebot-controller-nora-elsheikhly/data) by extension 'ignore'
[0.519s] Level 1:colcon.colcon_core.package_identification:_identify(turtlebot-controller-nora-elsheikhly/data) by extension 'ignore_ament_install'
[0.523s] Level 1:colcon.colcon_core.package_identification:_identify(turtlebot-controller-nora-elsheikhly/data) by extensions ['colcon_pkg']
[0.527s] Level 1:colcon.colcon_core.package_identification:_identify(turtlebot-controller-nora-elsheikhly/data) by extension 'colcon_pkg'
[0.532s] Level 1:colcon.colcon_core.package_identification:_identify(turtlebot-controller-nora-elsheikhly/data) by extensions ['colcon_meta']
[0.536s] Level 1:colcon.colcon_core.package_identification:_identify(turtlebot-controller-nora-elsheikhly/data) by extension 'colcon_meta'
[0.540s] Level 1:colcon.colcon_core.package_identification:_identify(turtlebot-controller-nora-elsheikhly/data) by extensions ['ros']
[0.548s] Level 1:colcon.colcon_core.package_identification:_identify(turtlebot-controller-nora-elsheikhly/data) by extension 'ros'
[0.552s] Level 1:colcon.colcon_core.package_identification:_identify(turtlebot-controller-nora-elsheikhly/data) by extensions ['cmake', 'python']
[0.557s] Level 1:colcon.colcon_core.package_identification:_identify(turtlebot-controller-nora-elsheikhly/data) by extension 'cmake'
[0.561s] Level 1:colcon.colcon_core.package_identification:_identify(turtlebot-controller-nora-elsheikhly/data) by extension 'python'
[0.566s] Level 1:colcon.colcon_core.package_identification:_identify(turtlebot-controller-nora-elsheikhly/data) by extensions ['python_setup_py']
[0.570s] Level 1:colcon.colcon_core.package_identification:_identify(turtlebot-controller-nora-elsheikhly/data) by extension 'python_setup_py'
[0.574s] Level 1:colcon.colcon_core.package_discovery:discover_packages(recursive) using defaults
[0.579s] Level 1:colcon.colcon_core.package_discovery:discover_packages(ignore) discover
[0.583s] Level 1:colcon.colcon_core.package_discovery:discover_packages(ignore) using defaults
[0.588s] Level 1:colcon.colcon_core.package_discovery:discover_packages(path) discover
[0.592s] Level 1:colcon.colcon_core.package_discovery:discover_packages(path) using defaults
[0.616s] Level 1:colcon.colcon_core.package_discovery:discover_packages(prefix_path) check parameters
[0.616s] Level 1:colcon.colcon_core.package_discovery:discover_packages(prefix_path) discover
[0.632s] DEBUG:colcon.colcon_installed_package_information.package_discovery:Found 4 installed packages in /root/workspaces/turtlebot_ws/install
[0.635s] DEBUG:colcon.colcon_installed_package_information.package_discovery:Found 455 installed packages in /opt/ros/jazzy
[0.638s] Level 1:colcon.colcon_core.package_discovery:discover_packages(prefix_path) using defaults
[0.701s] Level 5:colcon.colcon_core.verb:set package 'turtlebot_controller' build argument 'cmake_args' from command line to 'None'
[0.702s] Level 5:colcon.colcon_core.verb:set package 'turtlebot_controller' build argument 'cmake_target' from command line to 'None'
[0.702s] Level 5:colcon.colcon_core.verb:set package 'turtlebot_controller' build argument 'cmake_target_skip_unavailable' from command line to 'False'
[0.707s] Level 5:colcon.colcon_core.verb:set package 'turtlebot_controller' build argument 'cmake_clean_cache' from command line to 'False'
[0.711s] Level 5:colcon.colcon_core.verb:set package 'turtlebot_controller' build argument 'cmake_clean_first' from command line to 'False'
[0.715s] Level 5:colcon.colcon_core.verb:set package 'turtlebot_controller' build argument 'cmake_force_configure' from command line to 'False'
[0.721s] Level 5:colcon.colcon_core.verb:set package 'turtlebot_controller' build argument 'ament_cmake_args' from command line to 'None'
[0.721s] Level 5:colcon.colcon_core.verb:set package 'turtlebot_controller' build argument 'catkin_cmake_args' from command line to 'None'
[0.721s] Level 5:colcon.colcon_core.verb:set package 'turtlebot_controller' build argument 'catkin_skip_building_tests' from command line to 'False'
[0.721s] DEBUG:colcon.colcon_core.verb:Building package 'turtlebot_controller' with the following arguments: {'ament_cmake_args': None, 'build_base': '/root/workspaces/turtlebot-controller-nora-elsheikhly/build/turtlebot_controller', 'catkin_cmake_args': None, 'catkin_skip_building_tests': False, 'cmake_args': None, 'cmake_clean_cache': False, 'cmake_clean_first': False, 'cmake_force_configure': False, 'cmake_target': None, 'cmake_target_skip_unavailable': False, 'install_base': '/root/workspaces/turtlebot-controller-nora-elsheikhly/install/turtlebot_controller', 'merge_install': False, 'path': '/root/workspaces/turtlebot-controller-nora-elsheikhly/src/turtlebot_controller', 'symlink_install': False, 'test_result_base': None}
[0.721s] INFO:colcon.colcon_core.executor:Executing jobs using 'parallel' executor
[0.726s] DEBUG:colcon.colcon_parallel_executor.executor.parallel:run_until_complete
[0.730s] INFO:colcon.colcon_ros.task.ament_python.build:Building ROS package in '/root/workspaces/turtlebot-controller-nora-elsheikhly/src/turtlebot_controller' with build type 'ament_python'
[0.736s] Level 1:colcon.colcon_core.shell:create_environment_hook('turtlebot_controller', 'ament_prefix_path')
[0.737s] INFO:colcon.colcon_core.plugin_system:Skipping extension 'colcon_core.shell.bat': Not used on non-Windows systems
[0.737s] INFO:colcon.colcon_core.shell:Creating environment hook '/root/workspaces/turtlebot-controller-nora-elsheikhly/install/turtlebot_controller/share/turtlebot_controller/hook/ament_prefix_path.ps1'
[0.753s] INFO:colcon.colcon_core.shell:Creating environment descriptor '/root/workspaces/turtlebot-controller-nora-elsheikhly/install/turtlebot_controller/share/turtlebot_controller/hook/ament_prefix_path.dsv'
[0.771s] INFO:colcon.colcon_core.shell:Creating environment hook '/root/workspaces/turtlebot-controller-nora-elsheikhly/install/turtlebot_controller/share/turtlebot_controller/hook/ament_prefix_path.sh'
[0.789s] INFO:colcon.colcon_core.shell:Skip shell extension 'powershell' for command environment: Not usable outside of PowerShell
[0.789s] DEBUG:colcon.colcon_core.shell:Skip shell extension 'dsv' for command environment
[1.042s] INFO:colcon.colcon_core.task.python.build:Building Python package in '/root/workspaces/turtlebot-controller-nora-elsheikhly/src/turtlebot_controller'
[1.043s] INFO:colcon.colcon_core.shell:Skip shell extension 'powershell' for command environment: Not usable outside of PowerShell
[1.047s] DEBUG:colcon.colcon_core.shell:Skip shell extension 'dsv' for command environment
[1.700s] DEBUG:colcon.colcon_core.task.python.build:Available setuptools commands: bdist_wheel, bdist, bdist_rpm, dist_info, install, sdist, build_clib, install_data, compile_catalog, setopt, install_lib, build, clean, extract_messages, alias, symlink_data, register, check, easy_install, saveopts, init_catalog, upload_docs, build_py, build_scripts, editable_wheel, bdist_egg, upload, install_egg_info, develop, egg_info, build_ext, install_headers, install_scripts, bdist_dumb, test, update_catalog, rotate
[1.738s] DEBUG:colcon.colcon_core.event_handler.log_command:Invoking command in '/root/workspaces/turtlebot-controller-nora-elsheikhly/src/turtlebot_controller': PYTHONPATH=/root/workspaces/turtlebot-controller-nora-elsheikhly/build/turtlebot_controller/prefix_override:/usr/lib/python3/dist-packages/colcon_core/task/python/colcon_distutils_commands:/root/workspaces/turtlebot-controller-nora-elsheikhly/install/turtlebot_controller/lib/python3.12/site-packages:${PYTHONPATH} /usr/bin/python3 -W ignore:setup.py install is deprecated -W ignore:easy_install command is deprecated setup.py egg_info --egg-base ../../build/turtlebot_controller build --build-base /root/workspaces/turtlebot-controller-nora-elsheikhly/build/turtlebot_controller/build install --record /root/workspaces/turtlebot-controller-nora-elsheikhly/build/turtlebot_controller/install.log --install-scripts $base/lib/turtlebot_controller --single-version-externally-managed install_data
[2.705s] DEBUG:colcon.colcon_core.event_handler.log_command:Invoked command in '/root/workspaces/turtlebot-controller-nora-elsheikhly/src/turtlebot_controller' returned '0': PYTHONPATH=/root/workspaces/turtlebot-controller-nora-elsheikhly/build/turtlebot_controller/prefix_override:/usr/lib/python3/dist-packages/colcon_core/task/python/colcon_distutils_commands:/root/workspaces/turtlebot-controller-nora-elsheikhly/install/turtlebot_controller/lib/python3.12/site-packages:${PYTHONPATH} /usr/bin/python3 -W ignore:setup.py install is deprecated -W ignore:easy_install command is deprecated setup.py egg_info --egg-base ../../build/turtlebot_controller build --build-base /root/workspaces/turtlebot-controller-nora-elsheikhly/build/turtlebot_controller/build install --record /root/workspaces/turtlebot-controller-nora-elsheikhly/build/turtlebot_controller/install.log --install-scripts $base/lib/turtlebot_controller --single-version-externally-managed install_data
[2.706s] Level 1:colcon.colcon_core.environment:checking '/root/workspaces/turtlebot-controller-nora-elsheikhly/install/turtlebot_controller' for CMake module files
[2.715s] Level 1:colcon.colcon_core.environment:checking '/root/workspaces/turtlebot-controller-nora-elsheikhly/install/turtlebot_controller' for CMake config files
[2.729s] Level 1:colcon.colcon_core.environment:checking '/root/workspaces/turtlebot-controller-nora-elsheikhly/install/turtlebot_controller/lib'
[2.730s] Level 1:colcon.colcon_core.environment:checking '/root/workspaces/turtlebot-controller-nora-elsheikhly/install/turtlebot_controller/bin'
[2.734s] Level 1:colcon.colcon_core.environment:checking '/root/workspaces/turtlebot-controller-nora-elsheikhly/install/turtlebot_controller/lib/pkgconfig/turtlebot_controller.pc'
[2.742s] Level 1:colcon.colcon_core.environment:checking '/root/workspaces/turtlebot-controller-nora-elsheikhly/install/turtlebot_controller/lib/python3.12/site-packages'
[2.746s] Level 1:colcon.colcon_core.shell:create_environment_hook('turtlebot_controller', 'pythonpath')
[2.746s] INFO:colcon.colcon_core.shell:Creating environment hook '/root/workspaces/turtlebot-controller-nora-elsheikhly/install/turtlebot_controller/share/turtlebot_controller/hook/pythonpath.ps1'
[2.762s] INFO:colcon.colcon_core.shell:Creating environment descriptor '/root/workspaces/turtlebot-controller-nora-elsheikhly/install/turtlebot_controller/share/turtlebot_controller/hook/pythonpath.dsv'
[2.777s] INFO:colcon.colcon_core.shell:Creating environment hook '/root/workspaces/turtlebot-controller-nora-elsheikhly/install/turtlebot_controller/share/turtlebot_controller/hook/pythonpath.sh'
[2.792s] Level 1:colcon.colcon_core.environment:checking '/root/workspaces/turtlebot-controller-nora-elsheikhly/install/turtlebot_controller/bin'
[2.792s] Level 1:colcon.colcon_core.environment:create_environment_scripts_only(turtlebot_controller)
[2.798s] INFO:colcon.colcon_core.shell:Creating package script '/root/workspaces/turtlebot-controller-nora-elsheikhly/install/turtlebot_controller/share/turtlebot_controller/package.ps1'
[2.818s] INFO:colcon.colcon_core.shell:Creating package descriptor '/root/workspaces/turtlebot-controller-nora-elsheikhly/install/turtlebot_controller/share/turtlebot_controller/package.dsv'
[2.833s] INFO:colcon.colcon_core.shell:Creating package script '/root/workspaces/turtlebot-controller-nora-elsheikhly/install/turtlebot_controller/share/turtlebot_controller/package.sh'
[2.848s] INFO:colcon.colcon_core.shell:Creating package script '/root/workspaces/turtlebot-controller-nora-elsheikhly/install/turtlebot_controller/share/turtlebot_controller/package.bash'
[2.862s] INFO:colcon.colcon_core.shell:Creating package script '/root/workspaces/turtlebot-controller-nora-elsheikhly/install/turtlebot_controller/share/turtlebot_controller/package.zsh'
[2.876s] Level 1:colcon.colcon_core.environment:create_file_with_runtime_dependencies(/root/workspaces/turtlebot-controller-nora-elsheikhly/install/turtlebot_controller/share/colcon-core/packages/turtlebot_controller)
[2.895s] DEBUG:colcon.colcon_parallel_executor.executor.parallel:closing loop
[2.896s] DEBUG:colcon.colcon_parallel_executor.executor.parallel:loop closed
[2.902s] DEBUG:colcon.colcon_parallel_executor.executor.parallel:run_until_complete finished with '0'
[2.902s] DEBUG:colcon.colcon_core.event_reactor:joining thread
[2.923s] INFO:colcon.colcon_core.plugin_system:Skipping extension 'colcon_notification.desktop_notification.notify_send': Could not find 'notify-send'
[2.923s] INFO:colcon.colcon_core.plugin_system:Skipping extension 'colcon_notification.desktop_notification.terminal_notifier': Not used on non-Darwin systems
[2.928s] INFO:colcon.colcon_core.plugin_system:Skipping extension 'colcon_notification.desktop_notification.win32': Not used on non-Windows systems
[2.932s] INFO:colcon.colcon_notification.desktop_notification:Sending desktop notification using 'notify2'
[2.942s] DEBUG:colcon.colcon_notification.desktop_notification.notify2:Failed to initialize notify2: org.freedesktop.DBus.Error.Spawn.ExecFailed: /usr/bin/dbus-launch terminated abnormally without any error message
[2.943s] DEBUG:colcon.colcon_core.event_reactor:joined thread
[2.947s] INFO:colcon.colcon_core.shell:Creating prefix script '/root/workspaces/turtlebot-controller-nora-elsheikhly/install/local_setup.ps1'
[2.967s] INFO:colcon.colcon_core.shell:Creating prefix util module '/root/workspaces/turtlebot-controller-nora-elsheikhly/install/_local_setup_util_ps1.py'
[2.985s] INFO:colcon.colcon_core.shell:Creating prefix chain script '/root/workspaces/turtlebot-controller-nora-elsheikhly/install/setup.ps1'
[3.009s] INFO:colcon.colcon_core.shell:Creating prefix script '/root/workspaces/turtlebot-controller-nora-elsheikhly/install/local_setup.sh'
[3.028s] INFO:colcon.colcon_core.shell:Creating prefix util module '/root/workspaces/turtlebot-controller-nora-elsheikhly/install/_local_setup_util_sh.py'
[3.048s] INFO:colcon.colcon_core.shell:Creating prefix chain script '/root/workspaces/turtlebot-controller-nora-elsheikhly/install/setup.sh'
[3.070s] INFO:colcon.colcon_core.shell:Creating prefix script '/root/workspaces/turtlebot-controller-nora-elsheikhly/install/local_setup.bash'
[3.084s] INFO:colcon.colcon_core.shell:Creating prefix chain script '/root/workspaces/turtlebot-controller-nora-elsheikhly/install/setup.bash'
[3.106s] INFO:colcon.colcon_core.shell:Creating prefix script '/root/workspaces/turtlebot-controller-nora-elsheikhly/install/local_setup.zsh'
[3.123s] INFO:colcon.colcon_core.shell:Creating prefix chain script '/root/workspaces/turtlebot-controller-nora-elsheikhly/install/setup.zsh'
