[1.479s] Invoking command in '/root/workspaces/turtlebot_operation_norasheikhly/src/obstacle_controller': PYTHONPATH=/root/workspaces/turtlebot_operation_norasheikhly/build/obstacle_controller/prefix_override:/usr/lib/python3/dist-packages/colcon_core/task/python/colcon_distutils_commands:/root/workspaces/turtlebot_operation_norasheikhly/install/obstacle_controller/lib/python3.12/site-packages:${PYTHONPATH} /usr/bin/python3 -W ignore:setup.py install is deprecated -W ignore:easy_install command is deprecated setup.py egg_info --egg-base ../../build/obstacle_controller build --build-base /root/workspaces/turtlebot_operation_norasheikhly/build/obstacle_controller/build install --record /root/workspaces/turtlebot_operation_norasheikhly/build/obstacle_controller/install.log --install-scripts $base/lib/obstacle_controller --single-version-externally-managed install_data
[1.764s] running egg_info
[1.782s] creating ../../build/obstacle_controller/obstacle_controller.egg-info
[1.810s] writing ../../build/obstacle_controller/obstacle_controller.egg-info/PKG-INFO
[1.837s] writing dependency_links to ../../build/obstacle_controller/obstacle_controller.egg-info/dependency_links.txt
[1.854s] writing entry points to ../../build/obstacle_controller/obstacle_controller.egg-info/entry_points.txt
[1.870s] writing requirements to ../../build/obstacle_controller/obstacle_controller.egg-info/requires.txt
[1.887s] writing top-level names to ../../build/obstacle_controller/obstacle_controller.egg-info/top_level.txt
[1.907s] writing manifest file '../../build/obstacle_controller/obstacle_controller.egg-info/SOURCES.txt'
[1.974s] reading manifest file '../../build/obstacle_controller/obstacle_controller.egg-info/SOURCES.txt'
[1.987s] writing manifest file '../../build/obstacle_controller/obstacle_controller.egg-info/SOURCES.txt'
[1.999s] running build
[2.004s] running build_py
[2.015s] creating /root/workspaces/turtlebot_operation_norasheikhly/build/obstacle_controller/build
[2.016s] creating /root/workspaces/turtlebot_operation_norasheikhly/build/obstacle_controller/build/lib
[2.016s] creating /root/workspaces/turtlebot_operation_norasheikhly/build/obstacle_controller/build/lib/obstacle_controller
[2.016s] copying obstacle_controller/direction_autopilot_node.py -> /root/workspaces/turtlebot_operation_norasheikhly/build/obstacle_controller/build/lib/obstacle_controller
[2.035s] copying obstacle_controller/__init__.py -> /root/workspaces/turtlebot_operation_norasheikhly/build/obstacle_controller/build/lib/obstacle_controller
[2.051s] running install
[2.066s] running install_lib
[2.090s] creating /root/workspaces/turtlebot_operation_norasheikhly/install/obstacle_controller/lib/python3.12/site-packages/obstacle_controller
[2.106s] copying /root/workspaces/turtlebot_operation_norasheikhly/build/obstacle_controller/build/lib/obstacle_controller/direction_autopilot_node.py -> /root/workspaces/turtlebot_operation_norasheikhly/install/obstacle_controller/lib/python3.12/site-packages/obstacle_controller
[2.129s] copying /root/workspaces/turtlebot_operation_norasheikhly/build/obstacle_controller/build/lib/obstacle_controller/__init__.py -> /root/workspaces/turtlebot_operation_norasheikhly/install/obstacle_controller/lib/python3.12/site-packages/obstacle_controller
[2.154s] byte-compiling /root/workspaces/turtlebot_operation_norasheikhly/install/obstacle_controller/lib/python3.12/site-packages/obstacle_controller/direction_autopilot_node.py to direction_autopilot_node.cpython-312.pyc
[2.163s] Sorry: IndentationError: unexpected indent (direction_autopilot_node.py, line 108)
[2.172s] byte-compiling /root/workspaces/turtlebot_operation_norasheikhly/install/obstacle_controller/lib/python3.12/site-packages/obstacle_controller/__init__.py to __init__.cpython-312.pyc
[2.185s] running install_data
[2.194s] creating /root/workspaces/turtlebot_operation_norasheikhly/install/obstacle_controller/share/ament_index
[2.207s] creating /root/workspaces/turtlebot_operation_norasheikhly/install/obstacle_controller/share/ament_index/resource_index
[2.207s] creating /root/workspaces/turtlebot_operation_norasheikhly/install/obstacle_controller/share/ament_index/resource_index/packages
[2.215s] copying resource/obstacle_controller -> /root/workspaces/turtlebot_operation_norasheikhly/install/obstacle_controller/share/ament_index/resource_index/packages
[2.239s] copying package.xml -> /root/workspaces/turtlebot_operation_norasheikhly/install/obstacle_controller/share/obstacle_controller
[2.258s] running install_egg_info
[2.284s] Copying ../../build/obstacle_controller/obstacle_controller.egg-info to /root/workspaces/turtlebot_operation_norasheikhly/install/obstacle_controller/lib/python3.12/site-packages/obstacle_controller-0.0.0-py3.12.egg-info
[2.484s] running install_scripts
[2.676s] Installing direction_autopilot script to /root/workspaces/turtlebot_operation_norasheikhly/install/obstacle_controller/lib/obstacle_controller
[2.701s] writing list of installed files to '/root/workspaces/turtlebot_operation_norasheikhly/build/obstacle_controller/install.log'
[2.738s] Invoked command in '/root/workspaces/turtlebot_operation_norasheikhly/src/obstacle_controller' returned '0': PYTHONPATH=/root/workspaces/turtlebot_operation_norasheikhly/build/obstacle_controller/prefix_override:/usr/lib/python3/dist-packages/colcon_core/task/python/colcon_distutils_commands:/root/workspaces/turtlebot_operation_norasheikhly/install/obstacle_controller/lib/python3.12/site-packages:${PYTHONPATH} /usr/bin/python3 -W ignore:setup.py install is deprecated -W ignore:easy_install command is deprecated setup.py egg_info --egg-base ../../build/obstacle_controller build --build-base /root/workspaces/turtlebot_operation_norasheikhly/build/obstacle_controller/build install --record /root/workspaces/turtlebot_operation_norasheikhly/build/obstacle_controller/install.log --install-scripts $base/lib/obstacle_controller --single-version-externally-managed install_data
