[0.218s] Invoking command in '/root/workspaces/turtlebot_operation_norasheikhly/build/obstacle_interfaces': CMAKE_PREFIX_PATH=${CMAKE_PREFIX_PATH}:/root/workspaces/turtlebot_operation_norasheikhly/install/obstacle_controller:/opt/ros/jazzy /usr/bin/cmake --build /root/workspaces/turtlebot_operation_norasheikhly/build/obstacle_interfaces -- -j4 -l4
[0.528s] [  5%] Built target obstacle_interfaces__rosidl_generator_type_description
[0.537s] [  5%] Built target obstacle_interfaces__rs
[0.698s] [ 11%] Built target obstacle_interfaces__cpp
[0.802s] [ 22%] Built target obstacle_interfaces__rosidl_generator_c
[1.020s] [ 48%] Built target obstacle_interfaces__rosidl_typesupport_fastrtps_c
[1.021s] [ 48%] Built target obstacle_interfaces__rosidl_typesupport_introspection_c
[1.021s] [ 48%] Built target obstacle_interfaces__rosidl_typesupport_c
[1.196s] [ 74%] Built target obstacle_interfaces__rosidl_typesupport_fastrtps_cpp
[1.196s] [ 74%] Built target obstacle_interfaces__rosidl_typesupport_introspection_cpp
[1.198s] [ 74%] Built target obstacle_interfaces__rosidl_typesupport_cpp
[1.263s] [ 74%] Built target obstacle_interfaces
[1.330s] [ 74%] Built target ament_cmake_python_copy_obstacle_interfaces
[1.353s] [ 77%] Built target obstacle_interfaces__py
[1.508s] [ 82%] Built target obstacle_interfaces__rosidl_generator_py
[1.670s] [ 94%] Built target obstacle_interfaces_s__rosidl_typesupport_introspection_c
[1.699s] [100%] Built target obstacle_interfaces_s__rosidl_typesupport_fastrtps_c
[1.718s] [100%] Built target obstacle_interfaces_s__rosidl_typesupport_c
[1.916s] running egg_info
[1.975s] writing obstacle_interfaces.egg-info/PKG-INFO
[1.996s] writing dependency_links to obstacle_interfaces.egg-info/dependency_links.txt
[2.020s] writing top-level names to obstacle_interfaces.egg-info/top_level.txt
[2.181s] reading manifest file 'obstacle_interfaces.egg-info/SOURCES.txt'
[2.201s] writing manifest file 'obstacle_interfaces.egg-info/SOURCES.txt'
[2.274s] [100%] Built target ament_cmake_python_build_obstacle_interfaces_egg
[2.497s] Invoked command in '/root/workspaces/turtlebot_operation_norasheikhly/build/obstacle_interfaces' returned '0': CMAKE_PREFIX_PATH=${CMAKE_PREFIX_PATH}:/root/workspaces/turtlebot_operation_norasheikhly/install/obstacle_controller:/opt/ros/jazzy /usr/bin/cmake --build /root/workspaces/turtlebot_operation_norasheikhly/build/obstacle_interfaces -- -j4 -l4
[2.541s] Invoking command in '/root/workspaces/turtlebot_operation_norasheikhly/build/obstacle_interfaces': CMAKE_PREFIX_PATH=${CMAKE_PREFIX_PATH}:/root/workspaces/turtlebot_operation_norasheikhly/install/obstacle_controller:/opt/ros/jazzy /usr/bin/cmake --install /root/workspaces/turtlebot_operation_norasheikhly/build/obstacle_interfaces
[2.561s] -- Install configuration: ""
[2.567s] -- Up-to-date: /root/workspaces/turtlebot_operation_norasheikhly/install/obstacle_interfaces/share/ament_index/resource_index/rosidl_interfaces/obstacle_interfaces
[2.591s] -- Up-to-date: /root/workspaces/turtlebot_operation_norasheikhly/install/obstacle_interfaces/share/obstacle_interfaces/srv/SetDirection.json
[2.616s] -- Up-to-date: /root/workspaces/turtlebot_operation_norasheikhly/install/obstacle_interfaces/include/obstacle_interfaces/obstacle_interfaces
[2.629s] -- Up-to-date: /root/workspaces/turtlebot_operation_norasheikhly/install/obstacle_interfaces/include/obstacle_interfaces/obstacle_interfaces/srv
[2.635s] -- Up-to-date: /root/workspaces/turtlebot_operation_norasheikhly/install/obstacle_interfaces/include/obstacle_interfaces/obstacle_interfaces/srv/set_direction.h
[2.635s] -- Up-to-date: /root/workspaces/turtlebot_operation_norasheikhly/install/obstacle_interfaces/include/obstacle_interfaces/obstacle_interfaces/srv/detail
[2.635s] -- Up-to-date: /root/workspaces/turtlebot_operation_norasheikhly/install/obstacle_interfaces/include/obstacle_interfaces/obstacle_interfaces/srv/detail/set_direction__functions.c
[2.652s] -- Up-to-date: /root/workspaces/turtlebot_operation_norasheikhly/install/obstacle_interfaces/include/obstacle_interfaces/obstacle_interfaces/srv/detail/set_direction__type_support.h
[2.652s] -- Up-to-date: /root/workspaces/turtlebot_operation_norasheikhly/install/obstacle_interfaces/include/obstacle_interfaces/obstacle_interfaces/srv/detail/set_direction__functions.h
[2.653s] -- Up-to-date: /root/workspaces/turtlebot_operation_norasheikhly/install/obstacle_interfaces/include/obstacle_interfaces/obstacle_interfaces/srv/detail/set_direction__type_support.c
[2.679s] -- Up-to-date: /root/workspaces/turtlebot_operation_norasheikhly/install/obstacle_interfaces/include/obstacle_interfaces/obstacle_interfaces/srv/detail/set_direction__struct.h
[2.702s] -- Up-to-date: /root/workspaces/turtlebot_operation_norasheikhly/install/obstacle_interfaces/include/obstacle_interfaces/obstacle_interfaces/srv/detail/set_direction__description.c
[2.721s] -- Up-to-date: /root/workspaces/turtlebot_operation_norasheikhly/install/obstacle_interfaces/include/obstacle_interfaces/obstacle_interfaces/msg
[2.740s] -- Up-to-date: /root/workspaces/turtlebot_operation_norasheikhly/install/obstacle_interfaces/include/obstacle_interfaces/obstacle_interfaces/msg/rosidl_generator_c__visibility_control.h
[2.740s] -- Up-to-date: /root/workspaces/turtlebot_operation_norasheikhly/install/obstacle_interfaces/share/obstacle_interfaces/environment/library_path.sh
[2.740s] -- Up-to-date: /root/workspaces/turtlebot_operation_norasheikhly/install/obstacle_interfaces/share/obstacle_interfaces/environment/library_path.dsv
[2.740s] -- Up-to-date: /root/workspaces/turtlebot_operation_norasheikhly/install/obstacle_interfaces/lib/libobstacle_interfaces__rosidl_generator_c.so
[2.740s] -- Up-to-date: /root/workspaces/turtlebot_operation_norasheikhly/install/obstacle_interfaces/include/obstacle_interfaces/obstacle_interfaces
[2.742s] -- Up-to-date: /root/workspaces/turtlebot_operation_norasheikhly/install/obstacle_interfaces/include/obstacle_interfaces/obstacle_interfaces/srv
[2.760s] -- Up-to-date: /root/workspaces/turtlebot_operation_norasheikhly/install/obstacle_interfaces/include/obstacle_interfaces/obstacle_interfaces/srv/detail
[2.761s] -- Up-to-date: /root/workspaces/turtlebot_operation_norasheikhly/install/obstacle_interfaces/include/obstacle_interfaces/obstacle_interfaces/srv/detail/set_direction__rosidl_typesupport_fastrtps_c.h
[2.769s] -- Up-to-date: /root/workspaces/turtlebot_operation_norasheikhly/install/obstacle_interfaces/include/obstacle_interfaces/obstacle_interfaces/msg
[2.790s] -- Up-to-date: /root/workspaces/turtlebot_operation_norasheikhly/install/obstacle_interfaces/include/obstacle_interfaces/obstacle_interfaces/msg/rosidl_typesupport_fastrtps_c__visibility_control.h
[2.811s] -- Up-to-date: /root/workspaces/turtlebot_operation_norasheikhly/install/obstacle_interfaces/lib/libobstacle_interfaces__rosidl_typesupport_fastrtps_c.so
[2.815s] -- Up-to-date: /root/workspaces/turtlebot_operation_norasheikhly/install/obstacle_interfaces/include/obstacle_interfaces/obstacle_interfaces
[2.821s] -- Up-to-date: /root/workspaces/turtlebot_operation_norasheikhly/install/obstacle_interfaces/include/obstacle_interfaces/obstacle_interfaces/srv
[2.832s] -- Up-to-date: /root/workspaces/turtlebot_operation_norasheikhly/install/obstacle_interfaces/include/obstacle_interfaces/obstacle_interfaces/srv/detail
[2.850s] -- Up-to-date: /root/workspaces/turtlebot_operation_norasheikhly/install/obstacle_interfaces/include/obstacle_interfaces/obstacle_interfaces/srv/detail/set_direction__type_support.c
[2.861s] -- Up-to-date: /root/workspaces/turtlebot_operation_norasheikhly/install/obstacle_interfaces/include/obstacle_interfaces/obstacle_interfaces/srv/detail/set_direction__rosidl_typesupport_introspection_c.h
[2.861s] -- Up-to-date: /root/workspaces/turtlebot_operation_norasheikhly/install/obstacle_interfaces/include/obstacle_interfaces/obstacle_interfaces/msg
[2.874s] -- Up-to-date: /root/workspaces/turtlebot_operation_norasheikhly/install/obstacle_interfaces/include/obstacle_interfaces/obstacle_interfaces/msg/rosidl_typesupport_introspection_c__visibility_control.h
[2.892s] -- Up-to-date: /root/workspaces/turtlebot_operation_norasheikhly/install/obstacle_interfaces/lib/libobstacle_interfaces__rosidl_typesupport_introspection_c.so
[2.911s] -- Up-to-date: /root/workspaces/turtlebot_operation_norasheikhly/install/obstacle_interfaces/lib/libobstacle_interfaces__rosidl_typesupport_c.so
[2.929s] -- Up-to-date: /root/workspaces/turtlebot_operation_norasheikhly/install/obstacle_interfaces/include/obstacle_interfaces/obstacle_interfaces
[2.946s] -- Up-to-date: /root/workspaces/turtlebot_operation_norasheikhly/install/obstacle_interfaces/include/obstacle_interfaces/obstacle_interfaces/srv
[2.964s] -- Up-to-date: /root/workspaces/turtlebot_operation_norasheikhly/install/obstacle_interfaces/include/obstacle_interfaces/obstacle_interfaces/srv/set_direction.hpp
[2.984s] -- Up-to-date: /root/workspaces/turtlebot_operation_norasheikhly/install/obstacle_interfaces/include/obstacle_interfaces/obstacle_interfaces/srv/detail
[3.002s] -- Up-to-date: /root/workspaces/turtlebot_operation_norasheikhly/install/obstacle_interfaces/include/obstacle_interfaces/obstacle_interfaces/srv/detail/set_direction__type_support.hpp
[3.006s] -- Up-to-date: /root/workspaces/turtlebot_operation_norasheikhly/install/obstacle_interfaces/include/obstacle_interfaces/obstacle_interfaces/srv/detail/set_direction__struct.hpp
[3.007s] -- Up-to-date: /root/workspaces/turtlebot_operation_norasheikhly/install/obstacle_interfaces/include/obstacle_interfaces/obstacle_interfaces/srv/detail/set_direction__traits.hpp
[3.007s] -- Up-to-date: /root/workspaces/turtlebot_operation_norasheikhly/install/obstacle_interfaces/include/obstacle_interfaces/obstacle_interfaces/srv/detail/set_direction__builder.hpp
[3.007s] -- Up-to-date: /root/workspaces/turtlebot_operation_norasheikhly/install/obstacle_interfaces/include/obstacle_interfaces/obstacle_interfaces/msg
[3.007s] -- Up-to-date: /root/workspaces/turtlebot_operation_norasheikhly/install/obstacle_interfaces/include/obstacle_interfaces/obstacle_interfaces/msg/rosidl_generator_cpp__visibility_control.hpp
[3.007s] -- Up-to-date: /root/workspaces/turtlebot_operation_norasheikhly/install/obstacle_interfaces/include/obstacle_interfaces/obstacle_interfaces
[3.007s] -- Up-to-date: /root/workspaces/turtlebot_operation_norasheikhly/install/obstacle_interfaces/include/obstacle_interfaces/obstacle_interfaces/srv
[3.017s] -- Up-to-date: /root/workspaces/turtlebot_operation_norasheikhly/install/obstacle_interfaces/include/obstacle_interfaces/obstacle_interfaces/srv/detail
[3.027s] -- Up-to-date: /root/workspaces/turtlebot_operation_norasheikhly/install/obstacle_interfaces/include/obstacle_interfaces/obstacle_interfaces/srv/detail/dds_fastrtps
[3.046s] -- Up-to-date: /root/workspaces/turtlebot_operation_norasheikhly/install/obstacle_interfaces/include/obstacle_interfaces/obstacle_interfaces/srv/detail/set_direction__rosidl_typesupport_fastrtps_cpp.hpp
[3.050s] -- Up-to-date: /root/workspaces/turtlebot_operation_norasheikhly/install/obstacle_interfaces/include/obstacle_interfaces/obstacle_interfaces/msg
[3.050s] -- Up-to-date: /root/workspaces/turtlebot_operation_norasheikhly/install/obstacle_interfaces/include/obstacle_interfaces/obstacle_interfaces/msg/rosidl_typesupport_fastrtps_cpp__visibility_control.h
[3.066s] -- Up-to-date: /root/workspaces/turtlebot_operation_norasheikhly/install/obstacle_interfaces/lib/libobstacle_interfaces__rosidl_typesupport_fastrtps_cpp.so
[3.087s] -- Up-to-date: /root/workspaces/turtlebot_operation_norasheikhly/install/obstacle_interfaces/include/obstacle_interfaces/obstacle_interfaces
[3.106s] -- Up-to-date: /root/workspaces/turtlebot_operation_norasheikhly/install/obstacle_interfaces/include/obstacle_interfaces/obstacle_interfaces/srv
[3.125s] -- Up-to-date: /root/workspaces/turtlebot_operation_norasheikhly/install/obstacle_interfaces/include/obstacle_interfaces/obstacle_interfaces/srv/detail
[3.143s] -- Up-to-date: /root/workspaces/turtlebot_operation_norasheikhly/install/obstacle_interfaces/include/obstacle_interfaces/obstacle_interfaces/srv/detail/set_direction__type_support.cpp
[3.162s] -- Up-to-date: /root/workspaces/turtlebot_operation_norasheikhly/install/obstacle_interfaces/include/obstacle_interfaces/obstacle_interfaces/srv/detail/set_direction__rosidl_typesupport_introspection_cpp.hpp
[3.185s] -- Up-to-date: /root/workspaces/turtlebot_operation_norasheikhly/install/obstacle_interfaces/lib/libobstacle_interfaces__rosidl_typesupport_introspection_cpp.so
[3.185s] -- Up-to-date: /root/workspaces/turtlebot_operation_norasheikhly/install/obstacle_interfaces/lib/libobstacle_interfaces__rosidl_typesupport_cpp.so
[3.193s] -- Up-to-date: /root/workspaces/turtlebot_operation_norasheikhly/install/obstacle_interfaces/share/obstacle_interfaces/environment/pythonpath.sh
[3.208s] -- Up-to-date: /root/workspaces/turtlebot_operation_norasheikhly/install/obstacle_interfaces/share/obstacle_interfaces/environment/pythonpath.dsv
[3.226s] -- Up-to-date: /root/workspaces/turtlebot_operation_norasheikhly/install/obstacle_interfaces/lib/python3.12/site-packages/obstacle_interfaces-0.0.0-py3.12.egg-info
[3.231s] -- Installing: /root/workspaces/turtlebot_operation_norasheikhly/install/obstacle_interfaces/lib/python3.12/site-packages/obstacle_interfaces-0.0.0-py3.12.egg-info/top_level.txt
[3.260s] -- Installing: /root/workspaces/turtlebot_operation_norasheikhly/install/obstacle_interfaces/lib/python3.12/site-packages/obstacle_interfaces-0.0.0-py3.12.egg-info/SOURCES.txt
[3.306s] -- Installing: /root/workspaces/turtlebot_operation_norasheikhly/install/obstacle_interfaces/lib/python3.12/site-packages/obstacle_interfaces-0.0.0-py3.12.egg-info/dependency_links.txt
[3.355s] -- Installing: /root/workspaces/turtlebot_operation_norasheikhly/install/obstacle_interfaces/lib/python3.12/site-packages/obstacle_interfaces-0.0.0-py3.12.egg-info/PKG-INFO
[3.409s] -- Up-to-date: /root/workspaces/turtlebot_operation_norasheikhly/install/obstacle_interfaces/lib/python3.12/site-packages/obstacle_interfaces
[3.423s] -- Up-to-date: /root/workspaces/turtlebot_operation_norasheikhly/install/obstacle_interfaces/lib/python3.12/site-packages/obstacle_interfaces/_obstacle_interfaces_s.ep.rosidl_typesupport_c.c
[3.440s] -- Up-to-date: /root/workspaces/turtlebot_operation_norasheikhly/install/obstacle_interfaces/lib/python3.12/site-packages/obstacle_interfaces/_obstacle_interfaces_s.ep.rosidl_typesupport_introspection_c.c
[3.445s] -- Up-to-date: /root/workspaces/turtlebot_operation_norasheikhly/install/obstacle_interfaces/lib/python3.12/site-packages/obstacle_interfaces/_obstacle_interfaces_s.ep.rosidl_typesupport_fastrtps_c.c
[3.454s] -- Up-to-date: /root/workspaces/turtlebot_operation_norasheikhly/install/obstacle_interfaces/lib/python3.12/site-packages/obstacle_interfaces/obstacle_interfaces_s__rosidl_typesupport_c.so
[3.459s] -- Up-to-date: /root/workspaces/turtlebot_operation_norasheikhly/install/obstacle_interfaces/lib/python3.12/site-packages/obstacle_interfaces/obstacle_interfaces_s__rosidl_typesupport_introspection_c.so
[3.459s] -- Up-to-date: /root/workspaces/turtlebot_operation_norasheikhly/install/obstacle_interfaces/lib/python3.12/site-packages/obstacle_interfaces/obstacle_interfaces_s__rosidl_typesupport_fastrtps_c.so
[3.477s] -- Up-to-date: /root/workspaces/turtlebot_operation_norasheikhly/install/obstacle_interfaces/lib/python3.12/site-packages/obstacle_interfaces/srv
[3.496s] -- Up-to-date: /root/workspaces/turtlebot_operation_norasheikhly/install/obstacle_interfaces/lib/python3.12/site-packages/obstacle_interfaces/srv/_set_direction.py
[3.515s] -- Up-to-date: /root/workspaces/turtlebot_operation_norasheikhly/install/obstacle_interfaces/lib/python3.12/site-packages/obstacle_interfaces/srv/_set_direction_s.c
[3.535s] -- Up-to-date: /root/workspaces/turtlebot_operation_norasheikhly/install/obstacle_interfaces/lib/python3.12/site-packages/obstacle_interfaces/srv/__init__.py
[3.535s] -- Up-to-date: /root/workspaces/turtlebot_operation_norasheikhly/install/obstacle_interfaces/lib/python3.12/site-packages/obstacle_interfaces/__init__.py
[3.563s] Listing '/root/workspaces/turtlebot_operation_norasheikhly/install/obstacle_interfaces/lib/python3.12/site-packages/obstacle_interfaces'...
[3.563s] Listing '/root/workspaces/turtlebot_operation_norasheikhly/install/obstacle_interfaces/lib/python3.12/site-packages/obstacle_interfaces/srv'...
[3.579s] -- Up-to-date: /root/workspaces/turtlebot_operation_norasheikhly/install/obstacle_interfaces/lib/python3.12/site-packages/obstacle_interfaces/obstacle_interfaces_s__rosidl_typesupport_fastrtps_c.so
[3.606s] -- Up-to-date: /root/workspaces/turtlebot_operation_norasheikhly/install/obstacle_interfaces/lib/python3.12/site-packages/obstacle_interfaces/obstacle_interfaces_s__rosidl_typesupport_introspection_c.so
[3.629s] -- Up-to-date: /root/workspaces/turtlebot_operation_norasheikhly/install/obstacle_interfaces/lib/python3.12/site-packages/obstacle_interfaces/obstacle_interfaces_s__rosidl_typesupport_c.so
[3.648s] -- Up-to-date: /root/workspaces/turtlebot_operation_norasheikhly/install/obstacle_interfaces/lib/libobstacle_interfaces__rosidl_generator_py.so
[3.671s] -- Up-to-date: /root/workspaces/turtlebot_operation_norasheikhly/install/obstacle_interfaces/share/ament_index/resource_index/rust_packages/obstacle_interfaces
[3.685s] -- Up-to-date: /root/workspaces/turtlebot_operation_norasheikhly/install/obstacle_interfaces/share/obstacle_interfaces/rust
[3.700s] -- Up-to-date: /root/workspaces/turtlebot_operation_norasheikhly/install/obstacle_interfaces/share/obstacle_interfaces/rust/src
[3.704s] -- Up-to-date: /root/workspaces/turtlebot_operation_norasheikhly/install/obstacle_interfaces/share/obstacle_interfaces/rust/src/lib.rs
[3.725s] -- Up-to-date: /root/workspaces/turtlebot_operation_norasheikhly/install/obstacle_interfaces/share/obstacle_interfaces/rust/src/srv.rs
[3.735s] -- Up-to-date: /root/workspaces/turtlebot_operation_norasheikhly/install/obstacle_interfaces/share/obstacle_interfaces/rust/src/srv
[3.735s] -- Up-to-date: /root/workspaces/turtlebot_operation_norasheikhly/install/obstacle_interfaces/share/obstacle_interfaces/rust/src/srv/rmw.rs
[3.744s] -- Up-to-date: /root/workspaces/turtlebot_operation_norasheikhly/install/obstacle_interfaces/share/obstacle_interfaces/rust/Cargo.toml
[3.761s] -- Up-to-date: /root/workspaces/turtlebot_operation_norasheikhly/install/obstacle_interfaces/share/obstacle_interfaces/rust/build.rs
[3.784s] -- Up-to-date: /root/workspaces/turtlebot_operation_norasheikhly/install/obstacle_interfaces/share/obstacle_interfaces/srv/SetDirection.idl
[3.784s] -- Up-to-date: /root/workspaces/turtlebot_operation_norasheikhly/install/obstacle_interfaces/share/obstacle_interfaces/srv/SetDirection.srv
[3.802s] -- Up-to-date: /root/workspaces/turtlebot_operation_norasheikhly/install/obstacle_interfaces/share/ament_index/resource_index/package_run_dependencies/obstacle_interfaces
[3.829s] -- Up-to-date: /root/workspaces/turtlebot_operation_norasheikhly/install/obstacle_interfaces/share/ament_index/resource_index/parent_prefix_path/obstacle_interfaces
[3.849s] -- Up-to-date: /root/workspaces/turtlebot_operation_norasheikhly/install/obstacle_interfaces/share/obstacle_interfaces/environment/ament_prefix_path.sh
[3.869s] -- Up-to-date: /root/workspaces/turtlebot_operation_norasheikhly/install/obstacle_interfaces/share/obstacle_interfaces/environment/ament_prefix_path.dsv
[3.889s] -- Up-to-date: /root/workspaces/turtlebot_operation_norasheikhly/install/obstacle_interfaces/share/obstacle_interfaces/environment/path.sh
[3.911s] -- Up-to-date: /root/workspaces/turtlebot_operation_norasheikhly/install/obstacle_interfaces/share/obstacle_interfaces/environment/path.dsv
[3.932s] -- Up-to-date: /root/workspaces/turtlebot_operation_norasheikhly/install/obstacle_interfaces/share/obstacle_interfaces/local_setup.bash
[3.932s] -- Up-to-date: /root/workspaces/turtlebot_operation_norasheikhly/install/obstacle_interfaces/share/obstacle_interfaces/local_setup.sh
[3.951s] -- Up-to-date: /root/workspaces/turtlebot_operation_norasheikhly/install/obstacle_interfaces/share/obstacle_interfaces/local_setup.zsh
[3.964s] -- Up-to-date: /root/workspaces/turtlebot_operation_norasheikhly/install/obstacle_interfaces/share/obstacle_interfaces/local_setup.dsv
[3.969s] -- Installing: /root/workspaces/turtlebot_operation_norasheikhly/install/obstacle_interfaces/share/obstacle_interfaces/package.dsv
[3.987s] -- Up-to-date: /root/workspaces/turtlebot_operation_norasheikhly/install/obstacle_interfaces/share/ament_index/resource_index/packages/obstacle_interfaces
[4.008s] -- Up-to-date: /root/workspaces/turtlebot_operation_norasheikhly/install/obstacle_interfaces/share/obstacle_interfaces/cmake/export_obstacle_interfaces__rosidl_generator_cExport.cmake
[4.023s] -- Up-to-date: /root/workspaces/turtlebot_operation_norasheikhly/install/obstacle_interfaces/share/obstacle_interfaces/cmake/export_obstacle_interfaces__rosidl_generator_cExport-noconfig.cmake
[4.028s] -- Up-to-date: /root/workspaces/turtlebot_operation_norasheikhly/install/obstacle_interfaces/share/obstacle_interfaces/cmake/export_obstacle_interfaces__rosidl_typesupport_fastrtps_cExport.cmake
[4.048s] -- Up-to-date: /root/workspaces/turtlebot_operation_norasheikhly/install/obstacle_interfaces/share/obstacle_interfaces/cmake/export_obstacle_interfaces__rosidl_typesupport_fastrtps_cExport-noconfig.cmake
[4.068s] -- Up-to-date: /root/workspaces/turtlebot_operation_norasheikhly/install/obstacle_interfaces/share/obstacle_interfaces/cmake/obstacle_interfaces__rosidl_typesupport_introspection_cExport.cmake
[4.087s] -- Up-to-date: /root/workspaces/turtlebot_operation_norasheikhly/install/obstacle_interfaces/share/obstacle_interfaces/cmake/obstacle_interfaces__rosidl_typesupport_introspection_cExport-noconfig.cmake
[4.106s] -- Up-to-date: /root/workspaces/turtlebot_operation_norasheikhly/install/obstacle_interfaces/share/obstacle_interfaces/cmake/obstacle_interfaces__rosidl_typesupport_cExport.cmake
[4.125s] -- Up-to-date: /root/workspaces/turtlebot_operation_norasheikhly/install/obstacle_interfaces/share/obstacle_interfaces/cmake/obstacle_interfaces__rosidl_typesupport_cExport-noconfig.cmake
[4.145s] -- Up-to-date: /root/workspaces/turtlebot_operation_norasheikhly/install/obstacle_interfaces/share/obstacle_interfaces/cmake/export_obstacle_interfaces__rosidl_generator_cppExport.cmake
[4.169s] -- Up-to-date: /root/workspaces/turtlebot_operation_norasheikhly/install/obstacle_interfaces/share/obstacle_interfaces/cmake/export_obstacle_interfaces__rosidl_typesupport_fastrtps_cppExport.cmake
[4.187s] -- Up-to-date: /root/workspaces/turtlebot_operation_norasheikhly/install/obstacle_interfaces/share/obstacle_interfaces/cmake/export_obstacle_interfaces__rosidl_typesupport_fastrtps_cppExport-noconfig.cmake
[4.207s] -- Up-to-date: /root/workspaces/turtlebot_operation_norasheikhly/install/obstacle_interfaces/share/obstacle_interfaces/cmake/obstacle_interfaces__rosidl_typesupport_introspection_cppExport.cmake
[4.212s] -- Up-to-date: /root/workspaces/turtlebot_operation_norasheikhly/install/obstacle_interfaces/share/obstacle_interfaces/cmake/obstacle_interfaces__rosidl_typesupport_introspection_cppExport-noconfig.cmake
[4.225s] -- Up-to-date: /root/workspaces/turtlebot_operation_norasheikhly/install/obstacle_interfaces/share/obstacle_interfaces/cmake/obstacle_interfaces__rosidl_typesupport_cppExport.cmake
[4.243s] -- Up-to-date: /root/workspaces/turtlebot_operation_norasheikhly/install/obstacle_interfaces/share/obstacle_interfaces/cmake/obstacle_interfaces__rosidl_typesupport_cppExport-noconfig.cmake
[4.262s] -- Up-to-date: /root/workspaces/turtlebot_operation_norasheikhly/install/obstacle_interfaces/share/obstacle_interfaces/cmake/export_obstacle_interfaces__rosidl_generator_pyExport.cmake
[4.267s] -- Up-to-date: /root/workspaces/turtlebot_operation_norasheikhly/install/obstacle_interfaces/share/obstacle_interfaces/cmake/export_obstacle_interfaces__rosidl_generator_pyExport-noconfig.cmake
[4.267s] -- Up-to-date: /root/workspaces/turtlebot_operation_norasheikhly/install/obstacle_interfaces/share/obstacle_interfaces/cmake/rosidl_cmake-extras.cmake
[4.267s] -- Up-to-date: /root/workspaces/turtlebot_operation_norasheikhly/install/obstacle_interfaces/share/obstacle_interfaces/cmake/ament_cmake_export_dependencies-extras.cmake
[4.267s] -- Up-to-date: /root/workspaces/turtlebot_operation_norasheikhly/install/obstacle_interfaces/share/obstacle_interfaces/cmake/ament_cmake_export_include_directories-extras.cmake
[4.268s] -- Up-to-date: /root/workspaces/turtlebot_operation_norasheikhly/install/obstacle_interfaces/share/obstacle_interfaces/cmake/ament_cmake_export_libraries-extras.cmake
[4.268s] -- Up-to-date: /root/workspaces/turtlebot_operation_norasheikhly/install/obstacle_interfaces/share/obstacle_interfaces/cmake/ament_cmake_export_targets-extras.cmake
[4.268s] -- Up-to-date: /root/workspaces/turtlebot_operation_norasheikhly/install/obstacle_interfaces/share/obstacle_interfaces/cmake/rosidl_cmake_export_typesupport_targets-extras.cmake
[4.268s] -- Up-to-date: /root/workspaces/turtlebot_operation_norasheikhly/install/obstacle_interfaces/share/obstacle_interfaces/cmake/rosidl_cmake_export_typesupport_libraries-extras.cmake
[4.268s] -- Up-to-date: /root/workspaces/turtlebot_operation_norasheikhly/install/obstacle_interfaces/share/obstacle_interfaces/cmake/rosidl_cmake_aggregate_target-extras.cmake
[4.268s] -- Up-to-date: /root/workspaces/turtlebot_operation_norasheikhly/install/obstacle_interfaces/share/obstacle_interfaces/cmake/obstacle_interfacesConfig.cmake
[4.268s] -- Up-to-date: /root/workspaces/turtlebot_operation_norasheikhly/install/obstacle_interfaces/share/obstacle_interfaces/cmake/obstacle_interfacesConfig-version.cmake
[4.269s] -- Up-to-date: /root/workspaces/turtlebot_operation_norasheikhly/install/obstacle_interfaces/share/obstacle_interfaces/package.xml
[4.269s] Invoked command in '/root/workspaces/turtlebot_operation_norasheikhly/build/obstacle_interfaces' returned '0': CMAKE_PREFIX_PATH=${CMAKE_PREFIX_PATH}:/root/workspaces/turtlebot_operation_norasheikhly/install/obstacle_controller:/opt/ros/jazzy /usr/bin/cmake --install /root/workspaces/turtlebot_operation_norasheikhly/build/obstacle_interfaces
