[0.202s] DEBUG:colcon:Command line arguments: ['/usr/bin/colcon', 'build', '--packages-select', 'obstacle_controller', 'obstacle_interfaces']
[0.202s] DEBUG:colcon:Parsed command line arguments: Namespace(log_base=None, log_level=None, verb_name='build', build_base='build', install_base='install', merge_install=False, symlink_install=False, test_result_base=None, continue_on_error=False, executor='parallel', parallel_workers=4, event_handlers=None, ignore_user_meta=False, metas=['./colcon.meta'], base_paths=['.'], packages_ignore=None, packages_ignore_regex=None, paths=None, packages_up_to=None, packages_up_to_regex=None, packages_above=None, packages_above_and_dependencies=None, packages_above_depth=None, packages_select_by_dep=None, packages_skip_by_dep=None, packages_skip_up_to=None, packages_select_build_failed=False, packages_skip_build_finished=False, packages_select_test_failures=False, packages_skip_test_passed=False, packages_select=['obstacle_controller', 'obstacle_interfaces'], packages_skip=None, packages_select_regex=None, packages_skip_regex=None, packages_start=None, packages_end=None, allow_overriding=[], cmake_args=None, cmake_target=None, cmake_target_skip_unavailable=False, cmake_clean_cache=False, cmake_clean_first=False, cmake_force_configure=False, ament_cmake_args=None, catkin_cmake_args=None, catkin_skip_building_tests=False, verb_parser=<colcon_defaults.argument_parser.defaults.DefaultArgumentsDecorator object at 0x7f408950d550>, verb_extension=<colcon_core.verb.build.BuildVerb object at 0x7f4089487f80>, main=<bound method BuildVerb.main of <colcon_core.verb.build.BuildVerb object at 0x7f4089487f80>>)
[0.274s] Level 1:colcon.colcon_core.package_discovery:discover_packages(colcon_meta) check parameters
[0.274s] Level 1:colcon.colcon_core.package_discovery:discover_packages(recursive) check parameters
[0.279s] Level 1:colcon.colcon_core.package_discovery:discover_packages(ignore) check parameters
[0.288s] Level 1:colcon.colcon_core.package_discovery:discover_packages(path) check parameters
[0.292s] Level 1:colcon.colcon_core.package_discovery:discover_packages(colcon_meta) discover
[0.296s] Level 1:colcon.colcon_core.package_discovery:discover_packages(recursive) discover
[0.303s] INFO:colcon.colcon_core.package_discovery:Crawling recursively for packages in '/root/workspaces/turtlebot_operation_norasheikhly'
[0.308s] Level 1:colcon.colcon_core.package_identification:_identify(.) by extensions ['ignore', 'ignore_ament_install']
[0.311s] Level 1:colcon.colcon_core.package_identification:_identify(.) by extension 'ignore'
[0.316s] Level 1:colcon.colcon_core.package_identification:_identify(.) by extension 'ignore_ament_install'
[0.324s] Level 1:colcon.colcon_core.package_identification:_identify(.) by extensions ['colcon_pkg']
[0.328s] Level 1:colcon.colcon_core.package_identification:_identify(.) by extension 'colcon_pkg'
[0.332s] Level 1:colcon.colcon_core.package_identification:_identify(.) by extensions ['colcon_meta']
[0.336s] Level 1:colcon.colcon_core.package_identification:_identify(.) by extension 'colcon_meta'
[0.341s] Level 1:colcon.colcon_core.package_identification:_identify(.) by extensions ['ros']
[0.348s] Level 1:colcon.colcon_core.package_identification:_identify(.) by extension 'ros'
[0.394s] Level 1:colcon.colcon_core.package_identification:_identify(.) by extensions ['cmake', 'python']
[0.394s] Level 1:colcon.colcon_core.package_identification:_identify(.) by extension 'cmake'
[0.399s] Level 1:colcon.colcon_core.package_identification:_identify(.) by extension 'python'
[0.403s] Level 1:colcon.colcon_core.package_identification:_identify(.) by extensions ['python_setup_py']
[0.407s] Level 1:colcon.colcon_core.package_identification:_identify(.) by extension 'python_setup_py'
[0.415s] Level 1:colcon.colcon_core.package_identification:_identify(build) by extensions ['ignore', 'ignore_ament_install']
[0.418s] Level 1:colcon.colcon_core.package_identification:_identify(build) by extension 'ignore'
[0.422s] Level 1:colcon.colcon_core.package_identification:_identify(build) ignored
[0.430s] Level 1:colcon.colcon_core.package_identification:_identify(install) by extensions ['ignore', 'ignore_ament_install']
[0.433s] Level 1:colcon.colcon_core.package_identification:_identify(install) by extension 'ignore'
[0.444s] Level 1:colcon.colcon_core.package_identification:_identify(install) ignored
[0.454s] Level 1:colcon.colcon_core.package_identification:_identify(log) by extensions ['ignore', 'ignore_ament_install']
[0.455s] Level 1:colcon.colcon_core.package_identification:_identify(log) by extension 'ignore'
[0.463s] Level 1:colcon.colcon_core.package_identification:_identify(log) ignored
[0.468s] Level 1:colcon.colcon_core.package_identification:_identify(src) by extensions ['ignore', 'ignore_ament_install']
[0.475s] Level 1:colcon.colcon_core.package_identification:_identify(src) by extension 'ignore'
[0.480s] Level 1:colcon.colcon_core.package_identification:_identify(src) by extension 'ignore_ament_install'
[0.500s] Level 1:colcon.colcon_core.package_identification:_identify(src) by extensions ['colcon_pkg']
[0.505s] Level 1:colcon.colcon_core.package_identification:_identify(src) by extension 'colcon_pkg'
[0.509s] Level 1:colcon.colcon_core.package_identification:_identify(src) by extensions ['colcon_meta']
[0.513s] Level 1:colcon.colcon_core.package_identification:_identify(src) by extension 'colcon_meta'
[0.513s] Level 1:colcon.colcon_core.package_identification:_identify(src) by extensions ['ros']
[0.513s] Level 1:colcon.colcon_core.package_identification:_identify(src) by extension 'ros'
[0.514s] Level 1:colcon.colcon_core.package_identification:_identify(src) by extensions ['cmake', 'python']
[0.518s] Level 1:colcon.colcon_core.package_identification:_identify(src) by extension 'cmake'
[0.523s] Level 1:colcon.colcon_core.package_identification:_identify(src) by extension 'python'
[0.527s] Level 1:colcon.colcon_core.package_identification:_identify(src) by extensions ['python_setup_py']
[0.532s] Level 1:colcon.colcon_core.package_identification:_identify(src) by extension 'python_setup_py'
[0.538s] Level 1:colcon.colcon_core.package_identification:_identify(src/obstacle_controller) by extensions ['ignore', 'ignore_ament_install']
[0.541s] Level 1:colcon.colcon_core.package_identification:_identify(src/obstacle_controller) by extension 'ignore'
[0.545s] Level 1:colcon.colcon_core.package_identification:_identify(src/obstacle_controller) by extension 'ignore_ament_install'
[0.549s] Level 1:colcon.colcon_core.package_identification:_identify(src/obstacle_controller) by extensions ['colcon_pkg']
[0.554s] Level 1:colcon.colcon_core.package_identification:_identify(src/obstacle_controller) by extension 'colcon_pkg'
[0.558s] Level 1:colcon.colcon_core.package_identification:_identify(src/obstacle_controller) by extensions ['colcon_meta']
[0.562s] Level 1:colcon.colcon_core.package_identification:_identify(src/obstacle_controller) by extension 'colcon_meta'
[0.571s] Level 1:colcon.colcon_core.package_identification:_identify(src/obstacle_controller) by extensions ['ros']
[0.580s] Level 1:colcon.colcon_core.package_identification:_identify(src/obstacle_controller) by extension 'ros'
[0.592s] DEBUG:colcon.colcon_core.package_identification:Package 'src/obstacle_controller' with type 'ros.ament_python' and name 'obstacle_controller'
[0.592s] Level 1:colcon.colcon_core.package_identification:_identify(src/obstacle_interfaces) by extensions ['ignore', 'ignore_ament_install']
[0.596s] Level 1:colcon.colcon_core.package_identification:_identify(src/obstacle_interfaces) by extension 'ignore'
[0.601s] Level 1:colcon.colcon_core.package_identification:_identify(src/obstacle_interfaces) by extension 'ignore_ament_install'
[0.609s] Level 1:colcon.colcon_core.package_identification:_identify(src/obstacle_interfaces) by extensions ['colcon_pkg']
[0.616s] Level 1:colcon.colcon_core.package_identification:_identify(src/obstacle_interfaces) by extension 'colcon_pkg'
[0.620s] Level 1:colcon.colcon_core.package_identification:_identify(src/obstacle_interfaces) by extensions ['colcon_meta']
[0.625s] Level 1:colcon.colcon_core.package_identification:_identify(src/obstacle_interfaces) by extension 'colcon_meta'
[0.634s] Level 1:colcon.colcon_core.package_identification:_identify(src/obstacle_interfaces) by extensions ['ros']
[0.640s] Level 1:colcon.colcon_core.package_identification:_identify(src/obstacle_interfaces) by extension 'ros'
[0.651s] DEBUG:colcon.colcon_core.package_identification:Package 'src/obstacle_interfaces' with type 'ros.ament_cmake' and name 'obstacle_interfaces'
[0.656s] Level 1:colcon.colcon_core.package_discovery:discover_packages(recursive) using defaults
[0.660s] Level 1:colcon.colcon_core.package_discovery:discover_packages(ignore) discover
[0.665s] Level 1:colcon.colcon_core.package_discovery:discover_packages(ignore) using defaults
[0.669s] Level 1:colcon.colcon_core.package_discovery:discover_packages(path) discover
[0.682s] Level 1:colcon.colcon_core.package_discovery:discover_packages(path) using defaults
[0.721s] Level 1:colcon.colcon_core.package_discovery:discover_packages(prefix_path) check parameters
[0.721s] Level 1:colcon.colcon_core.package_discovery:discover_packages(prefix_path) discover
[0.753s] DEBUG:colcon.colcon_installed_package_information.package_discovery:Found 2 installed packages in /root/workspaces/turtlebot_operation_norasheikhly/install
[0.757s] DEBUG:colcon.colcon_installed_package_information.package_discovery:Found 4 installed packages in /root/workspaces/turtlebot_ws/install
[0.767s] DEBUG:colcon.colcon_installed_package_information.package_discovery:Found 455 installed packages in /opt/ros/jazzy
[0.770s] Level 1:colcon.colcon_core.package_discovery:discover_packages(prefix_path) using defaults
[0.888s] Level 5:colcon.colcon_core.verb:set package 'obstacle_interfaces' build argument 'cmake_args' from command line to 'None'
[0.888s] Level 5:colcon.colcon_core.verb:set package 'obstacle_interfaces' build argument 'cmake_target' from command line to 'None'
[0.892s] Level 5:colcon.colcon_core.verb:set package 'obstacle_interfaces' build argument 'cmake_target_skip_unavailable' from command line to 'False'
[0.896s] Level 5:colcon.colcon_core.verb:set package 'obstacle_interfaces' build argument 'cmake_clean_cache' from command line to 'False'
[0.900s] Level 5:colcon.colcon_core.verb:set package 'obstacle_interfaces' build argument 'cmake_clean_first' from command line to 'False'
[0.908s] Level 5:colcon.colcon_core.verb:set package 'obstacle_interfaces' build argument 'cmake_force_configure' from command line to 'False'
[0.913s] Level 5:colcon.colcon_core.verb:set package 'obstacle_interfaces' build argument 'ament_cmake_args' from command line to 'None'
[0.920s] Level 5:colcon.colcon_core.verb:set package 'obstacle_interfaces' build argument 'catkin_cmake_args' from command line to 'None'
[0.929s] Level 5:colcon.colcon_core.verb:set package 'obstacle_interfaces' build argument 'catkin_skip_building_tests' from command line to 'False'
[0.936s] DEBUG:colcon.colcon_core.verb:Building package 'obstacle_interfaces' with the following arguments: {'ament_cmake_args': None, 'build_base': '/root/workspaces/turtlebot_operation_norasheikhly/build/obstacle_interfaces', 'catkin_cmake_args': None, 'catkin_skip_building_tests': False, 'cmake_args': None, 'cmake_clean_cache': False, 'cmake_clean_first': False, 'cmake_force_configure': False, 'cmake_target': None, 'cmake_target_skip_unavailable': False, 'install_base': '/root/workspaces/turtlebot_operation_norasheikhly/install/obstacle_interfaces', 'merge_install': False, 'path': '/root/workspaces/turtlebot_operation_norasheikhly/src/obstacle_interfaces', 'symlink_install': False, 'test_result_base': None}
[0.942s] Level 5:colcon.colcon_core.verb:set package 'obstacle_controller' build argument 'cmake_args' from command line to 'None'
[0.949s] Level 5:colcon.colcon_core.verb:set package 'obstacle_controller' build argument 'cmake_target' from command line to 'None'
[0.954s] Level 5:colcon.colcon_core.verb:set package 'obstacle_controller' build argument 'cmake_target_skip_unavailable' from command line to 'False'
[0.962s] Level 5:colcon.colcon_core.verb:set package 'obstacle_controller' build argument 'cmake_clean_cache' from command line to 'False'
[0.967s] Level 5:colcon.colcon_core.verb:set package 'obstacle_controller' build argument 'cmake_clean_first' from command line to 'False'
[0.973s] Level 5:colcon.colcon_core.verb:set package 'obstacle_controller' build argument 'cmake_force_configure' from command line to 'False'
[0.978s] Level 5:colcon.colcon_core.verb:set package 'obstacle_controller' build argument 'ament_cmake_args' from command line to 'None'
[0.982s] Level 5:colcon.colcon_core.verb:set package 'obstacle_controller' build argument 'catkin_cmake_args' from command line to 'None'
[0.986s] Level 5:colcon.colcon_core.verb:set package 'obstacle_controller' build argument 'catkin_skip_building_tests' from command line to 'False'
[0.994s] DEBUG:colcon.colcon_core.verb:Building package 'obstacle_controller' with the following arguments: {'ament_cmake_args': None, 'build_base': '/root/workspaces/turtlebot_operation_norasheikhly/build/obstacle_controller', 'catkin_cmake_args': None, 'catkin_skip_building_tests': False, 'cmake_args': None, 'cmake_clean_cache': False, 'cmake_clean_first': False, 'cmake_force_configure': False, 'cmake_target': None, 'cmake_target_skip_unavailable': False, 'install_base': '/root/workspaces/turtlebot_operation_norasheikhly/install/obstacle_controller', 'merge_install': False, 'path': '/root/workspaces/turtlebot_operation_norasheikhly/src/obstacle_controller', 'symlink_install': False, 'test_result_base': None}
[0.998s] INFO:colcon.colcon_core.executor:Executing jobs using 'parallel' executor
[1.008s] DEBUG:colcon.colcon_parallel_executor.executor.parallel:run_until_complete
[1.012s] INFO:colcon.colcon_ros.task.ament_cmake.build:Building ROS package in '/root/workspaces/turtlebot_operation_norasheikhly/src/obstacle_interfaces' with build type 'ament_cmake'
[1.016s] INFO:colcon.colcon_cmake.task.cmake.build:Building CMake package in '/root/workspaces/turtlebot_operation_norasheikhly/src/obstacle_interfaces'
[1.019s] INFO:colcon.colcon_core.plugin_system:Skipping extension 'colcon_core.shell.bat': Not used on non-Windows systems
[1.019s] INFO:colcon.colcon_core.shell:Skip shell extension 'powershell' for command environment: Not usable outside of PowerShell
[1.020s] DEBUG:colcon.colcon_core.shell:Skip shell extension 'dsv' for command environment
[1.183s] DEBUG:colcon.colcon_core.event_handler.log_command:Invoking command in '/root/workspaces/turtlebot_operation_norasheikhly/build/obstacle_interfaces': CMAKE_PREFIX_PATH=${CMAKE_PREFIX_PATH}:/root/workspaces/turtlebot_operation_norasheikhly/install/obstacle_controller:/opt/ros/jazzy /usr/bin/cmake --build /root/workspaces/turtlebot_operation_norasheikhly/build/obstacle_interfaces -- -j4 -l4
[2.970s] DEBUG:colcon.colcon_core.event_handler.log_command:Invoked command in '/root/workspaces/turtlebot_operation_norasheikhly/build/obstacle_interfaces' returned '0': CMAKE_PREFIX_PATH=${CMAKE_PREFIX_PATH}:/root/workspaces/turtlebot_operation_norasheikhly/install/obstacle_controller:/opt/ros/jazzy /usr/bin/cmake --build /root/workspaces/turtlebot_operation_norasheikhly/build/obstacle_interfaces -- -j4 -l4
[3.006s] DEBUG:colcon.colcon_core.event_handler.log_command:Invoking command in '/root/workspaces/turtlebot_operation_norasheikhly/build/obstacle_interfaces': CMAKE_PREFIX_PATH=${CMAKE_PREFIX_PATH}:/root/workspaces/turtlebot_operation_norasheikhly/install/obstacle_controller:/opt/ros/jazzy /usr/bin/cmake --install /root/workspaces/turtlebot_operation_norasheikhly/build/obstacle_interfaces
[4.541s] Level 1:colcon.colcon_core.environment:create_environment_scripts_only(obstacle_interfaces)
[4.545s] Level 1:colcon.colcon_core.environment:checking '/root/workspaces/turtlebot_operation_norasheikhly/install/obstacle_interfaces' for CMake module files
[4.550s] Level 1:colcon.colcon_core.environment:checking '/root/workspaces/turtlebot_operation_norasheikhly/install/obstacle_interfaces' for CMake config files
[4.576s] Level 1:colcon.colcon_core.shell:create_environment_hook('obstacle_interfaces', 'cmake_prefix_path')
[4.577s] INFO:colcon.colcon_core.shell:Creating environment hook '/root/workspaces/turtlebot_operation_norasheikhly/install/obstacle_interfaces/share/obstacle_interfaces/hook/cmake_prefix_path.ps1'
[4.595s] INFO:colcon.colcon_core.shell:Creating environment descriptor '/root/workspaces/turtlebot_operation_norasheikhly/install/obstacle_interfaces/share/obstacle_interfaces/hook/cmake_prefix_path.dsv'
[4.609s] INFO:colcon.colcon_core.shell:Creating environment hook '/root/workspaces/turtlebot_operation_norasheikhly/install/obstacle_interfaces/share/obstacle_interfaces/hook/cmake_prefix_path.sh'
[4.627s] Level 1:colcon.colcon_core.environment:checking '/root/workspaces/turtlebot_operation_norasheikhly/install/obstacle_interfaces/lib'
[4.628s] Level 1:colcon.colcon_core.shell:create_environment_hook('obstacle_interfaces', 'ld_library_path_lib')
[4.628s] INFO:colcon.colcon_core.shell:Creating environment hook '/root/workspaces/turtlebot_operation_norasheikhly/install/obstacle_interfaces/share/obstacle_interfaces/hook/ld_library_path_lib.ps1'
[4.647s] INFO:colcon.colcon_core.shell:Creating environment descriptor '/root/workspaces/turtlebot_operation_norasheikhly/install/obstacle_interfaces/share/obstacle_interfaces/hook/ld_library_path_lib.dsv'
[4.662s] INFO:colcon.colcon_core.shell:Creating environment hook '/root/workspaces/turtlebot_operation_norasheikhly/install/obstacle_interfaces/share/obstacle_interfaces/hook/ld_library_path_lib.sh'
[4.678s] Level 1:colcon.colcon_core.environment:checking '/root/workspaces/turtlebot_operation_norasheikhly/install/obstacle_interfaces/bin'
[4.678s] Level 1:colcon.colcon_core.environment:checking '/root/workspaces/turtlebot_operation_norasheikhly/install/obstacle_interfaces/lib/pkgconfig/obstacle_interfaces.pc'
[4.678s] Level 1:colcon.colcon_core.environment:checking '/root/workspaces/turtlebot_operation_norasheikhly/install/obstacle_interfaces/lib/python3.12/site-packages'
[4.678s] Level 1:colcon.colcon_core.shell:create_environment_hook('obstacle_interfaces', 'pythonpath')
[4.678s] INFO:colcon.colcon_core.shell:Creating environment hook '/root/workspaces/turtlebot_operation_norasheikhly/install/obstacle_interfaces/share/obstacle_interfaces/hook/pythonpath.ps1'
[4.695s] INFO:colcon.colcon_core.shell:Creating environment descriptor '/root/workspaces/turtlebot_operation_norasheikhly/install/obstacle_interfaces/share/obstacle_interfaces/hook/pythonpath.dsv'
[4.711s] INFO:colcon.colcon_core.shell:Creating environment hook '/root/workspaces/turtlebot_operation_norasheikhly/install/obstacle_interfaces/share/obstacle_interfaces/hook/pythonpath.sh'
[4.728s] Level 1:colcon.colcon_core.environment:checking '/root/workspaces/turtlebot_operation_norasheikhly/install/obstacle_interfaces/bin'
[4.729s] INFO:colcon.colcon_core.shell:Creating package script '/root/workspaces/turtlebot_operation_norasheikhly/install/obstacle_interfaces/share/obstacle_interfaces/package.ps1'
[4.746s] INFO:colcon.colcon_core.shell:Creating package descriptor '/root/workspaces/turtlebot_operation_norasheikhly/install/obstacle_interfaces/share/obstacle_interfaces/package.dsv'
[4.761s] INFO:colcon.colcon_core.shell:Creating package script '/root/workspaces/turtlebot_operation_norasheikhly/install/obstacle_interfaces/share/obstacle_interfaces/package.sh'
[4.779s] INFO:colcon.colcon_core.shell:Creating package script '/root/workspaces/turtlebot_operation_norasheikhly/install/obstacle_interfaces/share/obstacle_interfaces/package.bash'
[4.796s] INFO:colcon.colcon_core.shell:Creating package script '/root/workspaces/turtlebot_operation_norasheikhly/install/obstacle_interfaces/share/obstacle_interfaces/package.zsh'
[4.805s] DEBUG:colcon.colcon_core.event_handler.log_command:Invoked command in '/root/workspaces/turtlebot_operation_norasheikhly/build/obstacle_interfaces' returned '0': CMAKE_PREFIX_PATH=${CMAKE_PREFIX_PATH}:/root/workspaces/turtlebot_operation_norasheikhly/install/obstacle_controller:/opt/ros/jazzy /usr/bin/cmake --install /root/workspaces/turtlebot_operation_norasheikhly/build/obstacle_interfaces
[4.812s] Level 1:colcon.colcon_core.environment:create_file_with_runtime_dependencies(/root/workspaces/turtlebot_operation_norasheikhly/install/obstacle_interfaces/share/colcon-core/packages/obstacle_interfaces)
[4.831s] Level 1:colcon.colcon_core.environment:create_environment_scripts_only(obstacle_interfaces)
[4.831s] Level 1:colcon.colcon_core.environment:checking '/root/workspaces/turtlebot_operation_norasheikhly/install/obstacle_interfaces' for CMake module files
[4.835s] Level 1:colcon.colcon_core.environment:checking '/root/workspaces/turtlebot_operation_norasheikhly/install/obstacle_interfaces' for CMake config files
[4.848s] Level 1:colcon.colcon_core.shell:create_environment_hook('obstacle_interfaces', 'cmake_prefix_path')
[4.849s] INFO:colcon.colcon_core.shell:Creating environment hook '/root/workspaces/turtlebot_operation_norasheikhly/install/obstacle_interfaces/share/obstacle_interfaces/hook/cmake_prefix_path.ps1'
[4.865s] INFO:colcon.colcon_core.shell:Creating environment descriptor '/root/workspaces/turtlebot_operation_norasheikhly/install/obstacle_interfaces/share/obstacle_interfaces/hook/cmake_prefix_path.dsv'
[4.881s] INFO:colcon.colcon_core.shell:Creating environment hook '/root/workspaces/turtlebot_operation_norasheikhly/install/obstacle_interfaces/share/obstacle_interfaces/hook/cmake_prefix_path.sh'
[4.897s] Level 1:colcon.colcon_core.environment:checking '/root/workspaces/turtlebot_operation_norasheikhly/install/obstacle_interfaces/lib'
[4.898s] Level 1:colcon.colcon_core.shell:create_environment_hook('obstacle_interfaces', 'ld_library_path_lib')
[4.902s] INFO:colcon.colcon_core.shell:Creating environment hook '/root/workspaces/turtlebot_operation_norasheikhly/install/obstacle_interfaces/share/obstacle_interfaces/hook/ld_library_path_lib.ps1'
[4.922s] INFO:colcon.colcon_core.shell:Creating environment descriptor '/root/workspaces/turtlebot_operation_norasheikhly/install/obstacle_interfaces/share/obstacle_interfaces/hook/ld_library_path_lib.dsv'
[4.938s] INFO:colcon.colcon_core.shell:Creating environment hook '/root/workspaces/turtlebot_operation_norasheikhly/install/obstacle_interfaces/share/obstacle_interfaces/hook/ld_library_path_lib.sh'
[4.955s] Level 1:colcon.colcon_core.environment:checking '/root/workspaces/turtlebot_operation_norasheikhly/install/obstacle_interfaces/bin'
[4.955s] Level 1:colcon.colcon_core.environment:checking '/root/workspaces/turtlebot_operation_norasheikhly/install/obstacle_interfaces/lib/pkgconfig/obstacle_interfaces.pc'
[4.960s] Level 1:colcon.colcon_core.environment:checking '/root/workspaces/turtlebot_operation_norasheikhly/install/obstacle_interfaces/lib/python3.12/site-packages'
[4.965s] Level 1:colcon.colcon_core.shell:create_environment_hook('obstacle_interfaces', 'pythonpath')
[4.970s] INFO:colcon.colcon_core.shell:Creating environment hook '/root/workspaces/turtlebot_operation_norasheikhly/install/obstacle_interfaces/share/obstacle_interfaces/hook/pythonpath.ps1'
[4.991s] INFO:colcon.colcon_core.shell:Creating environment descriptor '/root/workspaces/turtlebot_operation_norasheikhly/install/obstacle_interfaces/share/obstacle_interfaces/hook/pythonpath.dsv'
[5.007s] INFO:colcon.colcon_core.shell:Creating environment hook '/root/workspaces/turtlebot_operation_norasheikhly/install/obstacle_interfaces/share/obstacle_interfaces/hook/pythonpath.sh'
[5.023s] Level 1:colcon.colcon_core.environment:checking '/root/workspaces/turtlebot_operation_norasheikhly/install/obstacle_interfaces/bin'
[5.023s] INFO:colcon.colcon_core.shell:Creating package script '/root/workspaces/turtlebot_operation_norasheikhly/install/obstacle_interfaces/share/obstacle_interfaces/package.ps1'
[5.042s] INFO:colcon.colcon_core.shell:Creating package descriptor '/root/workspaces/turtlebot_operation_norasheikhly/install/obstacle_interfaces/share/obstacle_interfaces/package.dsv'
[5.058s] INFO:colcon.colcon_core.shell:Creating package script '/root/workspaces/turtlebot_operation_norasheikhly/install/obstacle_interfaces/share/obstacle_interfaces/package.sh'
[5.075s] INFO:colcon.colcon_core.shell:Creating package script '/root/workspaces/turtlebot_operation_norasheikhly/install/obstacle_interfaces/share/obstacle_interfaces/package.bash'
[5.090s] INFO:colcon.colcon_core.shell:Creating package script '/root/workspaces/turtlebot_operation_norasheikhly/install/obstacle_interfaces/share/obstacle_interfaces/package.zsh'
[5.105s] Level 1:colcon.colcon_core.environment:create_file_with_runtime_dependencies(/root/workspaces/turtlebot_operation_norasheikhly/install/obstacle_interfaces/share/colcon-core/packages/obstacle_interfaces)
[5.120s] INFO:colcon.colcon_ros.task.ament_python.build:Building ROS package in '/root/workspaces/turtlebot_operation_norasheikhly/src/obstacle_controller' with build type 'ament_python'
[5.120s] Level 1:colcon.colcon_core.shell:create_environment_hook('obstacle_controller', 'ament_prefix_path')
[5.121s] INFO:colcon.colcon_core.shell:Creating environment hook '/root/workspaces/turtlebot_operation_norasheikhly/install/obstacle_controller/share/obstacle_controller/hook/ament_prefix_path.ps1'
[5.137s] INFO:colcon.colcon_core.shell:Creating environment descriptor '/root/workspaces/turtlebot_operation_norasheikhly/install/obstacle_controller/share/obstacle_controller/hook/ament_prefix_path.dsv'
[5.151s] INFO:colcon.colcon_core.shell:Creating environment hook '/root/workspaces/turtlebot_operation_norasheikhly/install/obstacle_controller/share/obstacle_controller/hook/ament_prefix_path.sh'
[5.168s] INFO:colcon.colcon_core.shell:Skip shell extension 'powershell' for command environment: Not usable outside of PowerShell
[5.168s] DEBUG:colcon.colcon_core.shell:Skip shell extension 'dsv' for command environment
[5.646s] INFO:colcon.colcon_core.task.python.build:Building Python package in '/root/workspaces/turtlebot_operation_norasheikhly/src/obstacle_controller'
[5.646s] INFO:colcon.colcon_core.shell:Skip shell extension 'powershell' for command environment: Not usable outside of PowerShell
[5.651s] DEBUG:colcon.colcon_core.shell:Skip shell extension 'dsv' for command environment
[6.767s] DEBUG:colcon.colcon_core.task.python.build:Available setuptools commands: build_ext, egg_info, bdist_wheel, upload_docs, rotate, clean, install_scripts, build_clib, bdist_egg, bdist, install_headers, editable_wheel, alias, build_scripts, update_catalog, build_py, bdist_rpm, saveopts, easy_install, register, install_lib, upload, install, check, setopt, init_catalog, bdist_dumb, install_data, sdist, build, symlink_data, install_egg_info, develop, dist_info, test, compile_catalog, extract_messages
[6.805s] DEBUG:colcon.colcon_core.event_handler.log_command:Invoking command in '/root/workspaces/turtlebot_operation_norasheikhly/src/obstacle_controller': PYTHONPATH=/root/workspaces/turtlebot_operation_norasheikhly/build/obstacle_controller/prefix_override:/usr/lib/python3/dist-packages/colcon_core/task/python/colcon_distutils_commands:/root/workspaces/turtlebot_operation_norasheikhly/install/obstacle_controller/lib/python3.12/site-packages:/root/workspaces/turtlebot_operation_norasheikhly/install/obstacle_interfaces/lib/python3.12/site-packages:/root/workspaces/turtlebot_operation_norasheikhly/install/obstacle_controller/lib/python3.12/site-packages:/opt/ros/jazzy/lib/python3.12/site-packages /usr/bin/python3 -W ignore:setup.py install is deprecated -W ignore:easy_install command is deprecated setup.py egg_info --egg-base ../../build/obstacle_controller build --build-base /root/workspaces/turtlebot_operation_norasheikhly/build/obstacle_controller/build install --record /root/workspaces/turtlebot_operation_norasheikhly/build/obstacle_controller/install.log --install-scripts $base/lib/obstacle_controller --single-version-externally-managed install_data
[8.257s] Level 1:colcon.colcon_core.environment:checking '/root/workspaces/turtlebot_operation_norasheikhly/install/obstacle_controller' for CMake module files
[8.258s] DEBUG:colcon.colcon_core.event_handler.log_command:Invoked command in '/root/workspaces/turtlebot_operation_norasheikhly/src/obstacle_controller' returned '0': PYTHONPATH=/root/workspaces/turtlebot_operation_norasheikhly/build/obstacle_controller/prefix_override:/usr/lib/python3/dist-packages/colcon_core/task/python/colcon_distutils_commands:/root/workspaces/turtlebot_operation_norasheikhly/install/obstacle_controller/lib/python3.12/site-packages:/root/workspaces/turtlebot_operation_norasheikhly/install/obstacle_interfaces/lib/python3.12/site-packages:/root/workspaces/turtlebot_operation_norasheikhly/install/obstacle_controller/lib/python3.12/site-packages:/opt/ros/jazzy/lib/python3.12/site-packages /usr/bin/python3 -W ignore:setup.py install is deprecated -W ignore:easy_install command is deprecated setup.py egg_info --egg-base ../../build/obstacle_controller build --build-base /root/workspaces/turtlebot_operation_norasheikhly/build/obstacle_controller/build install --record /root/workspaces/turtlebot_operation_norasheikhly/build/obstacle_controller/install.log --install-scripts $base/lib/obstacle_controller --single-version-externally-managed install_data
[8.269s] Level 1:colcon.colcon_core.environment:checking '/root/workspaces/turtlebot_operation_norasheikhly/install/obstacle_controller' for CMake config files
[8.285s] Level 1:colcon.colcon_core.environment:checking '/root/workspaces/turtlebot_operation_norasheikhly/install/obstacle_controller/lib'
[8.286s] Level 1:colcon.colcon_core.environment:checking '/root/workspaces/turtlebot_operation_norasheikhly/install/obstacle_controller/bin'
[8.290s] Level 1:colcon.colcon_core.environment:checking '/root/workspaces/turtlebot_operation_norasheikhly/install/obstacle_controller/lib/pkgconfig/obstacle_controller.pc'
[8.295s] Level 1:colcon.colcon_core.environment:checking '/root/workspaces/turtlebot_operation_norasheikhly/install/obstacle_controller/lib/python3.12/site-packages'
[8.301s] Level 1:colcon.colcon_core.shell:create_environment_hook('obstacle_controller', 'pythonpath')
[8.305s] INFO:colcon.colcon_core.shell:Creating environment hook '/root/workspaces/turtlebot_operation_norasheikhly/install/obstacle_controller/share/obstacle_controller/hook/pythonpath.ps1'
[8.326s] INFO:colcon.colcon_core.shell:Creating environment descriptor '/root/workspaces/turtlebot_operation_norasheikhly/install/obstacle_controller/share/obstacle_controller/hook/pythonpath.dsv'
[8.341s] INFO:colcon.colcon_core.shell:Creating environment hook '/root/workspaces/turtlebot_operation_norasheikhly/install/obstacle_controller/share/obstacle_controller/hook/pythonpath.sh'
[8.357s] Level 1:colcon.colcon_core.environment:checking '/root/workspaces/turtlebot_operation_norasheikhly/install/obstacle_controller/bin'
[8.357s] Level 1:colcon.colcon_core.environment:create_environment_scripts_only(obstacle_controller)
[8.362s] INFO:colcon.colcon_core.shell:Creating package script '/root/workspaces/turtlebot_operation_norasheikhly/install/obstacle_controller/share/obstacle_controller/package.ps1'
[8.380s] INFO:colcon.colcon_core.shell:Creating package descriptor '/root/workspaces/turtlebot_operation_norasheikhly/install/obstacle_controller/share/obstacle_controller/package.dsv'
[8.394s] INFO:colcon.colcon_core.shell:Creating package script '/root/workspaces/turtlebot_operation_norasheikhly/install/obstacle_controller/share/obstacle_controller/package.sh'
[8.409s] INFO:colcon.colcon_core.shell:Creating package script '/root/workspaces/turtlebot_operation_norasheikhly/install/obstacle_controller/share/obstacle_controller/package.bash'
[8.424s] INFO:colcon.colcon_core.shell:Creating package script '/root/workspaces/turtlebot_operation_norasheikhly/install/obstacle_controller/share/obstacle_controller/package.zsh'
[8.438s] Level 1:colcon.colcon_core.environment:create_file_with_runtime_dependencies(/root/workspaces/turtlebot_operation_norasheikhly/install/obstacle_controller/share/colcon-core/packages/obstacle_controller)
[8.452s] DEBUG:colcon.colcon_parallel_executor.executor.parallel:closing loop
[8.452s] DEBUG:colcon.colcon_parallel_executor.executor.parallel:loop closed
[8.457s] DEBUG:colcon.colcon_parallel_executor.executor.parallel:run_until_complete finished with '0'
[8.457s] DEBUG:colcon.colcon_core.event_reactor:joining thread
[8.485s] INFO:colcon.colcon_core.plugin_system:Skipping extension 'colcon_notification.desktop_notification.notify_send': Could not find 'notify-send'
[8.485s] INFO:colcon.colcon_core.plugin_system:Skipping extension 'colcon_notification.desktop_notification.terminal_notifier': Not used on non-Darwin systems
[8.492s] INFO:colcon.colcon_core.plugin_system:Skipping extension 'colcon_notification.desktop_notification.win32': Not used on non-Windows systems
[8.498s] INFO:colcon.colcon_notification.desktop_notification:Sending desktop notification using 'notify2'
[8.509s] DEBUG:colcon.colcon_notification.desktop_notification.notify2:Failed to initialize notify2: org.freedesktop.DBus.Error.Spawn.ExecFailed: /usr/bin/dbus-launch terminated abnormally without any error message
[8.510s] DEBUG:colcon.colcon_core.event_reactor:joined thread
[8.515s] INFO:colcon.colcon_core.shell:Creating prefix script '/root/workspaces/turtlebot_operation_norasheikhly/install/local_setup.ps1'
[8.534s] INFO:colcon.colcon_core.shell:Creating prefix util module '/root/workspaces/turtlebot_operation_norasheikhly/install/_local_setup_util_ps1.py'
[8.552s] INFO:colcon.colcon_core.shell:Creating prefix chain script '/root/workspaces/turtlebot_operation_norasheikhly/install/setup.ps1'
[8.579s] INFO:colcon.colcon_core.shell:Creating prefix script '/root/workspaces/turtlebot_operation_norasheikhly/install/local_setup.sh'
[8.596s] INFO:colcon.colcon_core.shell:Creating prefix util module '/root/workspaces/turtlebot_operation_norasheikhly/install/_local_setup_util_sh.py'
[8.619s] INFO:colcon.colcon_core.shell:Creating prefix chain script '/root/workspaces/turtlebot_operation_norasheikhly/install/setup.sh'
[8.647s] INFO:colcon.colcon_core.shell:Creating prefix script '/root/workspaces/turtlebot_operation_norasheikhly/install/local_setup.bash'
[8.664s] INFO:colcon.colcon_core.shell:Creating prefix chain script '/root/workspaces/turtlebot_operation_norasheikhly/install/setup.bash'
[8.690s] INFO:colcon.colcon_core.shell:Creating prefix script '/root/workspaces/turtlebot_operation_norasheikhly/install/local_setup.zsh'
[8.706s] INFO:colcon.colcon_core.shell:Creating prefix chain script '/root/workspaces/turtlebot_operation_norasheikhly/install/setup.zsh'
