[0.166s] Invoking command in '/root/workspaces/turtlebot_operation_norasheikhly/build/obstacle_interfaces': CMAKE_PREFIX_PATH=${CMAKE_PREFIX_PATH}:/root/workspaces/turtlebot_operation_norasheikhly/install/obstacle_controller:/opt/ros/jazzy /usr/bin/cmake --build /root/workspaces/turtlebot_operation_norasheikhly/build/obstacle_interfaces -- -j4 -l4
[0.380s] [  5%] Built target obstacle_interfaces__rosidl_generator_type_description
[0.395s] [  5%] Built target obstacle_interfaces__rs
[0.464s] [  8%] Built target obstacle_interfaces__cpp
[0.555s] [ 22%] Built target obstacle_interfaces__rosidl_generator_c
[0.697s] [ 34%] Built target obstacle_interfaces__rosidl_typesupport_introspection_c
[0.728s] [ 40%] Built target obstacle_interfaces__rosidl_typesupport_fastrtps_c
[0.821s] [ 48%] Built target obstacle_interfaces__rosidl_typesupport_c
[0.857s] [ 54%] Built target ament_cmake_python_copy_obstacle_interfaces
[0.876s] [ 57%] Built target obstacle_interfaces__rosidl_typesupport_fastrtps_cpp
[0.981s] [ 65%] Built target obstacle_interfaces__rosidl_typesupport_introspection_cpp
[1.020s] [ 74%] Built target obstacle_interfaces__rosidl_typesupport_cpp
[1.125s] [ 74%] Built target obstacle_interfaces
[1.228s] [ 77%] Built target obstacle_interfaces__py
[1.344s] [ 82%] Built target obstacle_interfaces__rosidl_generator_py
[1.480s] running egg_info
[1.496s] [ 91%] Built target obstacle_interfaces_s__rosidl_typesupport_fastrtps_c
[1.514s] [ 94%] Built target obstacle_interfaces_s__rosidl_typesupport_introspection_c
[1.541s] writing obstacle_interfaces.egg-info/PKG-INFO
[1.562s] writing dependency_links to obstacle_interfaces.egg-info/dependency_links.txt
[1.586s] writing top-level names to obstacle_interfaces.egg-info/top_level.txt
[1.616s] [100%] Built target obstacle_interfaces_s__rosidl_typesupport_c
[1.715s] reading manifest file 'obstacle_interfaces.egg-info/SOURCES.txt'
[1.728s] writing manifest file 'obstacle_interfaces.egg-info/SOURCES.txt'
[1.788s] [100%] Built target ament_cmake_python_build_obstacle_interfaces_egg
[2.008s] Invoked command in '/root/workspaces/turtlebot_operation_norasheikhly/build/obstacle_interfaces' returned '0': CMAKE_PREFIX_PATH=${CMAKE_PREFIX_PATH}:/root/workspaces/turtlebot_operation_norasheikhly/install/obstacle_controller:/opt/ros/jazzy /usr/bin/cmake --build /root/workspaces/turtlebot_operation_norasheikhly/build/obstacle_interfaces -- -j4 -l4
[2.042s] Invoking command in '/root/workspaces/turtlebot_operation_norasheikhly/build/obstacle_interfaces': CMAKE_PREFIX_PATH=${CMAKE_PREFIX_PATH}:/root/workspaces/turtlebot_operation_norasheikhly/install/obstacle_controller:/opt/ros/jazzy /usr/bin/cmake --install /root/workspaces/turtlebot_operation_norasheikhly/build/obstacle_interfaces
[2.077s] -- Install configuration: ""
[2.090s] -- Up-to-date: /root/workspaces/turtlebot_operation_norasheikhly/install/obstacle_interfaces/share/ament_index/resource_index/rosidl_interfaces/obstacle_interfaces
[2.107s] -- Up-to-date: /root/workspaces/turtlebot_operation_norasheikhly/install/obstacle_interfaces/share/obstacle_interfaces/srv/SetDirection.json
[2.126s] -- Up-to-date: /root/workspaces/turtlebot_operation_norasheikhly/install/obstacle_interfaces/include/obstacle_interfaces/obstacle_interfaces
[2.150s] -- Up-to-date: /root/workspaces/turtlebot_operation_norasheikhly/install/obstacle_interfaces/include/obstacle_interfaces/obstacle_interfaces/srv
[2.167s] -- Up-to-date: /root/workspaces/turtlebot_operation_norasheikhly/install/obstacle_interfaces/include/obstacle_interfaces/obstacle_interfaces/srv/set_direction.h
[2.183s] -- Up-to-date: /root/workspaces/turtlebot_operation_norasheikhly/install/obstacle_interfaces/include/obstacle_interfaces/obstacle_interfaces/srv/detail
[2.192s] -- Up-to-date: /root/workspaces/turtlebot_operation_norasheikhly/install/obstacle_interfaces/include/obstacle_interfaces/obstacle_interfaces/srv/detail/set_direction__functions.c
[2.196s] -- Up-to-date: /root/workspaces/turtlebot_operation_norasheikhly/install/obstacle_interfaces/include/obstacle_interfaces/obstacle_interfaces/srv/detail/set_direction__type_support.h
[2.200s] -- Up-to-date: /root/workspaces/turtlebot_operation_norasheikhly/install/obstacle_interfaces/include/obstacle_interfaces/obstacle_interfaces/srv/detail/set_direction__functions.h
[2.220s] -- Up-to-date: /root/workspaces/turtlebot_operation_norasheikhly/install/obstacle_interfaces/include/obstacle_interfaces/obstacle_interfaces/srv/detail/set_direction__type_support.c
[2.239s] -- Up-to-date: /root/workspaces/turtlebot_operation_norasheikhly/install/obstacle_interfaces/include/obstacle_interfaces/obstacle_interfaces/srv/detail/set_direction__struct.h
[2.248s] -- Up-to-date: /root/workspaces/turtlebot_operation_norasheikhly/install/obstacle_interfaces/include/obstacle_interfaces/obstacle_interfaces/srv/detail/set_direction__description.c
[2.257s] -- Up-to-date: /root/workspaces/turtlebot_operation_norasheikhly/install/obstacle_interfaces/include/obstacle_interfaces/obstacle_interfaces/msg
[2.273s] -- Up-to-date: /root/workspaces/turtlebot_operation_norasheikhly/install/obstacle_interfaces/include/obstacle_interfaces/obstacle_interfaces/msg/rosidl_generator_c__visibility_control.h
[2.291s] -- Up-to-date: /root/workspaces/turtlebot_operation_norasheikhly/install/obstacle_interfaces/share/obstacle_interfaces/environment/library_path.sh
[2.296s] -- Up-to-date: /root/workspaces/turtlebot_operation_norasheikhly/install/obstacle_interfaces/share/obstacle_interfaces/environment/library_path.dsv
[2.296s] -- Up-to-date: /root/workspaces/turtlebot_operation_norasheikhly/install/obstacle_interfaces/lib/libobstacle_interfaces__rosidl_generator_c.so
[2.297s] -- Up-to-date: /root/workspaces/turtlebot_operation_norasheikhly/install/obstacle_interfaces/include/obstacle_interfaces/obstacle_interfaces
[2.297s] -- Up-to-date: /root/workspaces/turtlebot_operation_norasheikhly/install/obstacle_interfaces/include/obstacle_interfaces/obstacle_interfaces/srv
[2.297s] -- Up-to-date: /root/workspaces/turtlebot_operation_norasheikhly/install/obstacle_interfaces/include/obstacle_interfaces/obstacle_interfaces/srv/detail
[2.297s] -- Up-to-date: /root/workspaces/turtlebot_operation_norasheikhly/install/obstacle_interfaces/include/obstacle_interfaces/obstacle_interfaces/srv/detail/set_direction__rosidl_typesupport_fastrtps_c.h
[2.297s] -- Up-to-date: /root/workspaces/turtlebot_operation_norasheikhly/install/obstacle_interfaces/include/obstacle_interfaces/obstacle_interfaces/msg
[2.297s] -- Up-to-date: /root/workspaces/turtlebot_operation_norasheikhly/install/obstacle_interfaces/include/obstacle_interfaces/obstacle_interfaces/msg/rosidl_typesupport_fastrtps_c__visibility_control.h
[2.297s] -- Up-to-date: /root/workspaces/turtlebot_operation_norasheikhly/install/obstacle_interfaces/lib/libobstacle_interfaces__rosidl_typesupport_fastrtps_c.so
[2.298s] -- Up-to-date: /root/workspaces/turtlebot_operation_norasheikhly/install/obstacle_interfaces/include/obstacle_interfaces/obstacle_interfaces
[2.298s] -- Up-to-date: /root/workspaces/turtlebot_operation_norasheikhly/install/obstacle_interfaces/include/obstacle_interfaces/obstacle_interfaces/srv
[2.298s] -- Up-to-date: /root/workspaces/turtlebot_operation_norasheikhly/install/obstacle_interfaces/include/obstacle_interfaces/obstacle_interfaces/srv/detail
[2.312s] -- Up-to-date: /root/workspaces/turtlebot_operation_norasheikhly/install/obstacle_interfaces/include/obstacle_interfaces/obstacle_interfaces/srv/detail/set_direction__type_support.c
[2.324s] -- Up-to-date: /root/workspaces/turtlebot_operation_norasheikhly/install/obstacle_interfaces/include/obstacle_interfaces/obstacle_interfaces/srv/detail/set_direction__rosidl_typesupport_introspection_c.h
[2.324s] -- Up-to-date: /root/workspaces/turtlebot_operation_norasheikhly/install/obstacle_interfaces/include/obstacle_interfaces/obstacle_interfaces/msg
[2.324s] -- Up-to-date: /root/workspaces/turtlebot_operation_norasheikhly/install/obstacle_interfaces/include/obstacle_interfaces/obstacle_interfaces/msg/rosidl_typesupport_introspection_c__visibility_control.h
[2.343s] -- Up-to-date: /root/workspaces/turtlebot_operation_norasheikhly/install/obstacle_interfaces/lib/libobstacle_interfaces__rosidl_typesupport_introspection_c.so
[2.358s] -- Up-to-date: /root/workspaces/turtlebot_operation_norasheikhly/install/obstacle_interfaces/lib/libobstacle_interfaces__rosidl_typesupport_c.so
[2.379s] -- Up-to-date: /root/workspaces/turtlebot_operation_norasheikhly/install/obstacle_interfaces/include/obstacle_interfaces/obstacle_interfaces
[2.395s] -- Up-to-date: /root/workspaces/turtlebot_operation_norasheikhly/install/obstacle_interfaces/include/obstacle_interfaces/obstacle_interfaces/srv
[2.414s] -- Up-to-date: /root/workspaces/turtlebot_operation_norasheikhly/install/obstacle_interfaces/include/obstacle_interfaces/obstacle_interfaces/srv/set_direction.hpp
[2.433s] -- Up-to-date: /root/workspaces/turtlebot_operation_norasheikhly/install/obstacle_interfaces/include/obstacle_interfaces/obstacle_interfaces/srv/detail
[2.450s] -- Up-to-date: /root/workspaces/turtlebot_operation_norasheikhly/install/obstacle_interfaces/include/obstacle_interfaces/obstacle_interfaces/srv/detail/set_direction__type_support.hpp
[2.467s] -- Up-to-date: /root/workspaces/turtlebot_operation_norasheikhly/install/obstacle_interfaces/include/obstacle_interfaces/obstacle_interfaces/srv/detail/set_direction__struct.hpp
[2.488s] -- Up-to-date: /root/workspaces/turtlebot_operation_norasheikhly/install/obstacle_interfaces/include/obstacle_interfaces/obstacle_interfaces/srv/detail/set_direction__traits.hpp
[2.506s] -- Up-to-date: /root/workspaces/turtlebot_operation_norasheikhly/install/obstacle_interfaces/include/obstacle_interfaces/obstacle_interfaces/srv/detail/set_direction__builder.hpp
[2.525s] -- Up-to-date: /root/workspaces/turtlebot_operation_norasheikhly/install/obstacle_interfaces/include/obstacle_interfaces/obstacle_interfaces/msg
[2.542s] -- Up-to-date: /root/workspaces/turtlebot_operation_norasheikhly/install/obstacle_interfaces/include/obstacle_interfaces/obstacle_interfaces/msg/rosidl_generator_cpp__visibility_control.hpp
[2.549s] -- Up-to-date: /root/workspaces/turtlebot_operation_norasheikhly/install/obstacle_interfaces/include/obstacle_interfaces/obstacle_interfaces
[2.549s] -- Up-to-date: /root/workspaces/turtlebot_operation_norasheikhly/install/obstacle_interfaces/include/obstacle_interfaces/obstacle_interfaces/srv
[2.549s] -- Up-to-date: /root/workspaces/turtlebot_operation_norasheikhly/install/obstacle_interfaces/include/obstacle_interfaces/obstacle_interfaces/srv/detail
[2.549s] -- Up-to-date: /root/workspaces/turtlebot_operation_norasheikhly/install/obstacle_interfaces/include/obstacle_interfaces/obstacle_interfaces/srv/detail/dds_fastrtps
[2.549s] -- Up-to-date: /root/workspaces/turtlebot_operation_norasheikhly/install/obstacle_interfaces/include/obstacle_interfaces/obstacle_interfaces/srv/detail/set_direction__rosidl_typesupport_fastrtps_cpp.hpp
[2.549s] -- Up-to-date: /root/workspaces/turtlebot_operation_norasheikhly/install/obstacle_interfaces/include/obstacle_interfaces/obstacle_interfaces/msg
[2.549s] -- Up-to-date: /root/workspaces/turtlebot_operation_norasheikhly/install/obstacle_interfaces/include/obstacle_interfaces/obstacle_interfaces/msg/rosidl_typesupport_fastrtps_cpp__visibility_control.h
[2.550s] -- Up-to-date: /root/workspaces/turtlebot_operation_norasheikhly/install/obstacle_interfaces/lib/libobstacle_interfaces__rosidl_typesupport_fastrtps_cpp.so
[2.550s] -- Up-to-date: /root/workspaces/turtlebot_operation_norasheikhly/install/obstacle_interfaces/include/obstacle_interfaces/obstacle_interfaces
[2.564s] -- Up-to-date: /root/workspaces/turtlebot_operation_norasheikhly/install/obstacle_interfaces/include/obstacle_interfaces/obstacle_interfaces/srv
[2.582s] -- Up-to-date: /root/workspaces/turtlebot_operation_norasheikhly/install/obstacle_interfaces/include/obstacle_interfaces/obstacle_interfaces/srv/detail
[2.586s] -- Up-to-date: /root/workspaces/turtlebot_operation_norasheikhly/install/obstacle_interfaces/include/obstacle_interfaces/obstacle_interfaces/srv/detail/set_direction__type_support.cpp
[2.591s] -- Up-to-date: /root/workspaces/turtlebot_operation_norasheikhly/install/obstacle_interfaces/include/obstacle_interfaces/obstacle_interfaces/srv/detail/set_direction__rosidl_typesupport_introspection_cpp.hpp
[2.591s] -- Up-to-date: /root/workspaces/turtlebot_operation_norasheikhly/install/obstacle_interfaces/lib/libobstacle_interfaces__rosidl_typesupport_introspection_cpp.so
[2.618s] -- Up-to-date: /root/workspaces/turtlebot_operation_norasheikhly/install/obstacle_interfaces/lib/libobstacle_interfaces__rosidl_typesupport_cpp.so
[2.641s] -- Up-to-date: /root/workspaces/turtlebot_operation_norasheikhly/install/obstacle_interfaces/share/obstacle_interfaces/environment/pythonpath.sh
[2.646s] -- Up-to-date: /root/workspaces/turtlebot_operation_norasheikhly/install/obstacle_interfaces/share/obstacle_interfaces/environment/pythonpath.dsv
[2.655s] -- Up-to-date: /root/workspaces/turtlebot_operation_norasheikhly/install/obstacle_interfaces/lib/python3.12/site-packages/obstacle_interfaces-0.0.0-py3.12.egg-info
[2.658s] -- Installing: /root/workspaces/turtlebot_operation_norasheikhly/install/obstacle_interfaces/lib/python3.12/site-packages/obstacle_interfaces-0.0.0-py3.12.egg-info/top_level.txt
[2.706s] -- Installing: /root/workspaces/turtlebot_operation_norasheikhly/install/obstacle_interfaces/lib/python3.12/site-packages/obstacle_interfaces-0.0.0-py3.12.egg-info/SOURCES.txt
[2.758s] -- Installing: /root/workspaces/turtlebot_operation_norasheikhly/install/obstacle_interfaces/lib/python3.12/site-packages/obstacle_interfaces-0.0.0-py3.12.egg-info/dependency_links.txt
[2.806s] -- Installing: /root/workspaces/turtlebot_operation_norasheikhly/install/obstacle_interfaces/lib/python3.12/site-packages/obstacle_interfaces-0.0.0-py3.12.egg-info/PKG-INFO
[2.853s] -- Up-to-date: /root/workspaces/turtlebot_operation_norasheikhly/install/obstacle_interfaces/lib/python3.12/site-packages/obstacle_interfaces
[2.869s] -- Up-to-date: /root/workspaces/turtlebot_operation_norasheikhly/install/obstacle_interfaces/lib/python3.12/site-packages/obstacle_interfaces/_obstacle_interfaces_s.ep.rosidl_typesupport_c.c
[2.885s] -- Up-to-date: /root/workspaces/turtlebot_operation_norasheikhly/install/obstacle_interfaces/lib/python3.12/site-packages/obstacle_interfaces/_obstacle_interfaces_s.ep.rosidl_typesupport_introspection_c.c
[2.886s] -- Up-to-date: /root/workspaces/turtlebot_operation_norasheikhly/install/obstacle_interfaces/lib/python3.12/site-packages/obstacle_interfaces/_obstacle_interfaces_s.ep.rosidl_typesupport_fastrtps_c.c
[2.903s] -- Up-to-date: /root/workspaces/turtlebot_operation_norasheikhly/install/obstacle_interfaces/lib/python3.12/site-packages/obstacle_interfaces/obstacle_interfaces_s__rosidl_typesupport_c.so
[2.920s] -- Up-to-date: /root/workspaces/turtlebot_operation_norasheikhly/install/obstacle_interfaces/lib/python3.12/site-packages/obstacle_interfaces/obstacle_interfaces_s__rosidl_typesupport_introspection_c.so
[2.925s] -- Up-to-date: /root/workspaces/turtlebot_operation_norasheikhly/install/obstacle_interfaces/lib/python3.12/site-packages/obstacle_interfaces/obstacle_interfaces_s__rosidl_typesupport_fastrtps_c.so
[2.939s] -- Up-to-date: /root/workspaces/turtlebot_operation_norasheikhly/install/obstacle_interfaces/lib/python3.12/site-packages/obstacle_interfaces/srv
[2.939s] -- Up-to-date: /root/workspaces/turtlebot_operation_norasheikhly/install/obstacle_interfaces/lib/python3.12/site-packages/obstacle_interfaces/srv/_set_direction.py
[2.957s] -- Up-to-date: /root/workspaces/turtlebot_operation_norasheikhly/install/obstacle_interfaces/lib/python3.12/site-packages/obstacle_interfaces/srv/_set_direction_s.c
[2.976s] -- Up-to-date: /root/workspaces/turtlebot_operation_norasheikhly/install/obstacle_interfaces/lib/python3.12/site-packages/obstacle_interfaces/srv/__init__.py
[2.993s] -- Up-to-date: /root/workspaces/turtlebot_operation_norasheikhly/install/obstacle_interfaces/lib/python3.12/site-packages/obstacle_interfaces/__init__.py
[3.017s] Listing '/root/workspaces/turtlebot_operation_norasheikhly/install/obstacle_interfaces/lib/python3.12/site-packages/obstacle_interfaces'...
[3.018s] Listing '/root/workspaces/turtlebot_operation_norasheikhly/install/obstacle_interfaces/lib/python3.12/site-packages/obstacle_interfaces/srv'...
[3.035s] -- Up-to-date: /root/workspaces/turtlebot_operation_norasheikhly/install/obstacle_interfaces/lib/python3.12/site-packages/obstacle_interfaces/obstacle_interfaces_s__rosidl_typesupport_fastrtps_c.so
[3.058s] -- Up-to-date: /root/workspaces/turtlebot_operation_norasheikhly/install/obstacle_interfaces/lib/python3.12/site-packages/obstacle_interfaces/obstacle_interfaces_s__rosidl_typesupport_introspection_c.so
[3.081s] -- Up-to-date: /root/workspaces/turtlebot_operation_norasheikhly/install/obstacle_interfaces/lib/python3.12/site-packages/obstacle_interfaces/obstacle_interfaces_s__rosidl_typesupport_c.so
[3.099s] -- Up-to-date: /root/workspaces/turtlebot_operation_norasheikhly/install/obstacle_interfaces/lib/libobstacle_interfaces__rosidl_generator_py.so
[3.120s] -- Up-to-date: /root/workspaces/turtlebot_operation_norasheikhly/install/obstacle_interfaces/share/ament_index/resource_index/rust_packages/obstacle_interfaces
[3.133s] -- Up-to-date: /root/workspaces/turtlebot_operation_norasheikhly/install/obstacle_interfaces/share/obstacle_interfaces/rust
[3.153s] -- Up-to-date: /root/workspaces/turtlebot_operation_norasheikhly/install/obstacle_interfaces/share/obstacle_interfaces/rust/src
[3.154s] -- Up-to-date: /root/workspaces/turtlebot_operation_norasheikhly/install/obstacle_interfaces/share/obstacle_interfaces/rust/src/lib.rs
[3.160s] -- Up-to-date: /root/workspaces/turtlebot_operation_norasheikhly/install/obstacle_interfaces/share/obstacle_interfaces/rust/src/srv.rs
[3.160s] -- Up-to-date: /root/workspaces/turtlebot_operation_norasheikhly/install/obstacle_interfaces/share/obstacle_interfaces/rust/src/srv
[3.174s] -- Up-to-date: /root/workspaces/turtlebot_operation_norasheikhly/install/obstacle_interfaces/share/obstacle_interfaces/rust/src/srv/rmw.rs
[3.194s] -- Up-to-date: /root/workspaces/turtlebot_operation_norasheikhly/install/obstacle_interfaces/share/obstacle_interfaces/rust/Cargo.toml
[3.211s] -- Up-to-date: /root/workspaces/turtlebot_operation_norasheikhly/install/obstacle_interfaces/share/obstacle_interfaces/rust/build.rs
[3.220s] -- Up-to-date: /root/workspaces/turtlebot_operation_norasheikhly/install/obstacle_interfaces/share/obstacle_interfaces/srv/SetDirection.idl
[3.220s] -- Up-to-date: /root/workspaces/turtlebot_operation_norasheikhly/install/obstacle_interfaces/share/obstacle_interfaces/srv/SetDirection.srv
[3.220s] -- Up-to-date: /root/workspaces/turtlebot_operation_norasheikhly/install/obstacle_interfaces/share/ament_index/resource_index/package_run_dependencies/obstacle_interfaces
[3.221s] -- Up-to-date: /root/workspaces/turtlebot_operation_norasheikhly/install/obstacle_interfaces/share/ament_index/resource_index/parent_prefix_path/obstacle_interfaces
[3.221s] -- Up-to-date: /root/workspaces/turtlebot_operation_norasheikhly/install/obstacle_interfaces/share/obstacle_interfaces/environment/ament_prefix_path.sh
[3.221s] -- Up-to-date: /root/workspaces/turtlebot_operation_norasheikhly/install/obstacle_interfaces/share/obstacle_interfaces/environment/ament_prefix_path.dsv
[3.221s] -- Up-to-date: /root/workspaces/turtlebot_operation_norasheikhly/install/obstacle_interfaces/share/obstacle_interfaces/environment/path.sh
[3.235s] -- Up-to-date: /root/workspaces/turtlebot_operation_norasheikhly/install/obstacle_interfaces/share/obstacle_interfaces/environment/path.dsv
[3.255s] -- Up-to-date: /root/workspaces/turtlebot_operation_norasheikhly/install/obstacle_interfaces/share/obstacle_interfaces/local_setup.bash
[3.269s] -- Up-to-date: /root/workspaces/turtlebot_operation_norasheikhly/install/obstacle_interfaces/share/obstacle_interfaces/local_setup.sh
[3.273s] -- Up-to-date: /root/workspaces/turtlebot_operation_norasheikhly/install/obstacle_interfaces/share/obstacle_interfaces/local_setup.zsh
[3.274s] -- Up-to-date: /root/workspaces/turtlebot_operation_norasheikhly/install/obstacle_interfaces/share/obstacle_interfaces/local_setup.dsv
[3.291s] -- Installing: /root/workspaces/turtlebot_operation_norasheikhly/install/obstacle_interfaces/share/obstacle_interfaces/package.dsv
[3.313s] -- Up-to-date: /root/workspaces/turtlebot_operation_norasheikhly/install/obstacle_interfaces/share/ament_index/resource_index/packages/obstacle_interfaces
[3.330s] -- Up-to-date: /root/workspaces/turtlebot_operation_norasheikhly/install/obstacle_interfaces/share/obstacle_interfaces/cmake/export_obstacle_interfaces__rosidl_generator_cExport.cmake
[3.349s] -- Up-to-date: /root/workspaces/turtlebot_operation_norasheikhly/install/obstacle_interfaces/share/obstacle_interfaces/cmake/export_obstacle_interfaces__rosidl_generator_cExport-noconfig.cmake
[3.368s] -- Up-to-date: /root/workspaces/turtlebot_operation_norasheikhly/install/obstacle_interfaces/share/obstacle_interfaces/cmake/export_obstacle_interfaces__rosidl_typesupport_fastrtps_cExport.cmake
[3.386s] -- Up-to-date: /root/workspaces/turtlebot_operation_norasheikhly/install/obstacle_interfaces/share/obstacle_interfaces/cmake/export_obstacle_interfaces__rosidl_typesupport_fastrtps_cExport-noconfig.cmake
[3.404s] -- Up-to-date: /root/workspaces/turtlebot_operation_norasheikhly/install/obstacle_interfaces/share/obstacle_interfaces/cmake/obstacle_interfaces__rosidl_typesupport_introspection_cExport.cmake
[3.439s] -- Up-to-date: /root/workspaces/turtlebot_operation_norasheikhly/install/obstacle_interfaces/share/obstacle_interfaces/cmake/obstacle_interfaces__rosidl_typesupport_introspection_cExport-noconfig.cmake
[3.457s] -- Up-to-date: /root/workspaces/turtlebot_operation_norasheikhly/install/obstacle_interfaces/share/obstacle_interfaces/cmake/obstacle_interfaces__rosidl_typesupport_cExport.cmake
[3.475s] -- Up-to-date: /root/workspaces/turtlebot_operation_norasheikhly/install/obstacle_interfaces/share/obstacle_interfaces/cmake/obstacle_interfaces__rosidl_typesupport_cExport-noconfig.cmake
[3.493s] -- Up-to-date: /root/workspaces/turtlebot_operation_norasheikhly/install/obstacle_interfaces/share/obstacle_interfaces/cmake/export_obstacle_interfaces__rosidl_generator_cppExport.cmake
[3.512s] -- Up-to-date: /root/workspaces/turtlebot_operation_norasheikhly/install/obstacle_interfaces/share/obstacle_interfaces/cmake/export_obstacle_interfaces__rosidl_typesupport_fastrtps_cppExport.cmake
[3.531s] -- Up-to-date: /root/workspaces/turtlebot_operation_norasheikhly/install/obstacle_interfaces/share/obstacle_interfaces/cmake/export_obstacle_interfaces__rosidl_typesupport_fastrtps_cppExport-noconfig.cmake
[3.549s] -- Up-to-date: /root/workspaces/turtlebot_operation_norasheikhly/install/obstacle_interfaces/share/obstacle_interfaces/cmake/obstacle_interfaces__rosidl_typesupport_introspection_cppExport.cmake
[3.567s] -- Up-to-date: /root/workspaces/turtlebot_operation_norasheikhly/install/obstacle_interfaces/share/obstacle_interfaces/cmake/obstacle_interfaces__rosidl_typesupport_introspection_cppExport-noconfig.cmake
[3.586s] -- Up-to-date: /root/workspaces/turtlebot_operation_norasheikhly/install/obstacle_interfaces/share/obstacle_interfaces/cmake/obstacle_interfaces__rosidl_typesupport_cppExport.cmake
[3.609s] -- Up-to-date: /root/workspaces/turtlebot_operation_norasheikhly/install/obstacle_interfaces/share/obstacle_interfaces/cmake/obstacle_interfaces__rosidl_typesupport_cppExport-noconfig.cmake
[3.609s] -- Up-to-date: /root/workspaces/turtlebot_operation_norasheikhly/install/obstacle_interfaces/share/obstacle_interfaces/cmake/export_obstacle_interfaces__rosidl_generator_pyExport.cmake
[3.613s] -- Up-to-date: /root/workspaces/turtlebot_operation_norasheikhly/install/obstacle_interfaces/share/obstacle_interfaces/cmake/export_obstacle_interfaces__rosidl_generator_pyExport-noconfig.cmake
[3.627s] -- Up-to-date: /root/workspaces/turtlebot_operation_norasheikhly/install/obstacle_interfaces/share/obstacle_interfaces/cmake/rosidl_cmake-extras.cmake
[3.648s] -- Up-to-date: /root/workspaces/turtlebot_operation_norasheikhly/install/obstacle_interfaces/share/obstacle_interfaces/cmake/ament_cmake_export_dependencies-extras.cmake
[3.668s] -- Up-to-date: /root/workspaces/turtlebot_operation_norasheikhly/install/obstacle_interfaces/share/obstacle_interfaces/cmake/ament_cmake_export_include_directories-extras.cmake
[3.668s] -- Up-to-date: /root/workspaces/turtlebot_operation_norasheikhly/install/obstacle_interfaces/share/obstacle_interfaces/cmake/ament_cmake_export_libraries-extras.cmake
[3.686s] -- Up-to-date: /root/workspaces/turtlebot_operation_norasheikhly/install/obstacle_interfaces/share/obstacle_interfaces/cmake/ament_cmake_export_targets-extras.cmake
[3.705s] -- Up-to-date: /root/workspaces/turtlebot_operation_norasheikhly/install/obstacle_interfaces/share/obstacle_interfaces/cmake/rosidl_cmake_export_typesupport_targets-extras.cmake
[3.705s] -- Up-to-date: /root/workspaces/turtlebot_operation_norasheikhly/install/obstacle_interfaces/share/obstacle_interfaces/cmake/rosidl_cmake_export_typesupport_libraries-extras.cmake
[3.723s] -- Up-to-date: /root/workspaces/turtlebot_operation_norasheikhly/install/obstacle_interfaces/share/obstacle_interfaces/cmake/rosidl_cmake_aggregate_target-extras.cmake
[3.743s] -- Up-to-date: /root/workspaces/turtlebot_operation_norasheikhly/install/obstacle_interfaces/share/obstacle_interfaces/cmake/obstacle_interfacesConfig.cmake
[3.762s] -- Up-to-date: /root/workspaces/turtlebot_operation_norasheikhly/install/obstacle_interfaces/share/obstacle_interfaces/cmake/obstacle_interfacesConfig-version.cmake
[3.771s] -- Up-to-date: /root/workspaces/turtlebot_operation_norasheikhly/install/obstacle_interfaces/share/obstacle_interfaces/package.xml
[3.771s] Invoked command in '/root/workspaces/turtlebot_operation_norasheikhly/build/obstacle_interfaces' returned '0': CMAKE_PREFIX_PATH=${CMAKE_PREFIX_PATH}:/root/workspaces/turtlebot_operation_norasheikhly/install/obstacle_controller:/opt/ros/jazzy /usr/bin/cmake --install /root/workspaces/turtlebot_operation_norasheikhly/build/obstacle_interfaces
