[0.153s] DEBUG:colcon:Command line arguments: ['/usr/bin/colcon', 'build', '--packages-select', 'obstacle_controller']
[0.154s] DEBUG:colcon:Parsed command line arguments: Namespace(log_base=None, log_level=None, verb_name='build', build_base='build', install_base='install', merge_install=False, symlink_install=False, test_result_base=None, continue_on_error=False, executor='parallel', parallel_workers=4, event_handlers=None, ignore_user_meta=False, metas=['./colcon.meta'], base_paths=['.'], packages_ignore=None, packages_ignore_regex=None, paths=None, packages_up_to=None, packages_up_to_regex=None, packages_above=None, packages_above_and_dependencies=None, packages_above_depth=None, packages_select_by_dep=None, packages_skip_by_dep=None, packages_skip_up_to=None, packages_select_build_failed=False, packages_skip_build_finished=False, packages_select_test_failures=False, packages_skip_test_passed=False, packages_select=['obstacle_controller'], packages_skip=None, packages_select_regex=None, packages_skip_regex=None, packages_start=None, packages_end=None, allow_overriding=[], cmake_args=None, cmake_target=None, cmake_target_skip_unavailable=False, cmake_clean_cache=False, cmake_clean_first=False, cmake_force_configure=False, ament_cmake_args=None, catkin_cmake_args=None, catkin_skip_building_tests=False, verb_parser=<colcon_defaults.argument_parser.defaults.DefaultArgumentsDecorator object at 0x7f73114f1220>, verb_extension=<colcon_core.verb.build.BuildVerb object at 0x7f73116bb050>, main=<bound method BuildVerb.main of <colcon_core.verb.build.BuildVerb object at 0x7f73116bb050>>)
[0.208s] Level 1:colcon.colcon_core.package_discovery:discover_packages(colcon_meta) check parameters
[0.208s] Level 1:colcon.colcon_core.package_discovery:discover_packages(recursive) check parameters
[0.213s] Level 1:colcon.colcon_core.package_discovery:discover_packages(ignore) check parameters
[0.217s] Level 1:colcon.colcon_core.package_discovery:discover_packages(path) check parameters
[0.225s] Level 1:colcon.colcon_core.package_discovery:discover_packages(colcon_meta) discover
[0.230s] Level 1:colcon.colcon_core.package_discovery:discover_packages(recursive) discover
[0.235s] INFO:colcon.colcon_core.package_discovery:Crawling recursively for packages in '/root/workspaces/turtlebot_operation_norasheikhly'
[0.239s] Level 1:colcon.colcon_core.package_identification:_identify(.) by extensions ['ignore', 'ignore_ament_install']
[0.247s] Level 1:colcon.colcon_core.package_identification:_identify(.) by extension 'ignore'
[0.251s] Level 1:colcon.colcon_core.package_identification:_identify(.) by extension 'ignore_ament_install'
[0.255s] Level 1:colcon.colcon_core.package_identification:_identify(.) by extensions ['colcon_pkg']
[0.260s] Level 1:colcon.colcon_core.package_identification:_identify(.) by extension 'colcon_pkg'
[0.264s] Level 1:colcon.colcon_core.package_identification:_identify(.) by extensions ['colcon_meta']
[0.274s] Level 1:colcon.colcon_core.package_identification:_identify(.) by extension 'colcon_meta'
[0.278s] Level 1:colcon.colcon_core.package_identification:_identify(.) by extensions ['ros']
[0.282s] Level 1:colcon.colcon_core.package_identification:_identify(.) by extension 'ros'
[0.310s] Level 1:colcon.colcon_core.package_identification:_identify(.) by extensions ['cmake', 'python']
[0.310s] Level 1:colcon.colcon_core.package_identification:_identify(.) by extension 'cmake'
[0.310s] Level 1:colcon.colcon_core.package_identification:_identify(.) by extension 'python'
[0.315s] Level 1:colcon.colcon_core.package_identification:_identify(.) by extensions ['python_setup_py']
[0.319s] Level 1:colcon.colcon_core.package_identification:_identify(.) by extension 'python_setup_py'
[0.325s] Level 1:colcon.colcon_core.package_identification:_identify(build) by extensions ['ignore', 'ignore_ament_install']
[0.328s] Level 1:colcon.colcon_core.package_identification:_identify(build) by extension 'ignore'
[0.335s] Level 1:colcon.colcon_core.package_identification:_identify(build) ignored
[0.340s] Level 1:colcon.colcon_core.package_identification:_identify(install) by extensions ['ignore', 'ignore_ament_install']
[0.344s] Level 1:colcon.colcon_core.package_identification:_identify(install) by extension 'ignore'
[0.351s] Level 1:colcon.colcon_core.package_identification:_identify(install) ignored
[0.361s] Level 1:colcon.colcon_core.package_identification:_identify(log) by extensions ['ignore', 'ignore_ament_install']
[0.362s] Level 1:colcon.colcon_core.package_identification:_identify(log) by extension 'ignore'
[0.370s] Level 1:colcon.colcon_core.package_identification:_identify(log) ignored
[0.377s] Level 1:colcon.colcon_core.package_identification:_identify(src) by extensions ['ignore', 'ignore_ament_install']
[0.380s] Level 1:colcon.colcon_core.package_identification:_identify(src) by extension 'ignore'
[0.380s] Level 1:colcon.colcon_core.package_identification:_identify(src) by extension 'ignore_ament_install'
[0.380s] Level 1:colcon.colcon_core.package_identification:_identify(src) by extensions ['colcon_pkg']
[0.380s] Level 1:colcon.colcon_core.package_identification:_identify(src) by extension 'colcon_pkg'
[0.380s] Level 1:colcon.colcon_core.package_identification:_identify(src) by extensions ['colcon_meta']
[0.380s] Level 1:colcon.colcon_core.package_identification:_identify(src) by extension 'colcon_meta'
[0.380s] Level 1:colcon.colcon_core.package_identification:_identify(src) by extensions ['ros']
[0.380s] Level 1:colcon.colcon_core.package_identification:_identify(src) by extension 'ros'
[0.380s] Level 1:colcon.colcon_core.package_identification:_identify(src) by extensions ['cmake', 'python']
[0.380s] Level 1:colcon.colcon_core.package_identification:_identify(src) by extension 'cmake'
[0.381s] Level 1:colcon.colcon_core.package_identification:_identify(src) by extension 'python'
[0.381s] Level 1:colcon.colcon_core.package_identification:_identify(src) by extensions ['python_setup_py']
[0.381s] Level 1:colcon.colcon_core.package_identification:_identify(src) by extension 'python_setup_py'
[0.382s] Level 1:colcon.colcon_core.package_identification:_identify(src/obstacle_controller) by extensions ['ignore', 'ignore_ament_install']
[0.385s] Level 1:colcon.colcon_core.package_identification:_identify(src/obstacle_controller) by extension 'ignore'
[0.392s] Level 1:colcon.colcon_core.package_identification:_identify(src/obstacle_controller) by extension 'ignore_ament_install'
[0.396s] Level 1:colcon.colcon_core.package_identification:_identify(src/obstacle_controller) by extensions ['colcon_pkg']
[0.400s] Level 1:colcon.colcon_core.package_identification:_identify(src/obstacle_controller) by extension 'colcon_pkg'
[0.405s] Level 1:colcon.colcon_core.package_identification:_identify(src/obstacle_controller) by extensions ['colcon_meta']
[0.415s] Level 1:colcon.colcon_core.package_identification:_identify(src/obstacle_controller) by extension 'colcon_meta'
[0.419s] Level 1:colcon.colcon_core.package_identification:_identify(src/obstacle_controller) by extensions ['ros']
[0.419s] Level 1:colcon.colcon_core.package_identification:_identify(src/obstacle_controller) by extension 'ros'
[0.426s] DEBUG:colcon.colcon_core.package_identification:Package 'src/obstacle_controller' with type 'ros.ament_python' and name 'obstacle_controller'
[0.428s] Level 1:colcon.colcon_core.package_identification:_identify(src/obstacle_interfaces) by extensions ['ignore', 'ignore_ament_install']
[0.431s] Level 1:colcon.colcon_core.package_identification:_identify(src/obstacle_interfaces) by extension 'ignore'
[0.435s] Level 1:colcon.colcon_core.package_identification:_identify(src/obstacle_interfaces) by extension 'ignore_ament_install'
[0.439s] Level 1:colcon.colcon_core.package_identification:_identify(src/obstacle_interfaces) by extensions ['colcon_pkg']
[0.444s] Level 1:colcon.colcon_core.package_identification:_identify(src/obstacle_interfaces) by extension 'colcon_pkg'
[0.450s] Level 1:colcon.colcon_core.package_identification:_identify(src/obstacle_interfaces) by extensions ['colcon_meta']
[0.455s] Level 1:colcon.colcon_core.package_identification:_identify(src/obstacle_interfaces) by extension 'colcon_meta'
[0.459s] Level 1:colcon.colcon_core.package_identification:_identify(src/obstacle_interfaces) by extensions ['ros']
[0.466s] Level 1:colcon.colcon_core.package_identification:_identify(src/obstacle_interfaces) by extension 'ros'
[0.476s] DEBUG:colcon.colcon_core.package_identification:Package 'src/obstacle_interfaces' with type 'ros.ament_cmake' and name 'obstacle_interfaces'
[0.477s] Level 1:colcon.colcon_core.package_discovery:discover_packages(recursive) using defaults
[0.484s] Level 1:colcon.colcon_core.package_discovery:discover_packages(ignore) discover
[0.488s] Level 1:colcon.colcon_core.package_discovery:discover_packages(ignore) using defaults
[0.496s] Level 1:colcon.colcon_core.package_discovery:discover_packages(path) discover
[0.496s] Level 1:colcon.colcon_core.package_discovery:discover_packages(path) using defaults
[0.518s] INFO:colcon.colcon_core.package_selection:Skipping not selected package 'obstacle_interfaces' in 'src/obstacle_interfaces'
[0.518s] Level 1:colcon.colcon_core.package_discovery:discover_packages(prefix_path) check parameters
[0.525s] Level 1:colcon.colcon_core.package_discovery:discover_packages(prefix_path) discover
[0.542s] DEBUG:colcon.colcon_installed_package_information.package_discovery:Found 4 installed packages in /root/workspaces/turtlebot_ws/install
[0.545s] DEBUG:colcon.colcon_installed_package_information.package_discovery:Found 455 installed packages in /opt/ros/jazzy
[0.547s] Level 1:colcon.colcon_core.package_discovery:discover_packages(prefix_path) using defaults
[0.608s] Level 5:colcon.colcon_core.verb:set package 'obstacle_controller' build argument 'cmake_args' from command line to 'None'
[0.608s] Level 5:colcon.colcon_core.verb:set package 'obstacle_controller' build argument 'cmake_target' from command line to 'None'
[0.608s] Level 5:colcon.colcon_core.verb:set package 'obstacle_controller' build argument 'cmake_target_skip_unavailable' from command line to 'False'
[0.613s] Level 5:colcon.colcon_core.verb:set package 'obstacle_controller' build argument 'cmake_clean_cache' from command line to 'False'
[0.617s] Level 5:colcon.colcon_core.verb:set package 'obstacle_controller' build argument 'cmake_clean_first' from command line to 'False'
[0.624s] Level 5:colcon.colcon_core.verb:set package 'obstacle_controller' build argument 'cmake_force_configure' from command line to 'False'
[0.629s] Level 5:colcon.colcon_core.verb:set package 'obstacle_controller' build argument 'ament_cmake_args' from command line to 'None'
[0.634s] Level 5:colcon.colcon_core.verb:set package 'obstacle_controller' build argument 'catkin_cmake_args' from command line to 'None'
[0.639s] Level 5:colcon.colcon_core.verb:set package 'obstacle_controller' build argument 'catkin_skip_building_tests' from command line to 'False'
[0.645s] DEBUG:colcon.colcon_core.verb:Building package 'obstacle_controller' with the following arguments: {'ament_cmake_args': None, 'build_base': '/root/workspaces/turtlebot_operation_norasheikhly/build/obstacle_controller', 'catkin_cmake_args': None, 'catkin_skip_building_tests': False, 'cmake_args': None, 'cmake_clean_cache': False, 'cmake_clean_first': False, 'cmake_force_configure': False, 'cmake_target': None, 'cmake_target_skip_unavailable': False, 'install_base': '/root/workspaces/turtlebot_operation_norasheikhly/install/obstacle_controller', 'merge_install': False, 'path': '/root/workspaces/turtlebot_operation_norasheikhly/src/obstacle_controller', 'symlink_install': False, 'test_result_base': None}
[0.650s] INFO:colcon.colcon_core.executor:Executing jobs using 'parallel' executor
[0.658s] DEBUG:colcon.colcon_parallel_executor.executor.parallel:run_until_complete
[0.663s] INFO:colcon.colcon_ros.task.ament_python.build:Building ROS package in '/root/workspaces/turtlebot_operation_norasheikhly/src/obstacle_controller' with build type 'ament_python'
[0.663s] Level 1:colcon.colcon_core.shell:create_environment_hook('obstacle_controller', 'ament_prefix_path')
[0.672s] INFO:colcon.colcon_core.plugin_system:Skipping extension 'colcon_core.shell.bat': Not used on non-Windows systems
[0.674s] INFO:colcon.colcon_core.shell:Creating environment hook '/root/workspaces/turtlebot_operation_norasheikhly/install/obstacle_controller/share/obstacle_controller/hook/ament_prefix_path.ps1'
[0.692s] INFO:colcon.colcon_core.shell:Creating environment descriptor '/root/workspaces/turtlebot_operation_norasheikhly/install/obstacle_controller/share/obstacle_controller/hook/ament_prefix_path.dsv'
[0.708s] INFO:colcon.colcon_core.shell:Creating environment hook '/root/workspaces/turtlebot_operation_norasheikhly/install/obstacle_controller/share/obstacle_controller/hook/ament_prefix_path.sh'
[0.723s] INFO:colcon.colcon_core.shell:Skip shell extension 'powershell' for command environment: Not usable outside of PowerShell
[0.723s] DEBUG:colcon.colcon_core.shell:Skip shell extension 'dsv' for command environment
[1.079s] INFO:colcon.colcon_core.task.python.build:Building Python package in '/root/workspaces/turtlebot_operation_norasheikhly/src/obstacle_controller'
[1.079s] INFO:colcon.colcon_core.shell:Skip shell extension 'powershell' for command environment: Not usable outside of PowerShell
[1.084s] DEBUG:colcon.colcon_core.shell:Skip shell extension 'dsv' for command environment
[1.790s] DEBUG:colcon.colcon_core.task.python.build:Available setuptools commands: test, upload, bdist_wheel, register, build, editable_wheel, clean, bdist_rpm, bdist, rotate, build_py, develop, install, egg_info, init_catalog, upload_docs, install_headers, build_scripts, bdist_egg, compile_catalog, easy_install, check, symlink_data, sdist, install_egg_info, install_scripts, alias, setopt, bdist_dumb, build_clib, saveopts, install_data, install_lib, update_catalog, extract_messages, dist_info, build_ext
[1.859s] DEBUG:colcon.colcon_core.event_handler.log_command:Invoking command in '/root/workspaces/turtlebot_operation_norasheikhly/src/obstacle_controller': AMENT_PREFIX_PATH=/root/workspaces/turtlebot_operation_norasheikhly/install/obstacle_interfaces:${AMENT_PREFIX_PATH} CMAKE_PREFIX_PATH=/root/workspaces/turtlebot_operation_norasheikhly/install/obstacle_interfaces:${CMAKE_PREFIX_PATH} LD_LIBRARY_PATH=/root/workspaces/turtlebot_operation_norasheikhly/install/obstacle_interfaces/lib:${LD_LIBRARY_PATH} PYTHONPATH=/root/workspaces/turtlebot_operation_norasheikhly/build/obstacle_controller/prefix_override:/usr/lib/python3/dist-packages/colcon_core/task/python/colcon_distutils_commands:/root/workspaces/turtlebot_operation_norasheikhly/install/obstacle_controller/lib/python3.12/site-packages:/root/workspaces/turtlebot_operation_norasheikhly/install/obstacle_interfaces/lib/python3.12/site-packages:${PYTHONPATH} /usr/bin/python3 -W ignore:setup.py install is deprecated -W ignore:easy_install command is deprecated setup.py egg_info --egg-base ../../build/obstacle_controller build --build-base /root/workspaces/turtlebot_operation_norasheikhly/build/obstacle_controller/build install --record /root/workspaces/turtlebot_operation_norasheikhly/build/obstacle_controller/install.log --install-scripts $base/lib/obstacle_controller --single-version-externally-managed install_data
[2.857s] DEBUG:colcon.colcon_core.event_handler.log_command:Invoked command in '/root/workspaces/turtlebot_operation_norasheikhly/src/obstacle_controller' returned '0': AMENT_PREFIX_PATH=/root/workspaces/turtlebot_operation_norasheikhly/install/obstacle_interfaces:${AMENT_PREFIX_PATH} CMAKE_PREFIX_PATH=/root/workspaces/turtlebot_operation_norasheikhly/install/obstacle_interfaces:${CMAKE_PREFIX_PATH} LD_LIBRARY_PATH=/root/workspaces/turtlebot_operation_norasheikhly/install/obstacle_interfaces/lib:${LD_LIBRARY_PATH} PYTHONPATH=/root/workspaces/turtlebot_operation_norasheikhly/build/obstacle_controller/prefix_override:/usr/lib/python3/dist-packages/colcon_core/task/python/colcon_distutils_commands:/root/workspaces/turtlebot_operation_norasheikhly/install/obstacle_controller/lib/python3.12/site-packages:/root/workspaces/turtlebot_operation_norasheikhly/install/obstacle_interfaces/lib/python3.12/site-packages:${PYTHONPATH} /usr/bin/python3 -W ignore:setup.py install is deprecated -W ignore:easy_install command is deprecated setup.py egg_info --egg-base ../../build/obstacle_controller build --build-base /root/workspaces/turtlebot_operation_norasheikhly/build/obstacle_controller/build install --record /root/workspaces/turtlebot_operation_norasheikhly/build/obstacle_controller/install.log --install-scripts $base/lib/obstacle_controller --single-version-externally-managed install_data
[2.860s] Level 1:colcon.colcon_core.environment:checking '/root/workspaces/turtlebot_operation_norasheikhly/install/obstacle_controller' for CMake module files
[2.873s] Level 1:colcon.colcon_core.environment:checking '/root/workspaces/turtlebot_operation_norasheikhly/install/obstacle_controller' for CMake config files
[2.886s] Level 1:colcon.colcon_core.environment:checking '/root/workspaces/turtlebot_operation_norasheikhly/install/obstacle_controller/lib'
[2.888s] Level 1:colcon.colcon_core.environment:checking '/root/workspaces/turtlebot_operation_norasheikhly/install/obstacle_controller/bin'
[2.888s] Level 1:colcon.colcon_core.environment:checking '/root/workspaces/turtlebot_operation_norasheikhly/install/obstacle_controller/lib/pkgconfig/obstacle_controller.pc'
[2.888s] Level 1:colcon.colcon_core.environment:checking '/root/workspaces/turtlebot_operation_norasheikhly/install/obstacle_controller/lib/python3.12/site-packages'
[2.888s] Level 1:colcon.colcon_core.shell:create_environment_hook('obstacle_controller', 'pythonpath')
[2.888s] INFO:colcon.colcon_core.shell:Creating environment hook '/root/workspaces/turtlebot_operation_norasheikhly/install/obstacle_controller/share/obstacle_controller/hook/pythonpath.ps1'
[2.903s] INFO:colcon.colcon_core.shell:Creating environment descriptor '/root/workspaces/turtlebot_operation_norasheikhly/install/obstacle_controller/share/obstacle_controller/hook/pythonpath.dsv'
[2.919s] INFO:colcon.colcon_core.shell:Creating environment hook '/root/workspaces/turtlebot_operation_norasheikhly/install/obstacle_controller/share/obstacle_controller/hook/pythonpath.sh'
[2.934s] Level 1:colcon.colcon_core.environment:checking '/root/workspaces/turtlebot_operation_norasheikhly/install/obstacle_controller/bin'
[2.934s] Level 1:colcon.colcon_core.environment:create_environment_scripts_only(obstacle_controller)
[2.935s] INFO:colcon.colcon_core.shell:Creating package script '/root/workspaces/turtlebot_operation_norasheikhly/install/obstacle_controller/share/obstacle_controller/package.ps1'
[2.955s] INFO:colcon.colcon_core.shell:Creating package descriptor '/root/workspaces/turtlebot_operation_norasheikhly/install/obstacle_controller/share/obstacle_controller/package.dsv'
[2.968s] INFO:colcon.colcon_core.shell:Creating package script '/root/workspaces/turtlebot_operation_norasheikhly/install/obstacle_controller/share/obstacle_controller/package.sh'
[2.983s] INFO:colcon.colcon_core.shell:Creating package script '/root/workspaces/turtlebot_operation_norasheikhly/install/obstacle_controller/share/obstacle_controller/package.bash'
[2.996s] INFO:colcon.colcon_core.shell:Creating package script '/root/workspaces/turtlebot_operation_norasheikhly/install/obstacle_controller/share/obstacle_controller/package.zsh'
[3.011s] Level 1:colcon.colcon_core.environment:create_file_with_runtime_dependencies(/root/workspaces/turtlebot_operation_norasheikhly/install/obstacle_controller/share/colcon-core/packages/obstacle_controller)
[3.025s] DEBUG:colcon.colcon_parallel_executor.executor.parallel:closing loop
[3.026s] DEBUG:colcon.colcon_parallel_executor.executor.parallel:loop closed
[3.031s] DEBUG:colcon.colcon_parallel_executor.executor.parallel:run_until_complete finished with '0'
[3.031s] DEBUG:colcon.colcon_core.event_reactor:joining thread
[3.054s] INFO:colcon.colcon_core.plugin_system:Skipping extension 'colcon_notification.desktop_notification.notify_send': Could not find 'notify-send'
[3.054s] INFO:colcon.colcon_core.plugin_system:Skipping extension 'colcon_notification.desktop_notification.terminal_notifier': Not used on non-Darwin systems
[3.059s] INFO:colcon.colcon_core.plugin_system:Skipping extension 'colcon_notification.desktop_notification.win32': Not used on non-Windows systems
[3.059s] INFO:colcon.colcon_notification.desktop_notification:Sending desktop notification using 'notify2'
[3.065s] DEBUG:colcon.colcon_notification.desktop_notification.notify2:Failed to initialize notify2: org.freedesktop.DBus.Error.Spawn.ExecFailed: /usr/bin/dbus-launch terminated abnormally without any error message
[3.066s] DEBUG:colcon.colcon_core.event_reactor:joined thread
[3.071s] INFO:colcon.colcon_core.shell:Creating prefix script '/root/workspaces/turtlebot_operation_norasheikhly/install/local_setup.ps1'
[3.088s] INFO:colcon.colcon_core.shell:Creating prefix util module '/root/workspaces/turtlebot_operation_norasheikhly/install/_local_setup_util_ps1.py'
[3.109s] INFO:colcon.colcon_core.shell:Creating prefix chain script '/root/workspaces/turtlebot_operation_norasheikhly/install/setup.ps1'
[3.134s] INFO:colcon.colcon_core.shell:Creating prefix script '/root/workspaces/turtlebot_operation_norasheikhly/install/local_setup.sh'
[3.156s] INFO:colcon.colcon_core.shell:Creating prefix util module '/root/workspaces/turtlebot_operation_norasheikhly/install/_local_setup_util_sh.py'
[3.176s] INFO:colcon.colcon_core.shell:Creating prefix chain script '/root/workspaces/turtlebot_operation_norasheikhly/install/setup.sh'
[3.202s] INFO:colcon.colcon_core.shell:Creating prefix script '/root/workspaces/turtlebot_operation_norasheikhly/install/local_setup.bash'
[3.218s] INFO:colcon.colcon_core.shell:Creating prefix chain script '/root/workspaces/turtlebot_operation_norasheikhly/install/setup.bash'
[3.242s] INFO:colcon.colcon_core.shell:Creating prefix script '/root/workspaces/turtlebot_operation_norasheikhly/install/local_setup.zsh'
[3.267s] INFO:colcon.colcon_core.shell:Creating prefix chain script '/root/workspaces/turtlebot_operation_norasheikhly/install/setup.zsh'
