[0.156s] DEBUG:colcon:Command line arguments: ['/usr/bin/colcon', 'build', '--packages-select', 'obstacle_controller', 'obstacle_interfaces']
[0.156s] DEBUG:colcon:Parsed command line arguments: Namespace(log_base=None, log_level=None, verb_name='build', build_base='build', install_base='install', merge_install=False, symlink_install=False, test_result_base=None, continue_on_error=False, executor='parallel', parallel_workers=4, event_handlers=None, ignore_user_meta=False, metas=['./colcon.meta'], base_paths=['.'], packages_ignore=None, packages_ignore_regex=None, paths=None, packages_up_to=None, packages_up_to_regex=None, packages_above=None, packages_above_and_dependencies=None, packages_above_depth=None, packages_select_by_dep=None, packages_skip_by_dep=None, packages_skip_up_to=None, packages_select_build_failed=False, packages_skip_build_finished=False, packages_select_test_failures=False, packages_skip_test_passed=False, packages_select=['obstacle_controller', 'obstacle_interfaces'], packages_skip=None, packages_select_regex=None, packages_skip_regex=None, packages_start=None, packages_end=None, allow_overriding=[], cmake_args=None, cmake_target=None, cmake_target_skip_unavailable=False, cmake_clean_cache=False, cmake_clean_first=False, cmake_force_configure=False, ament_cmake_args=None, catkin_cmake_args=None, catkin_skip_building_tests=False, verb_parser=<colcon_defaults.argument_parser.defaults.DefaultArgumentsDecorator object at 0x7f45789014c0>, verb_extension=<colcon_core.verb.build.BuildVerb object at 0x7f4578a962a0>, main=<bound method BuildVerb.main of <colcon_core.verb.build.BuildVerb object at 0x7f4578a962a0>>)
[0.211s] Level 1:colcon.colcon_core.package_discovery:discover_packages(colcon_meta) check parameters
[0.211s] Level 1:colcon.colcon_core.package_discovery:discover_packages(recursive) check parameters
[0.216s] Level 1:colcon.colcon_core.package_discovery:discover_packages(ignore) check parameters
[0.219s] Level 1:colcon.colcon_core.package_discovery:discover_packages(path) check parameters
[0.224s] Level 1:colcon.colcon_core.package_discovery:discover_packages(colcon_meta) discover
[0.228s] Level 1:colcon.colcon_core.package_discovery:discover_packages(recursive) discover
[0.232s] INFO:colcon.colcon_core.package_discovery:Crawling recursively for packages in '/root/workspaces/turtlebot_operation_norasheikhly'
[0.237s] Level 1:colcon.colcon_core.package_identification:_identify(.) by extensions ['ignore', 'ignore_ament_install']
[0.246s] Level 1:colcon.colcon_core.package_identification:_identify(.) by extension 'ignore'
[0.253s] Level 1:colcon.colcon_core.package_identification:_identify(.) by extension 'ignore_ament_install'
[0.257s] Level 1:colcon.colcon_core.package_identification:_identify(.) by extensions ['colcon_pkg']
[0.261s] Level 1:colcon.colcon_core.package_identification:_identify(.) by extension 'colcon_pkg'
[0.264s] Level 1:colcon.colcon_core.package_identification:_identify(.) by extensions ['colcon_meta']
[0.268s] Level 1:colcon.colcon_core.package_identification:_identify(.) by extension 'colcon_meta'
[0.273s] Level 1:colcon.colcon_core.package_identification:_identify(.) by extensions ['ros']
[0.278s] Level 1:colcon.colcon_core.package_identification:_identify(.) by extension 'ros'
[0.310s] Level 1:colcon.colcon_core.package_identification:_identify(.) by extensions ['cmake', 'python']
[0.310s] Level 1:colcon.colcon_core.package_identification:_identify(.) by extension 'cmake'
[0.310s] Level 1:colcon.colcon_core.package_identification:_identify(.) by extension 'python'
[0.314s] Level 1:colcon.colcon_core.package_identification:_identify(.) by extensions ['python_setup_py']
[0.318s] Level 1:colcon.colcon_core.package_identification:_identify(.) by extension 'python_setup_py'
[0.323s] Level 1:colcon.colcon_core.package_identification:_identify(build) by extensions ['ignore', 'ignore_ament_install']
[0.329s] Level 1:colcon.colcon_core.package_identification:_identify(build) by extension 'ignore'
[0.336s] Level 1:colcon.colcon_core.package_identification:_identify(build) ignored
[0.340s] Level 1:colcon.colcon_core.package_identification:_identify(install) by extensions ['ignore', 'ignore_ament_install']
[0.344s] Level 1:colcon.colcon_core.package_identification:_identify(install) by extension 'ignore'
[0.351s] Level 1:colcon.colcon_core.package_identification:_identify(install) ignored
[0.359s] Level 1:colcon.colcon_core.package_identification:_identify(log) by extensions ['ignore', 'ignore_ament_install']
[0.360s] Level 1:colcon.colcon_core.package_identification:_identify(log) by extension 'ignore'
[0.365s] Level 1:colcon.colcon_core.package_identification:_identify(log) ignored
[0.370s] Level 1:colcon.colcon_core.package_identification:_identify(src) by extensions ['ignore', 'ignore_ament_install']
[0.374s] Level 1:colcon.colcon_core.package_identification:_identify(src) by extension 'ignore'
[0.378s] Level 1:colcon.colcon_core.package_identification:_identify(src) by extension 'ignore_ament_install'
[0.383s] Level 1:colcon.colcon_core.package_identification:_identify(src) by extensions ['colcon_pkg']
[0.386s] Level 1:colcon.colcon_core.package_identification:_identify(src) by extension 'colcon_pkg'
[0.391s] Level 1:colcon.colcon_core.package_identification:_identify(src) by extensions ['colcon_meta']
[0.395s] Level 1:colcon.colcon_core.package_identification:_identify(src) by extension 'colcon_meta'
[0.399s] Level 1:colcon.colcon_core.package_identification:_identify(src) by extensions ['ros']
[0.403s] Level 1:colcon.colcon_core.package_identification:_identify(src) by extension 'ros'
[0.408s] Level 1:colcon.colcon_core.package_identification:_identify(src) by extensions ['cmake', 'python']
[0.412s] Level 1:colcon.colcon_core.package_identification:_identify(src) by extension 'cmake'
[0.416s] Level 1:colcon.colcon_core.package_identification:_identify(src) by extension 'python'
[0.420s] Level 1:colcon.colcon_core.package_identification:_identify(src) by extensions ['python_setup_py']
[0.426s] Level 1:colcon.colcon_core.package_identification:_identify(src) by extension 'python_setup_py'
[0.431s] Level 1:colcon.colcon_core.package_identification:_identify(src/obstacle_controller) by extensions ['ignore', 'ignore_ament_install']
[0.435s] Level 1:colcon.colcon_core.package_identification:_identify(src/obstacle_controller) by extension 'ignore'
[0.440s] Level 1:colcon.colcon_core.package_identification:_identify(src/obstacle_controller) by extension 'ignore_ament_install'
[0.444s] Level 1:colcon.colcon_core.package_identification:_identify(src/obstacle_controller) by extensions ['colcon_pkg']
[0.448s] Level 1:colcon.colcon_core.package_identification:_identify(src/obstacle_controller) by extension 'colcon_pkg'
[0.453s] Level 1:colcon.colcon_core.package_identification:_identify(src/obstacle_controller) by extensions ['colcon_meta']
[0.457s] Level 1:colcon.colcon_core.package_identification:_identify(src/obstacle_controller) by extension 'colcon_meta'
[0.461s] Level 1:colcon.colcon_core.package_identification:_identify(src/obstacle_controller) by extensions ['ros']
[0.469s] Level 1:colcon.colcon_core.package_identification:_identify(src/obstacle_controller) by extension 'ros'
[0.481s] DEBUG:colcon.colcon_core.package_identification:Package 'src/obstacle_controller' with type 'ros.ament_python' and name 'obstacle_controller'
[0.482s] Level 1:colcon.colcon_core.package_identification:_identify(src/obstacle_interfaces) by extensions ['ignore', 'ignore_ament_install']
[0.486s] Level 1:colcon.colcon_core.package_identification:_identify(src/obstacle_interfaces) by extension 'ignore'
[0.489s] Level 1:colcon.colcon_core.package_identification:_identify(src/obstacle_interfaces) by extension 'ignore_ament_install'
[0.493s] Level 1:colcon.colcon_core.package_identification:_identify(src/obstacle_interfaces) by extensions ['colcon_pkg']
[0.498s] Level 1:colcon.colcon_core.package_identification:_identify(src/obstacle_interfaces) by extension 'colcon_pkg'
[0.503s] Level 1:colcon.colcon_core.package_identification:_identify(src/obstacle_interfaces) by extensions ['colcon_meta']
[0.507s] Level 1:colcon.colcon_core.package_identification:_identify(src/obstacle_interfaces) by extension 'colcon_meta'
[0.511s] Level 1:colcon.colcon_core.package_identification:_identify(src/obstacle_interfaces) by extensions ['ros']
[0.517s] Level 1:colcon.colcon_core.package_identification:_identify(src/obstacle_interfaces) by extension 'ros'
[0.524s] DEBUG:colcon.colcon_core.package_identification:Package 'src/obstacle_interfaces' with type 'ros.ament_cmake' and name 'obstacle_interfaces'
[0.525s] Level 1:colcon.colcon_core.package_discovery:discover_packages(recursive) using defaults
[0.529s] Level 1:colcon.colcon_core.package_discovery:discover_packages(ignore) discover
[0.533s] Level 1:colcon.colcon_core.package_discovery:discover_packages(ignore) using defaults
[0.538s] Level 1:colcon.colcon_core.package_discovery:discover_packages(path) discover
[0.543s] Level 1:colcon.colcon_core.package_discovery:discover_packages(path) using defaults
[0.572s] Level 1:colcon.colcon_core.package_discovery:discover_packages(prefix_path) check parameters
[0.572s] Level 1:colcon.colcon_core.package_discovery:discover_packages(prefix_path) discover
[0.617s] DEBUG:colcon.colcon_installed_package_information.package_discovery:Found 2 installed packages in /root/workspaces/turtlebot_operation_norasheikhly/install
[0.622s] DEBUG:colcon.colcon_installed_package_information.package_discovery:Found 4 installed packages in /root/workspaces/turtlebot_ws/install
[0.625s] DEBUG:colcon.colcon_installed_package_information.package_discovery:Found 455 installed packages in /opt/ros/jazzy
[0.627s] Level 1:colcon.colcon_core.package_discovery:discover_packages(prefix_path) using defaults
[0.700s] Level 5:colcon.colcon_core.verb:set package 'obstacle_interfaces' build argument 'cmake_args' from command line to 'None'
[0.700s] Level 5:colcon.colcon_core.verb:set package 'obstacle_interfaces' build argument 'cmake_target' from command line to 'None'
[0.700s] Level 5:colcon.colcon_core.verb:set package 'obstacle_interfaces' build argument 'cmake_target_skip_unavailable' from command line to 'False'
[0.704s] Level 5:colcon.colcon_core.verb:set package 'obstacle_interfaces' build argument 'cmake_clean_cache' from command line to 'False'
[0.709s] Level 5:colcon.colcon_core.verb:set package 'obstacle_interfaces' build argument 'cmake_clean_first' from command line to 'False'
[0.713s] Level 5:colcon.colcon_core.verb:set package 'obstacle_interfaces' build argument 'cmake_force_configure' from command line to 'False'
[0.720s] Level 5:colcon.colcon_core.verb:set package 'obstacle_interfaces' build argument 'ament_cmake_args' from command line to 'None'
[0.724s] Level 5:colcon.colcon_core.verb:set package 'obstacle_interfaces' build argument 'catkin_cmake_args' from command line to 'None'
[0.732s] Level 5:colcon.colcon_core.verb:set package 'obstacle_interfaces' build argument 'catkin_skip_building_tests' from command line to 'False'
[0.736s] DEBUG:colcon.colcon_core.verb:Building package 'obstacle_interfaces' with the following arguments: {'ament_cmake_args': None, 'build_base': '/root/workspaces/turtlebot_operation_norasheikhly/build/obstacle_interfaces', 'catkin_cmake_args': None, 'catkin_skip_building_tests': False, 'cmake_args': None, 'cmake_clean_cache': False, 'cmake_clean_first': False, 'cmake_force_configure': False, 'cmake_target': None, 'cmake_target_skip_unavailable': False, 'install_base': '/root/workspaces/turtlebot_operation_norasheikhly/install/obstacle_interfaces', 'merge_install': False, 'path': '/root/workspaces/turtlebot_operation_norasheikhly/src/obstacle_interfaces', 'symlink_install': False, 'test_result_base': None}
[0.742s] Level 5:colcon.colcon_core.verb:set package 'obstacle_controller' build argument 'cmake_args' from command line to 'None'
[0.746s] Level 5:colcon.colcon_core.verb:set package 'obstacle_controller' build argument 'cmake_target' from command line to 'None'
[0.754s] Level 5:colcon.colcon_core.verb:set package 'obstacle_controller' build argument 'cmake_target_skip_unavailable' from command line to 'False'
[0.758s] Level 5:colcon.colcon_core.verb:set package 'obstacle_controller' build argument 'cmake_clean_cache' from command line to 'False'
[0.763s] Level 5:colcon.colcon_core.verb:set package 'obstacle_controller' build argument 'cmake_clean_first' from command line to 'False'
[0.769s] Level 5:colcon.colcon_core.verb:set package 'obstacle_controller' build argument 'cmake_force_configure' from command line to 'False'
[0.772s] Level 5:colcon.colcon_core.verb:set package 'obstacle_controller' build argument 'ament_cmake_args' from command line to 'None'
[0.776s] Level 5:colcon.colcon_core.verb:set package 'obstacle_controller' build argument 'catkin_cmake_args' from command line to 'None'
[0.780s] Level 5:colcon.colcon_core.verb:set package 'obstacle_controller' build argument 'catkin_skip_building_tests' from command line to 'False'
[0.785s] DEBUG:colcon.colcon_core.verb:Building package 'obstacle_controller' with the following arguments: {'ament_cmake_args': None, 'build_base': '/root/workspaces/turtlebot_operation_norasheikhly/build/obstacle_controller', 'catkin_cmake_args': None, 'catkin_skip_building_tests': False, 'cmake_args': None, 'cmake_clean_cache': False, 'cmake_clean_first': False, 'cmake_force_configure': False, 'cmake_target': None, 'cmake_target_skip_unavailable': False, 'install_base': '/root/workspaces/turtlebot_operation_norasheikhly/install/obstacle_controller', 'merge_install': False, 'path': '/root/workspaces/turtlebot_operation_norasheikhly/src/obstacle_controller', 'symlink_install': False, 'test_result_base': None}
[0.789s] INFO:colcon.colcon_core.executor:Executing jobs using 'parallel' executor
[0.794s] DEBUG:colcon.colcon_parallel_executor.executor.parallel:run_until_complete
[0.797s] INFO:colcon.colcon_ros.task.ament_cmake.build:Building ROS package in '/root/workspaces/turtlebot_operation_norasheikhly/src/obstacle_interfaces' with build type 'ament_cmake'
[0.802s] INFO:colcon.colcon_cmake.task.cmake.build:Building CMake package in '/root/workspaces/turtlebot_operation_norasheikhly/src/obstacle_interfaces'
[0.803s] INFO:colcon.colcon_core.plugin_system:Skipping extension 'colcon_core.shell.bat': Not used on non-Windows systems
[0.804s] INFO:colcon.colcon_core.shell:Skip shell extension 'powershell' for command environment: Not usable outside of PowerShell
[0.804s] DEBUG:colcon.colcon_core.shell:Skip shell extension 'dsv' for command environment
[0.958s] DEBUG:colcon.colcon_core.event_handler.log_command:Invoking command in '/root/workspaces/turtlebot_operation_norasheikhly/build/obstacle_interfaces': CMAKE_PREFIX_PATH=${CMAKE_PREFIX_PATH}:/root/workspaces/turtlebot_operation_norasheikhly/install/obstacle_controller:/opt/ros/jazzy /usr/bin/cmake --build /root/workspaces/turtlebot_operation_norasheikhly/build/obstacle_interfaces -- -j4 -l4
[2.288s] DEBUG:colcon.colcon_core.event_handler.log_command:Invoked command in '/root/workspaces/turtlebot_operation_norasheikhly/build/obstacle_interfaces' returned '0': CMAKE_PREFIX_PATH=${CMAKE_PREFIX_PATH}:/root/workspaces/turtlebot_operation_norasheikhly/install/obstacle_controller:/opt/ros/jazzy /usr/bin/cmake --build /root/workspaces/turtlebot_operation_norasheikhly/build/obstacle_interfaces -- -j4 -l4
[2.320s] DEBUG:colcon.colcon_core.event_handler.log_command:Invoking command in '/root/workspaces/turtlebot_operation_norasheikhly/build/obstacle_interfaces': CMAKE_PREFIX_PATH=${CMAKE_PREFIX_PATH}:/root/workspaces/turtlebot_operation_norasheikhly/install/obstacle_controller:/opt/ros/jazzy /usr/bin/cmake --install /root/workspaces/turtlebot_operation_norasheikhly/build/obstacle_interfaces
[3.761s] Level 1:colcon.colcon_core.environment:create_environment_scripts_only(obstacle_interfaces)
[3.763s] Level 1:colcon.colcon_core.environment:checking '/root/workspaces/turtlebot_operation_norasheikhly/install/obstacle_interfaces' for CMake module files
[3.768s] Level 1:colcon.colcon_core.environment:checking '/root/workspaces/turtlebot_operation_norasheikhly/install/obstacle_interfaces' for CMake config files
[3.793s] Level 1:colcon.colcon_core.shell:create_environment_hook('obstacle_interfaces', 'cmake_prefix_path')
[3.793s] INFO:colcon.colcon_core.shell:Creating environment hook '/root/workspaces/turtlebot_operation_norasheikhly/install/obstacle_interfaces/share/obstacle_interfaces/hook/cmake_prefix_path.ps1'
[3.811s] INFO:colcon.colcon_core.shell:Creating environment descriptor '/root/workspaces/turtlebot_operation_norasheikhly/install/obstacle_interfaces/share/obstacle_interfaces/hook/cmake_prefix_path.dsv'
[3.825s] INFO:colcon.colcon_core.shell:Creating environment hook '/root/workspaces/turtlebot_operation_norasheikhly/install/obstacle_interfaces/share/obstacle_interfaces/hook/cmake_prefix_path.sh'
[3.843s] Level 1:colcon.colcon_core.environment:checking '/root/workspaces/turtlebot_operation_norasheikhly/install/obstacle_interfaces/lib'
[3.844s] Level 1:colcon.colcon_core.shell:create_environment_hook('obstacle_interfaces', 'ld_library_path_lib')
[3.845s] INFO:colcon.colcon_core.shell:Creating environment hook '/root/workspaces/turtlebot_operation_norasheikhly/install/obstacle_interfaces/share/obstacle_interfaces/hook/ld_library_path_lib.ps1'
[3.858s] DEBUG:colcon.colcon_core.event_handler.log_command:Invoked command in '/root/workspaces/turtlebot_operation_norasheikhly/build/obstacle_interfaces' returned '0': CMAKE_PREFIX_PATH=${CMAKE_PREFIX_PATH}:/root/workspaces/turtlebot_operation_norasheikhly/install/obstacle_controller:/opt/ros/jazzy /usr/bin/cmake --install /root/workspaces/turtlebot_operation_norasheikhly/build/obstacle_interfaces
[3.860s] INFO:colcon.colcon_core.shell:Creating environment descriptor '/root/workspaces/turtlebot_operation_norasheikhly/install/obstacle_interfaces/share/obstacle_interfaces/hook/ld_library_path_lib.dsv'
[3.880s] INFO:colcon.colcon_core.shell:Creating environment hook '/root/workspaces/turtlebot_operation_norasheikhly/install/obstacle_interfaces/share/obstacle_interfaces/hook/ld_library_path_lib.sh'
[3.897s] Level 1:colcon.colcon_core.environment:checking '/root/workspaces/turtlebot_operation_norasheikhly/install/obstacle_interfaces/bin'
[3.897s] Level 1:colcon.colcon_core.environment:checking '/root/workspaces/turtlebot_operation_norasheikhly/install/obstacle_interfaces/lib/pkgconfig/obstacle_interfaces.pc'
[3.902s] Level 1:colcon.colcon_core.environment:checking '/root/workspaces/turtlebot_operation_norasheikhly/install/obstacle_interfaces/lib/python3.12/site-packages'
[3.907s] Level 1:colcon.colcon_core.shell:create_environment_hook('obstacle_interfaces', 'pythonpath')
[3.911s] INFO:colcon.colcon_core.shell:Creating environment hook '/root/workspaces/turtlebot_operation_norasheikhly/install/obstacle_interfaces/share/obstacle_interfaces/hook/pythonpath.ps1'
[3.931s] INFO:colcon.colcon_core.shell:Creating environment descriptor '/root/workspaces/turtlebot_operation_norasheikhly/install/obstacle_interfaces/share/obstacle_interfaces/hook/pythonpath.dsv'
[3.951s] INFO:colcon.colcon_core.shell:Creating environment hook '/root/workspaces/turtlebot_operation_norasheikhly/install/obstacle_interfaces/share/obstacle_interfaces/hook/pythonpath.sh'
[3.966s] Level 1:colcon.colcon_core.environment:checking '/root/workspaces/turtlebot_operation_norasheikhly/install/obstacle_interfaces/bin'
[3.966s] INFO:colcon.colcon_core.shell:Creating package script '/root/workspaces/turtlebot_operation_norasheikhly/install/obstacle_interfaces/share/obstacle_interfaces/package.ps1'
[3.999s] INFO:colcon.colcon_core.shell:Creating package descriptor '/root/workspaces/turtlebot_operation_norasheikhly/install/obstacle_interfaces/share/obstacle_interfaces/package.dsv'
[4.018s] INFO:colcon.colcon_core.shell:Creating package script '/root/workspaces/turtlebot_operation_norasheikhly/install/obstacle_interfaces/share/obstacle_interfaces/package.sh'
[4.032s] INFO:colcon.colcon_core.shell:Creating package script '/root/workspaces/turtlebot_operation_norasheikhly/install/obstacle_interfaces/share/obstacle_interfaces/package.bash'
[4.047s] INFO:colcon.colcon_core.shell:Creating package script '/root/workspaces/turtlebot_operation_norasheikhly/install/obstacle_interfaces/share/obstacle_interfaces/package.zsh'
[4.062s] Level 1:colcon.colcon_core.environment:create_file_with_runtime_dependencies(/root/workspaces/turtlebot_operation_norasheikhly/install/obstacle_interfaces/share/colcon-core/packages/obstacle_interfaces)
[4.079s] Level 1:colcon.colcon_core.environment:create_environment_scripts_only(obstacle_interfaces)
[4.080s] Level 1:colcon.colcon_core.environment:checking '/root/workspaces/turtlebot_operation_norasheikhly/install/obstacle_interfaces' for CMake module files
[4.087s] Level 1:colcon.colcon_core.environment:checking '/root/workspaces/turtlebot_operation_norasheikhly/install/obstacle_interfaces' for CMake config files
[4.101s] Level 1:colcon.colcon_core.shell:create_environment_hook('obstacle_interfaces', 'cmake_prefix_path')
[4.102s] INFO:colcon.colcon_core.shell:Creating environment hook '/root/workspaces/turtlebot_operation_norasheikhly/install/obstacle_interfaces/share/obstacle_interfaces/hook/cmake_prefix_path.ps1'
[4.121s] INFO:colcon.colcon_core.shell:Creating environment descriptor '/root/workspaces/turtlebot_operation_norasheikhly/install/obstacle_interfaces/share/obstacle_interfaces/hook/cmake_prefix_path.dsv'
[4.135s] INFO:colcon.colcon_core.shell:Creating environment hook '/root/workspaces/turtlebot_operation_norasheikhly/install/obstacle_interfaces/share/obstacle_interfaces/hook/cmake_prefix_path.sh'
[4.149s] Level 1:colcon.colcon_core.environment:checking '/root/workspaces/turtlebot_operation_norasheikhly/install/obstacle_interfaces/lib'
[4.150s] Level 1:colcon.colcon_core.shell:create_environment_hook('obstacle_interfaces', 'ld_library_path_lib')
[4.154s] INFO:colcon.colcon_core.shell:Creating environment hook '/root/workspaces/turtlebot_operation_norasheikhly/install/obstacle_interfaces/share/obstacle_interfaces/hook/ld_library_path_lib.ps1'
[4.172s] INFO:colcon.colcon_core.shell:Creating environment descriptor '/root/workspaces/turtlebot_operation_norasheikhly/install/obstacle_interfaces/share/obstacle_interfaces/hook/ld_library_path_lib.dsv'
[4.186s] INFO:colcon.colcon_core.shell:Creating environment hook '/root/workspaces/turtlebot_operation_norasheikhly/install/obstacle_interfaces/share/obstacle_interfaces/hook/ld_library_path_lib.sh'
[4.202s] Level 1:colcon.colcon_core.environment:checking '/root/workspaces/turtlebot_operation_norasheikhly/install/obstacle_interfaces/bin'
[4.202s] Level 1:colcon.colcon_core.environment:checking '/root/workspaces/turtlebot_operation_norasheikhly/install/obstacle_interfaces/lib/pkgconfig/obstacle_interfaces.pc'
[4.207s] Level 1:colcon.colcon_core.environment:checking '/root/workspaces/turtlebot_operation_norasheikhly/install/obstacle_interfaces/lib/python3.12/site-packages'
[4.212s] Level 1:colcon.colcon_core.shell:create_environment_hook('obstacle_interfaces', 'pythonpath')
[4.215s] INFO:colcon.colcon_core.shell:Creating environment hook '/root/workspaces/turtlebot_operation_norasheikhly/install/obstacle_interfaces/share/obstacle_interfaces/hook/pythonpath.ps1'
[4.234s] INFO:colcon.colcon_core.shell:Creating environment descriptor '/root/workspaces/turtlebot_operation_norasheikhly/install/obstacle_interfaces/share/obstacle_interfaces/hook/pythonpath.dsv'
[4.248s] INFO:colcon.colcon_core.shell:Creating environment hook '/root/workspaces/turtlebot_operation_norasheikhly/install/obstacle_interfaces/share/obstacle_interfaces/hook/pythonpath.sh'
[4.262s] Level 1:colcon.colcon_core.environment:checking '/root/workspaces/turtlebot_operation_norasheikhly/install/obstacle_interfaces/bin'
[4.262s] INFO:colcon.colcon_core.shell:Creating package script '/root/workspaces/turtlebot_operation_norasheikhly/install/obstacle_interfaces/share/obstacle_interfaces/package.ps1'
[4.283s] INFO:colcon.colcon_core.shell:Creating package descriptor '/root/workspaces/turtlebot_operation_norasheikhly/install/obstacle_interfaces/share/obstacle_interfaces/package.dsv'
[4.298s] INFO:colcon.colcon_core.shell:Creating package script '/root/workspaces/turtlebot_operation_norasheikhly/install/obstacle_interfaces/share/obstacle_interfaces/package.sh'
[4.313s] INFO:colcon.colcon_core.shell:Creating package script '/root/workspaces/turtlebot_operation_norasheikhly/install/obstacle_interfaces/share/obstacle_interfaces/package.bash'
[4.340s] INFO:colcon.colcon_core.shell:Creating package script '/root/workspaces/turtlebot_operation_norasheikhly/install/obstacle_interfaces/share/obstacle_interfaces/package.zsh'
[4.355s] Level 1:colcon.colcon_core.environment:create_file_with_runtime_dependencies(/root/workspaces/turtlebot_operation_norasheikhly/install/obstacle_interfaces/share/colcon-core/packages/obstacle_interfaces)
[4.370s] INFO:colcon.colcon_ros.task.ament_python.build:Building ROS package in '/root/workspaces/turtlebot_operation_norasheikhly/src/obstacle_controller' with build type 'ament_python'
[4.370s] Level 1:colcon.colcon_core.shell:create_environment_hook('obstacle_controller', 'ament_prefix_path')
[4.374s] INFO:colcon.colcon_core.shell:Creating environment hook '/root/workspaces/turtlebot_operation_norasheikhly/install/obstacle_controller/share/obstacle_controller/hook/ament_prefix_path.ps1'
[4.391s] INFO:colcon.colcon_core.shell:Creating environment descriptor '/root/workspaces/turtlebot_operation_norasheikhly/install/obstacle_controller/share/obstacle_controller/hook/ament_prefix_path.dsv'
[4.406s] INFO:colcon.colcon_core.shell:Creating environment hook '/root/workspaces/turtlebot_operation_norasheikhly/install/obstacle_controller/share/obstacle_controller/hook/ament_prefix_path.sh'
[4.421s] INFO:colcon.colcon_core.shell:Skip shell extension 'powershell' for command environment: Not usable outside of PowerShell
[4.421s] DEBUG:colcon.colcon_core.shell:Skip shell extension 'dsv' for command environment
[4.779s] INFO:colcon.colcon_core.task.python.build:Building Python package in '/root/workspaces/turtlebot_operation_norasheikhly/src/obstacle_controller'
[4.779s] INFO:colcon.colcon_core.shell:Skip shell extension 'powershell' for command environment: Not usable outside of PowerShell
[4.785s] DEBUG:colcon.colcon_core.shell:Skip shell extension 'dsv' for command environment
[5.578s] DEBUG:colcon.colcon_core.task.python.build:Available setuptools commands: build, alias, bdist_dumb, setopt, bdist_egg, build_py, bdist_rpm, build_ext, install_egg_info, update_catalog, test, editable_wheel, check, symlink_data, install_scripts, dist_info, install_lib, extract_messages, compile_catalog, clean, saveopts, install_headers, install_data, sdist, register, easy_install, bdist_wheel, rotate, install, build_scripts, build_clib, upload_docs, egg_info, init_catalog, develop, upload, bdist
[5.619s] DEBUG:colcon.colcon_core.event_handler.log_command:Invoking command in '/root/workspaces/turtlebot_operation_norasheikhly/src/obstacle_controller': PYTHONPATH=/root/workspaces/turtlebot_operation_norasheikhly/build/obstacle_controller/prefix_override:/usr/lib/python3/dist-packages/colcon_core/task/python/colcon_distutils_commands:/root/workspaces/turtlebot_operation_norasheikhly/install/obstacle_controller/lib/python3.12/site-packages:/root/workspaces/turtlebot_operation_norasheikhly/install/obstacle_interfaces/lib/python3.12/site-packages:/root/workspaces/turtlebot_operation_norasheikhly/install/obstacle_controller/lib/python3.12/site-packages:/opt/ros/jazzy/lib/python3.12/site-packages /usr/bin/python3 -W ignore:setup.py install is deprecated -W ignore:easy_install command is deprecated setup.py egg_info --egg-base ../../build/obstacle_controller build --build-base /root/workspaces/turtlebot_operation_norasheikhly/build/obstacle_controller/build install --record /root/workspaces/turtlebot_operation_norasheikhly/build/obstacle_controller/install.log --install-scripts $base/lib/obstacle_controller --single-version-externally-managed install_data
[6.713s] Level 1:colcon.colcon_core.environment:checking '/root/workspaces/turtlebot_operation_norasheikhly/install/obstacle_controller' for CMake module files
[6.714s] DEBUG:colcon.colcon_core.event_handler.log_command:Invoked command in '/root/workspaces/turtlebot_operation_norasheikhly/src/obstacle_controller' returned '0': PYTHONPATH=/root/workspaces/turtlebot_operation_norasheikhly/build/obstacle_controller/prefix_override:/usr/lib/python3/dist-packages/colcon_core/task/python/colcon_distutils_commands:/root/workspaces/turtlebot_operation_norasheikhly/install/obstacle_controller/lib/python3.12/site-packages:/root/workspaces/turtlebot_operation_norasheikhly/install/obstacle_interfaces/lib/python3.12/site-packages:/root/workspaces/turtlebot_operation_norasheikhly/install/obstacle_controller/lib/python3.12/site-packages:/opt/ros/jazzy/lib/python3.12/site-packages /usr/bin/python3 -W ignore:setup.py install is deprecated -W ignore:easy_install command is deprecated setup.py egg_info --egg-base ../../build/obstacle_controller build --build-base /root/workspaces/turtlebot_operation_norasheikhly/build/obstacle_controller/build install --record /root/workspaces/turtlebot_operation_norasheikhly/build/obstacle_controller/install.log --install-scripts $base/lib/obstacle_controller --single-version-externally-managed install_data
[6.726s] Level 1:colcon.colcon_core.environment:checking '/root/workspaces/turtlebot_operation_norasheikhly/install/obstacle_controller' for CMake config files
[6.741s] Level 1:colcon.colcon_core.environment:checking '/root/workspaces/turtlebot_operation_norasheikhly/install/obstacle_controller/lib'
[6.742s] Level 1:colcon.colcon_core.environment:checking '/root/workspaces/turtlebot_operation_norasheikhly/install/obstacle_controller/bin'
[6.747s] Level 1:colcon.colcon_core.environment:checking '/root/workspaces/turtlebot_operation_norasheikhly/install/obstacle_controller/lib/pkgconfig/obstacle_controller.pc'
[6.747s] Level 1:colcon.colcon_core.environment:checking '/root/workspaces/turtlebot_operation_norasheikhly/install/obstacle_controller/lib/python3.12/site-packages'
[6.747s] Level 1:colcon.colcon_core.shell:create_environment_hook('obstacle_controller', 'pythonpath')
[6.748s] INFO:colcon.colcon_core.shell:Creating environment hook '/root/workspaces/turtlebot_operation_norasheikhly/install/obstacle_controller/share/obstacle_controller/hook/pythonpath.ps1'
[6.764s] INFO:colcon.colcon_core.shell:Creating environment descriptor '/root/workspaces/turtlebot_operation_norasheikhly/install/obstacle_controller/share/obstacle_controller/hook/pythonpath.dsv'
[6.778s] INFO:colcon.colcon_core.shell:Creating environment hook '/root/workspaces/turtlebot_operation_norasheikhly/install/obstacle_controller/share/obstacle_controller/hook/pythonpath.sh'
[6.795s] Level 1:colcon.colcon_core.environment:checking '/root/workspaces/turtlebot_operation_norasheikhly/install/obstacle_controller/bin'
[6.795s] Level 1:colcon.colcon_core.environment:create_environment_scripts_only(obstacle_controller)
[6.800s] INFO:colcon.colcon_core.shell:Creating package script '/root/workspaces/turtlebot_operation_norasheikhly/install/obstacle_controller/share/obstacle_controller/package.ps1'
[6.819s] INFO:colcon.colcon_core.shell:Creating package descriptor '/root/workspaces/turtlebot_operation_norasheikhly/install/obstacle_controller/share/obstacle_controller/package.dsv'
[6.833s] INFO:colcon.colcon_core.shell:Creating package script '/root/workspaces/turtlebot_operation_norasheikhly/install/obstacle_controller/share/obstacle_controller/package.sh'
[6.847s] INFO:colcon.colcon_core.shell:Creating package script '/root/workspaces/turtlebot_operation_norasheikhly/install/obstacle_controller/share/obstacle_controller/package.bash'
[6.860s] INFO:colcon.colcon_core.shell:Creating package script '/root/workspaces/turtlebot_operation_norasheikhly/install/obstacle_controller/share/obstacle_controller/package.zsh'
[6.875s] Level 1:colcon.colcon_core.environment:create_file_with_runtime_dependencies(/root/workspaces/turtlebot_operation_norasheikhly/install/obstacle_controller/share/colcon-core/packages/obstacle_controller)
[6.889s] DEBUG:colcon.colcon_parallel_executor.executor.parallel:closing loop
[6.889s] DEBUG:colcon.colcon_parallel_executor.executor.parallel:loop closed
[6.893s] DEBUG:colcon.colcon_parallel_executor.executor.parallel:run_until_complete finished with '0'
[6.894s] DEBUG:colcon.colcon_core.event_reactor:joining thread
[6.921s] INFO:colcon.colcon_core.plugin_system:Skipping extension 'colcon_notification.desktop_notification.notify_send': Could not find 'notify-send'
[6.921s] INFO:colcon.colcon_core.plugin_system:Skipping extension 'colcon_notification.desktop_notification.terminal_notifier': Not used on non-Darwin systems
[6.928s] INFO:colcon.colcon_core.plugin_system:Skipping extension 'colcon_notification.desktop_notification.win32': Not used on non-Windows systems
[6.933s] INFO:colcon.colcon_notification.desktop_notification:Sending desktop notification using 'notify2'
[6.944s] DEBUG:colcon.colcon_notification.desktop_notification.notify2:Failed to initialize notify2: org.freedesktop.DBus.Error.Spawn.ExecFailed: /usr/bin/dbus-launch terminated abnormally without any error message
[6.944s] DEBUG:colcon.colcon_core.event_reactor:joined thread
[6.949s] INFO:colcon.colcon_core.shell:Creating prefix script '/root/workspaces/turtlebot_operation_norasheikhly/install/local_setup.ps1'
[6.969s] INFO:colcon.colcon_core.shell:Creating prefix util module '/root/workspaces/turtlebot_operation_norasheikhly/install/_local_setup_util_ps1.py'
[6.986s] INFO:colcon.colcon_core.shell:Creating prefix chain script '/root/workspaces/turtlebot_operation_norasheikhly/install/setup.ps1'
[7.013s] INFO:colcon.colcon_core.shell:Creating prefix script '/root/workspaces/turtlebot_operation_norasheikhly/install/local_setup.sh'
[7.030s] INFO:colcon.colcon_core.shell:Creating prefix util module '/root/workspaces/turtlebot_operation_norasheikhly/install/_local_setup_util_sh.py'
[7.050s] INFO:colcon.colcon_core.shell:Creating prefix chain script '/root/workspaces/turtlebot_operation_norasheikhly/install/setup.sh'
[7.077s] INFO:colcon.colcon_core.shell:Creating prefix script '/root/workspaces/turtlebot_operation_norasheikhly/install/local_setup.bash'
[7.091s] INFO:colcon.colcon_core.shell:Creating prefix chain script '/root/workspaces/turtlebot_operation_norasheikhly/install/setup.bash'
[7.125s] INFO:colcon.colcon_core.shell:Creating prefix script '/root/workspaces/turtlebot_operation_norasheikhly/install/local_setup.zsh'
[7.142s] INFO:colcon.colcon_core.shell:Creating prefix chain script '/root/workspaces/turtlebot_operation_norasheikhly/install/setup.zsh'
