[0.156s] DEBUG:colcon:Command line arguments: ['/usr/bin/colcon', 'build', '--packages-select', 'obstacle_controller', 'obstacle_interfaces', 'source', 'install/setup.bash']
[0.156s] DEBUG:colcon:Parsed command line arguments: Namespace(log_base=None, log_level=None, verb_name='build', build_base='build', install_base='install', merge_install=False, symlink_install=False, test_result_base=None, continue_on_error=False, executor='parallel', parallel_workers=4, event_handlers=None, ignore_user_meta=False, metas=['./colcon.meta'], base_paths=['.'], packages_ignore=None, packages_ignore_regex=None, paths=None, packages_up_to=None, packages_up_to_regex=None, packages_above=None, packages_above_and_dependencies=None, packages_above_depth=None, packages_select_by_dep=None, packages_skip_by_dep=None, packages_skip_up_to=None, packages_select_build_failed=False, packages_skip_build_finished=False, packages_select_test_failures=False, packages_skip_test_passed=False, packages_select=['obstacle_controller', 'obstacle_interfaces', 'source', 'install/setup.bash'], packages_skip=None, packages_select_regex=None, packages_skip_regex=None, packages_start=None, packages_end=None, allow_overriding=[], cmake_args=None, cmake_target=None, cmake_target_skip_unavailable=False, cmake_clean_cache=False, cmake_clean_first=False, cmake_force_configure=False, ament_cmake_args=None, catkin_cmake_args=None, catkin_skip_building_tests=False, verb_parser=<colcon_defaults.argument_parser.defaults.DefaultArgumentsDecorator object at 0x7f26478616d0>, verb_extension=<colcon_core.verb.build.BuildVerb object at 0x7f2647a4f590>, main=<bound method BuildVerb.main of <colcon_core.verb.build.BuildVerb object at 0x7f2647a4f590>>)
[0.203s] Level 1:colcon.colcon_core.package_discovery:discover_packages(colcon_meta) check parameters
[0.203s] Level 1:colcon.colcon_core.package_discovery:discover_packages(recursive) check parameters
[0.209s] Level 1:colcon.colcon_core.package_discovery:discover_packages(ignore) check parameters
[0.213s] Level 1:colcon.colcon_core.package_discovery:discover_packages(path) check parameters
[0.218s] Level 1:colcon.colcon_core.package_discovery:discover_packages(colcon_meta) discover
[0.222s] Level 1:colcon.colcon_core.package_discovery:discover_packages(recursive) discover
[0.226s] INFO:colcon.colcon_core.package_discovery:Crawling recursively for packages in '/root/workspaces/turtlebot_operation_norasheikhly'
[0.231s] Level 1:colcon.colcon_core.package_identification:_identify(.) by extensions ['ignore', 'ignore_ament_install']
[0.235s] Level 1:colcon.colcon_core.package_identification:_identify(.) by extension 'ignore'
[0.240s] Level 1:colcon.colcon_core.package_identification:_identify(.) by extension 'ignore_ament_install'
[0.245s] Level 1:colcon.colcon_core.package_identification:_identify(.) by extensions ['colcon_pkg']
[0.249s] Level 1:colcon.colcon_core.package_identification:_identify(.) by extension 'colcon_pkg'
[0.255s] Level 1:colcon.colcon_core.package_identification:_identify(.) by extensions ['colcon_meta']
[0.259s] Level 1:colcon.colcon_core.package_identification:_identify(.) by extension 'colcon_meta'
[0.263s] Level 1:colcon.colcon_core.package_identification:_identify(.) by extensions ['ros']
[0.270s] Level 1:colcon.colcon_core.package_identification:_identify(.) by extension 'ros'
[0.299s] Level 1:colcon.colcon_core.package_identification:_identify(.) by extensions ['cmake', 'python']
[0.299s] Level 1:colcon.colcon_core.package_identification:_identify(.) by extension 'cmake'
[0.299s] Level 1:colcon.colcon_core.package_identification:_identify(.) by extension 'python'
[0.307s] Level 1:colcon.colcon_core.package_identification:_identify(.) by extensions ['python_setup_py']
[0.312s] Level 1:colcon.colcon_core.package_identification:_identify(.) by extension 'python_setup_py'
[0.318s] Level 1:colcon.colcon_core.package_identification:_identify(build) by extensions ['ignore', 'ignore_ament_install']
[0.321s] Level 1:colcon.colcon_core.package_identification:_identify(build) by extension 'ignore'
[0.328s] Level 1:colcon.colcon_core.package_identification:_identify(build) ignored
[0.333s] Level 1:colcon.colcon_core.package_identification:_identify(install) by extensions ['ignore', 'ignore_ament_install']
[0.339s] Level 1:colcon.colcon_core.package_identification:_identify(install) by extension 'ignore'
[0.343s] Level 1:colcon.colcon_core.package_identification:_identify(install) ignored
[0.353s] Level 1:colcon.colcon_core.package_identification:_identify(log) by extensions ['ignore', 'ignore_ament_install']
[0.353s] Level 1:colcon.colcon_core.package_identification:_identify(log) by extension 'ignore'
[0.368s] Level 1:colcon.colcon_core.package_identification:_identify(log) ignored
[0.374s] Level 1:colcon.colcon_core.package_identification:_identify(src) by extensions ['ignore', 'ignore_ament_install']
[0.379s] Level 1:colcon.colcon_core.package_identification:_identify(src) by extension 'ignore'
[0.387s] Level 1:colcon.colcon_core.package_identification:_identify(src) by extension 'ignore_ament_install'
[0.387s] Level 1:colcon.colcon_core.package_identification:_identify(src) by extensions ['colcon_pkg']
[0.387s] Level 1:colcon.colcon_core.package_identification:_identify(src) by extension 'colcon_pkg'
[0.387s] Level 1:colcon.colcon_core.package_identification:_identify(src) by extensions ['colcon_meta']
[0.387s] Level 1:colcon.colcon_core.package_identification:_identify(src) by extension 'colcon_meta'
[0.387s] Level 1:colcon.colcon_core.package_identification:_identify(src) by extensions ['ros']
[0.391s] Level 1:colcon.colcon_core.package_identification:_identify(src) by extension 'ros'
[0.396s] Level 1:colcon.colcon_core.package_identification:_identify(src) by extensions ['cmake', 'python']
[0.400s] Level 1:colcon.colcon_core.package_identification:_identify(src) by extension 'cmake'
[0.404s] Level 1:colcon.colcon_core.package_identification:_identify(src) by extension 'python'
[0.408s] Level 1:colcon.colcon_core.package_identification:_identify(src) by extensions ['python_setup_py']
[0.413s] Level 1:colcon.colcon_core.package_identification:_identify(src) by extension 'python_setup_py'
[0.417s] Level 1:colcon.colcon_core.package_identification:_identify(src/obstacle_controller) by extensions ['ignore', 'ignore_ament_install']
[0.421s] Level 1:colcon.colcon_core.package_identification:_identify(src/obstacle_controller) by extension 'ignore'
[0.426s] Level 1:colcon.colcon_core.package_identification:_identify(src/obstacle_controller) by extension 'ignore_ament_install'
[0.426s] Level 1:colcon.colcon_core.package_identification:_identify(src/obstacle_controller) by extensions ['colcon_pkg']
[0.426s] Level 1:colcon.colcon_core.package_identification:_identify(src/obstacle_controller) by extension 'colcon_pkg'
[0.426s] Level 1:colcon.colcon_core.package_identification:_identify(src/obstacle_controller) by extensions ['colcon_meta']
[0.426s] Level 1:colcon.colcon_core.package_identification:_identify(src/obstacle_controller) by extension 'colcon_meta'
[0.426s] Level 1:colcon.colcon_core.package_identification:_identify(src/obstacle_controller) by extensions ['ros']
[0.426s] Level 1:colcon.colcon_core.package_identification:_identify(src/obstacle_controller) by extension 'ros'
[0.432s] DEBUG:colcon.colcon_core.package_identification:Package 'src/obstacle_controller' with type 'ros.ament_python' and name 'obstacle_controller'
[0.433s] Level 1:colcon.colcon_core.package_identification:_identify(src/obstacle_interfaces) by extensions ['ignore', 'ignore_ament_install']
[0.436s] Level 1:colcon.colcon_core.package_identification:_identify(src/obstacle_interfaces) by extension 'ignore'
[0.440s] Level 1:colcon.colcon_core.package_identification:_identify(src/obstacle_interfaces) by extension 'ignore_ament_install'
[0.445s] Level 1:colcon.colcon_core.package_identification:_identify(src/obstacle_interfaces) by extensions ['colcon_pkg']
[0.449s] Level 1:colcon.colcon_core.package_identification:_identify(src/obstacle_interfaces) by extension 'colcon_pkg'
[0.454s] Level 1:colcon.colcon_core.package_identification:_identify(src/obstacle_interfaces) by extensions ['colcon_meta']
[0.458s] Level 1:colcon.colcon_core.package_identification:_identify(src/obstacle_interfaces) by extension 'colcon_meta'
[0.465s] Level 1:colcon.colcon_core.package_identification:_identify(src/obstacle_interfaces) by extensions ['ros']
[0.473s] Level 1:colcon.colcon_core.package_identification:_identify(src/obstacle_interfaces) by extension 'ros'
[0.480s] DEBUG:colcon.colcon_core.package_identification:Package 'src/obstacle_interfaces' with type 'ros.ament_cmake' and name 'obstacle_interfaces'
[0.482s] Level 1:colcon.colcon_core.package_discovery:discover_packages(recursive) using defaults
[0.490s] Level 1:colcon.colcon_core.package_discovery:discover_packages(ignore) discover
[0.494s] Level 1:colcon.colcon_core.package_discovery:discover_packages(ignore) using defaults
[0.499s] Level 1:colcon.colcon_core.package_discovery:discover_packages(path) discover
[0.499s] Level 1:colcon.colcon_core.package_discovery:discover_packages(path) using defaults
[0.499s] WARNING:colcon.colcon_core.package_selection:ignoring unknown package 'source' in --packages-select
[0.503s] WARNING:colcon.colcon_core.package_selection:ignoring unknown package 'install/setup.bash' in --packages-select
[0.526s] Level 1:colcon.colcon_core.package_discovery:discover_packages(prefix_path) check parameters
[0.526s] Level 1:colcon.colcon_core.package_discovery:discover_packages(prefix_path) discover
[0.556s] DEBUG:colcon.colcon_installed_package_information.package_discovery:Found 2 installed packages in /root/workspaces/turtlebot_operation_norasheikhly/install
[0.560s] DEBUG:colcon.colcon_installed_package_information.package_discovery:Found 4 installed packages in /root/workspaces/turtlebot_ws/install
[0.573s] DEBUG:colcon.colcon_installed_package_information.package_discovery:Found 455 installed packages in /opt/ros/jazzy
[0.576s] Level 1:colcon.colcon_core.package_discovery:discover_packages(prefix_path) using defaults
[0.653s] Level 5:colcon.colcon_core.verb:set package 'obstacle_interfaces' build argument 'cmake_args' from command line to 'None'
[0.653s] Level 5:colcon.colcon_core.verb:set package 'obstacle_interfaces' build argument 'cmake_target' from command line to 'None'
[0.653s] Level 5:colcon.colcon_core.verb:set package 'obstacle_interfaces' build argument 'cmake_target_skip_unavailable' from command line to 'False'
[0.658s] Level 5:colcon.colcon_core.verb:set package 'obstacle_interfaces' build argument 'cmake_clean_cache' from command line to 'False'
[0.662s] Level 5:colcon.colcon_core.verb:set package 'obstacle_interfaces' build argument 'cmake_clean_first' from command line to 'False'
[0.667s] Level 5:colcon.colcon_core.verb:set package 'obstacle_interfaces' build argument 'cmake_force_configure' from command line to 'False'
[0.672s] Level 5:colcon.colcon_core.verb:set package 'obstacle_interfaces' build argument 'ament_cmake_args' from command line to 'None'
[0.676s] Level 5:colcon.colcon_core.verb:set package 'obstacle_interfaces' build argument 'catkin_cmake_args' from command line to 'None'
[0.680s] Level 5:colcon.colcon_core.verb:set package 'obstacle_interfaces' build argument 'catkin_skip_building_tests' from command line to 'False'
[0.685s] DEBUG:colcon.colcon_core.verb:Building package 'obstacle_interfaces' with the following arguments: {'ament_cmake_args': None, 'build_base': '/root/workspaces/turtlebot_operation_norasheikhly/build/obstacle_interfaces', 'catkin_cmake_args': None, 'catkin_skip_building_tests': False, 'cmake_args': None, 'cmake_clean_cache': False, 'cmake_clean_first': False, 'cmake_force_configure': False, 'cmake_target': None, 'cmake_target_skip_unavailable': False, 'install_base': '/root/workspaces/turtlebot_operation_norasheikhly/install/obstacle_interfaces', 'merge_install': False, 'path': '/root/workspaces/turtlebot_operation_norasheikhly/src/obstacle_interfaces', 'symlink_install': False, 'test_result_base': None}
[0.689s] Level 5:colcon.colcon_core.verb:set package 'obstacle_controller' build argument 'cmake_args' from command line to 'None'
[0.693s] Level 5:colcon.colcon_core.verb:set package 'obstacle_controller' build argument 'cmake_target' from command line to 'None'
[0.707s] Level 5:colcon.colcon_core.verb:set package 'obstacle_controller' build argument 'cmake_target_skip_unavailable' from command line to 'False'
[0.717s] Level 5:colcon.colcon_core.verb:set package 'obstacle_controller' build argument 'cmake_clean_cache' from command line to 'False'
[0.722s] Level 5:colcon.colcon_core.verb:set package 'obstacle_controller' build argument 'cmake_clean_first' from command line to 'False'
[0.726s] Level 5:colcon.colcon_core.verb:set package 'obstacle_controller' build argument 'cmake_force_configure' from command line to 'False'
[0.734s] Level 5:colcon.colcon_core.verb:set package 'obstacle_controller' build argument 'ament_cmake_args' from command line to 'None'
[0.739s] Level 5:colcon.colcon_core.verb:set package 'obstacle_controller' build argument 'catkin_cmake_args' from command line to 'None'
[0.744s] Level 5:colcon.colcon_core.verb:set package 'obstacle_controller' build argument 'catkin_skip_building_tests' from command line to 'False'
[0.749s] DEBUG:colcon.colcon_core.verb:Building package 'obstacle_controller' with the following arguments: {'ament_cmake_args': None, 'build_base': '/root/workspaces/turtlebot_operation_norasheikhly/build/obstacle_controller', 'catkin_cmake_args': None, 'catkin_skip_building_tests': False, 'cmake_args': None, 'cmake_clean_cache': False, 'cmake_clean_first': False, 'cmake_force_configure': False, 'cmake_target': None, 'cmake_target_skip_unavailable': False, 'install_base': '/root/workspaces/turtlebot_operation_norasheikhly/install/obstacle_controller', 'merge_install': False, 'path': '/root/workspaces/turtlebot_operation_norasheikhly/src/obstacle_controller', 'symlink_install': False, 'test_result_base': None}
[0.754s] INFO:colcon.colcon_core.executor:Executing jobs using 'parallel' executor
[0.758s] DEBUG:colcon.colcon_parallel_executor.executor.parallel:run_until_complete
[0.763s] INFO:colcon.colcon_ros.task.ament_cmake.build:Building ROS package in '/root/workspaces/turtlebot_operation_norasheikhly/src/obstacle_interfaces' with build type 'ament_cmake'
[0.767s] INFO:colcon.colcon_cmake.task.cmake.build:Building CMake package in '/root/workspaces/turtlebot_operation_norasheikhly/src/obstacle_interfaces'
[0.769s] INFO:colcon.colcon_core.plugin_system:Skipping extension 'colcon_core.shell.bat': Not used on non-Windows systems
[0.769s] INFO:colcon.colcon_core.shell:Skip shell extension 'powershell' for command environment: Not usable outside of PowerShell
[0.769s] DEBUG:colcon.colcon_core.shell:Skip shell extension 'dsv' for command environment
[0.909s] DEBUG:colcon.colcon_core.event_handler.log_command:Invoking command in '/root/workspaces/turtlebot_operation_norasheikhly/build/obstacle_interfaces': CMAKE_PREFIX_PATH=${CMAKE_PREFIX_PATH}:/root/workspaces/turtlebot_operation_norasheikhly/install/obstacle_controller:/opt/ros/jazzy /usr/bin/cmake --build /root/workspaces/turtlebot_operation_norasheikhly/build/obstacle_interfaces -- -j4 -l4
[2.287s] DEBUG:colcon.colcon_core.event_handler.log_command:Invoked command in '/root/workspaces/turtlebot_operation_norasheikhly/build/obstacle_interfaces' returned '0': CMAKE_PREFIX_PATH=${CMAKE_PREFIX_PATH}:/root/workspaces/turtlebot_operation_norasheikhly/install/obstacle_controller:/opt/ros/jazzy /usr/bin/cmake --build /root/workspaces/turtlebot_operation_norasheikhly/build/obstacle_interfaces -- -j4 -l4
[2.315s] DEBUG:colcon.colcon_core.event_handler.log_command:Invoking command in '/root/workspaces/turtlebot_operation_norasheikhly/build/obstacle_interfaces': CMAKE_PREFIX_PATH=${CMAKE_PREFIX_PATH}:/root/workspaces/turtlebot_operation_norasheikhly/install/obstacle_controller:/opt/ros/jazzy /usr/bin/cmake --install /root/workspaces/turtlebot_operation_norasheikhly/build/obstacle_interfaces
[3.803s] Level 1:colcon.colcon_core.environment:create_environment_scripts_only(obstacle_interfaces)
[3.805s] Level 1:colcon.colcon_core.environment:checking '/root/workspaces/turtlebot_operation_norasheikhly/install/obstacle_interfaces' for CMake module files
[3.810s] Level 1:colcon.colcon_core.environment:checking '/root/workspaces/turtlebot_operation_norasheikhly/install/obstacle_interfaces' for CMake config files
[3.834s] Level 1:colcon.colcon_core.shell:create_environment_hook('obstacle_interfaces', 'cmake_prefix_path')
[3.834s] INFO:colcon.colcon_core.shell:Creating environment hook '/root/workspaces/turtlebot_operation_norasheikhly/install/obstacle_interfaces/share/obstacle_interfaces/hook/cmake_prefix_path.ps1'
[3.852s] INFO:colcon.colcon_core.shell:Creating environment descriptor '/root/workspaces/turtlebot_operation_norasheikhly/install/obstacle_interfaces/share/obstacle_interfaces/hook/cmake_prefix_path.dsv'
[3.866s] INFO:colcon.colcon_core.shell:Creating environment hook '/root/workspaces/turtlebot_operation_norasheikhly/install/obstacle_interfaces/share/obstacle_interfaces/hook/cmake_prefix_path.sh'
[3.880s] Level 1:colcon.colcon_core.environment:checking '/root/workspaces/turtlebot_operation_norasheikhly/install/obstacle_interfaces/lib'
[3.881s] Level 1:colcon.colcon_core.shell:create_environment_hook('obstacle_interfaces', 'ld_library_path_lib')
[3.882s] INFO:colcon.colcon_core.shell:Creating environment hook '/root/workspaces/turtlebot_operation_norasheikhly/install/obstacle_interfaces/share/obstacle_interfaces/hook/ld_library_path_lib.ps1'
[3.896s] INFO:colcon.colcon_core.shell:Creating environment descriptor '/root/workspaces/turtlebot_operation_norasheikhly/install/obstacle_interfaces/share/obstacle_interfaces/hook/ld_library_path_lib.dsv'
[3.911s] INFO:colcon.colcon_core.shell:Creating environment hook '/root/workspaces/turtlebot_operation_norasheikhly/install/obstacle_interfaces/share/obstacle_interfaces/hook/ld_library_path_lib.sh'
[3.925s] Level 1:colcon.colcon_core.environment:checking '/root/workspaces/turtlebot_operation_norasheikhly/install/obstacle_interfaces/bin'
[3.926s] Level 1:colcon.colcon_core.environment:checking '/root/workspaces/turtlebot_operation_norasheikhly/install/obstacle_interfaces/lib/pkgconfig/obstacle_interfaces.pc'
[3.926s] Level 1:colcon.colcon_core.environment:checking '/root/workspaces/turtlebot_operation_norasheikhly/install/obstacle_interfaces/lib/python3.12/site-packages'
[3.926s] Level 1:colcon.colcon_core.shell:create_environment_hook('obstacle_interfaces', 'pythonpath')
[3.926s] INFO:colcon.colcon_core.shell:Creating environment hook '/root/workspaces/turtlebot_operation_norasheikhly/install/obstacle_interfaces/share/obstacle_interfaces/hook/pythonpath.ps1'
[3.943s] INFO:colcon.colcon_core.shell:Creating environment descriptor '/root/workspaces/turtlebot_operation_norasheikhly/install/obstacle_interfaces/share/obstacle_interfaces/hook/pythonpath.dsv'
[3.958s] INFO:colcon.colcon_core.shell:Creating environment hook '/root/workspaces/turtlebot_operation_norasheikhly/install/obstacle_interfaces/share/obstacle_interfaces/hook/pythonpath.sh'
[3.975s] Level 1:colcon.colcon_core.environment:checking '/root/workspaces/turtlebot_operation_norasheikhly/install/obstacle_interfaces/bin'
[3.975s] INFO:colcon.colcon_core.shell:Creating package script '/root/workspaces/turtlebot_operation_norasheikhly/install/obstacle_interfaces/share/obstacle_interfaces/package.ps1'
[3.993s] INFO:colcon.colcon_core.shell:Creating package descriptor '/root/workspaces/turtlebot_operation_norasheikhly/install/obstacle_interfaces/share/obstacle_interfaces/package.dsv'
[4.009s] INFO:colcon.colcon_core.shell:Creating package script '/root/workspaces/turtlebot_operation_norasheikhly/install/obstacle_interfaces/share/obstacle_interfaces/package.sh'
[4.023s] INFO:colcon.colcon_core.shell:Creating package script '/root/workspaces/turtlebot_operation_norasheikhly/install/obstacle_interfaces/share/obstacle_interfaces/package.bash'
[4.038s] INFO:colcon.colcon_core.shell:Creating package script '/root/workspaces/turtlebot_operation_norasheikhly/install/obstacle_interfaces/share/obstacle_interfaces/package.zsh'
[4.049s] DEBUG:colcon.colcon_core.event_handler.log_command:Invoked command in '/root/workspaces/turtlebot_operation_norasheikhly/build/obstacle_interfaces' returned '0': CMAKE_PREFIX_PATH=${CMAKE_PREFIX_PATH}:/root/workspaces/turtlebot_operation_norasheikhly/install/obstacle_controller:/opt/ros/jazzy /usr/bin/cmake --install /root/workspaces/turtlebot_operation_norasheikhly/build/obstacle_interfaces
[4.054s] Level 1:colcon.colcon_core.environment:create_file_with_runtime_dependencies(/root/workspaces/turtlebot_operation_norasheikhly/install/obstacle_interfaces/share/colcon-core/packages/obstacle_interfaces)
[4.074s] Level 1:colcon.colcon_core.environment:create_environment_scripts_only(obstacle_interfaces)
[4.074s] Level 1:colcon.colcon_core.environment:checking '/root/workspaces/turtlebot_operation_norasheikhly/install/obstacle_interfaces' for CMake module files
[4.077s] Level 1:colcon.colcon_core.environment:checking '/root/workspaces/turtlebot_operation_norasheikhly/install/obstacle_interfaces' for CMake config files
[4.089s] Level 1:colcon.colcon_core.shell:create_environment_hook('obstacle_interfaces', 'cmake_prefix_path')
[4.089s] INFO:colcon.colcon_core.shell:Creating environment hook '/root/workspaces/turtlebot_operation_norasheikhly/install/obstacle_interfaces/share/obstacle_interfaces/hook/cmake_prefix_path.ps1'
[4.105s] INFO:colcon.colcon_core.shell:Creating environment descriptor '/root/workspaces/turtlebot_operation_norasheikhly/install/obstacle_interfaces/share/obstacle_interfaces/hook/cmake_prefix_path.dsv'
[4.123s] INFO:colcon.colcon_core.shell:Creating environment hook '/root/workspaces/turtlebot_operation_norasheikhly/install/obstacle_interfaces/share/obstacle_interfaces/hook/cmake_prefix_path.sh'
[4.138s] Level 1:colcon.colcon_core.environment:checking '/root/workspaces/turtlebot_operation_norasheikhly/install/obstacle_interfaces/lib'
[4.139s] Level 1:colcon.colcon_core.shell:create_environment_hook('obstacle_interfaces', 'ld_library_path_lib')
[4.152s] INFO:colcon.colcon_core.shell:Creating environment hook '/root/workspaces/turtlebot_operation_norasheikhly/install/obstacle_interfaces/share/obstacle_interfaces/hook/ld_library_path_lib.ps1'
[4.167s] INFO:colcon.colcon_core.shell:Creating environment descriptor '/root/workspaces/turtlebot_operation_norasheikhly/install/obstacle_interfaces/share/obstacle_interfaces/hook/ld_library_path_lib.dsv'
[4.182s] INFO:colcon.colcon_core.shell:Creating environment hook '/root/workspaces/turtlebot_operation_norasheikhly/install/obstacle_interfaces/share/obstacle_interfaces/hook/ld_library_path_lib.sh'
[4.196s] Level 1:colcon.colcon_core.environment:checking '/root/workspaces/turtlebot_operation_norasheikhly/install/obstacle_interfaces/bin'
[4.196s] Level 1:colcon.colcon_core.environment:checking '/root/workspaces/turtlebot_operation_norasheikhly/install/obstacle_interfaces/lib/pkgconfig/obstacle_interfaces.pc'
[4.202s] Level 1:colcon.colcon_core.environment:checking '/root/workspaces/turtlebot_operation_norasheikhly/install/obstacle_interfaces/lib/python3.12/site-packages'
[4.207s] Level 1:colcon.colcon_core.shell:create_environment_hook('obstacle_interfaces', 'pythonpath')
[4.211s] INFO:colcon.colcon_core.shell:Creating environment hook '/root/workspaces/turtlebot_operation_norasheikhly/install/obstacle_interfaces/share/obstacle_interfaces/hook/pythonpath.ps1'
[4.230s] INFO:colcon.colcon_core.shell:Creating environment descriptor '/root/workspaces/turtlebot_operation_norasheikhly/install/obstacle_interfaces/share/obstacle_interfaces/hook/pythonpath.dsv'
[4.244s] INFO:colcon.colcon_core.shell:Creating environment hook '/root/workspaces/turtlebot_operation_norasheikhly/install/obstacle_interfaces/share/obstacle_interfaces/hook/pythonpath.sh'
[4.259s] Level 1:colcon.colcon_core.environment:checking '/root/workspaces/turtlebot_operation_norasheikhly/install/obstacle_interfaces/bin'
[4.259s] INFO:colcon.colcon_core.shell:Creating package script '/root/workspaces/turtlebot_operation_norasheikhly/install/obstacle_interfaces/share/obstacle_interfaces/package.ps1'
[4.281s] INFO:colcon.colcon_core.shell:Creating package descriptor '/root/workspaces/turtlebot_operation_norasheikhly/install/obstacle_interfaces/share/obstacle_interfaces/package.dsv'
[4.296s] INFO:colcon.colcon_core.shell:Creating package script '/root/workspaces/turtlebot_operation_norasheikhly/install/obstacle_interfaces/share/obstacle_interfaces/package.sh'
[4.311s] INFO:colcon.colcon_core.shell:Creating package script '/root/workspaces/turtlebot_operation_norasheikhly/install/obstacle_interfaces/share/obstacle_interfaces/package.bash'
[4.328s] INFO:colcon.colcon_core.shell:Creating package script '/root/workspaces/turtlebot_operation_norasheikhly/install/obstacle_interfaces/share/obstacle_interfaces/package.zsh'
[4.345s] Level 1:colcon.colcon_core.environment:create_file_with_runtime_dependencies(/root/workspaces/turtlebot_operation_norasheikhly/install/obstacle_interfaces/share/colcon-core/packages/obstacle_interfaces)
[4.360s] INFO:colcon.colcon_ros.task.ament_python.build:Building ROS package in '/root/workspaces/turtlebot_operation_norasheikhly/src/obstacle_controller' with build type 'ament_python'
[4.360s] Level 1:colcon.colcon_core.shell:create_environment_hook('obstacle_controller', 'ament_prefix_path')
[4.361s] INFO:colcon.colcon_core.shell:Creating environment hook '/root/workspaces/turtlebot_operation_norasheikhly/install/obstacle_controller/share/obstacle_controller/hook/ament_prefix_path.ps1'
[4.376s] INFO:colcon.colcon_core.shell:Creating environment descriptor '/root/workspaces/turtlebot_operation_norasheikhly/install/obstacle_controller/share/obstacle_controller/hook/ament_prefix_path.dsv'
[4.389s] INFO:colcon.colcon_core.shell:Creating environment hook '/root/workspaces/turtlebot_operation_norasheikhly/install/obstacle_controller/share/obstacle_controller/hook/ament_prefix_path.sh'
[4.405s] INFO:colcon.colcon_core.shell:Skip shell extension 'powershell' for command environment: Not usable outside of PowerShell
[4.405s] DEBUG:colcon.colcon_core.shell:Skip shell extension 'dsv' for command environment
[4.753s] INFO:colcon.colcon_core.task.python.build:Building Python package in '/root/workspaces/turtlebot_operation_norasheikhly/src/obstacle_controller'
[4.753s] INFO:colcon.colcon_core.shell:Skip shell extension 'powershell' for command environment: Not usable outside of PowerShell
[4.758s] DEBUG:colcon.colcon_core.shell:Skip shell extension 'dsv' for command environment
[5.541s] DEBUG:colcon.colcon_core.task.python.build:Available setuptools commands: saveopts, extract_messages, bdist_rpm, rotate, init_catalog, build_clib, develop, install_egg_info, test, clean, build_ext, editable_wheel, compile_catalog, install_headers, update_catalog, alias, easy_install, check, upload_docs, bdist_egg, bdist_dumb, build, sdist, install_scripts, build_py, bdist_wheel, egg_info, symlink_data, upload, setopt, install, register, bdist, dist_info, build_scripts, install_data, install_lib
[5.582s] DEBUG:colcon.colcon_core.event_handler.log_command:Invoking command in '/root/workspaces/turtlebot_operation_norasheikhly/src/obstacle_controller': PYTHONPATH=/root/workspaces/turtlebot_operation_norasheikhly/build/obstacle_controller/prefix_override:/usr/lib/python3/dist-packages/colcon_core/task/python/colcon_distutils_commands:/root/workspaces/turtlebot_operation_norasheikhly/install/obstacle_controller/lib/python3.12/site-packages:/root/workspaces/turtlebot_operation_norasheikhly/install/obstacle_interfaces/lib/python3.12/site-packages:/root/workspaces/turtlebot_operation_norasheikhly/install/obstacle_controller/lib/python3.12/site-packages:/opt/ros/jazzy/lib/python3.12/site-packages /usr/bin/python3 -W ignore:setup.py install is deprecated -W ignore:easy_install command is deprecated setup.py egg_info --egg-base ../../build/obstacle_controller build --build-base /root/workspaces/turtlebot_operation_norasheikhly/build/obstacle_controller/build install --record /root/workspaces/turtlebot_operation_norasheikhly/build/obstacle_controller/install.log --install-scripts $base/lib/obstacle_controller --single-version-externally-managed install_data
[6.684s] Level 1:colcon.colcon_core.environment:checking '/root/workspaces/turtlebot_operation_norasheikhly/install/obstacle_controller' for CMake module files
[6.689s] DEBUG:colcon.colcon_core.event_handler.log_command:Invoked command in '/root/workspaces/turtlebot_operation_norasheikhly/src/obstacle_controller' returned '0': PYTHONPATH=/root/workspaces/turtlebot_operation_norasheikhly/build/obstacle_controller/prefix_override:/usr/lib/python3/dist-packages/colcon_core/task/python/colcon_distutils_commands:/root/workspaces/turtlebot_operation_norasheikhly/install/obstacle_controller/lib/python3.12/site-packages:/root/workspaces/turtlebot_operation_norasheikhly/install/obstacle_interfaces/lib/python3.12/site-packages:/root/workspaces/turtlebot_operation_norasheikhly/install/obstacle_controller/lib/python3.12/site-packages:/opt/ros/jazzy/lib/python3.12/site-packages /usr/bin/python3 -W ignore:setup.py install is deprecated -W ignore:easy_install command is deprecated setup.py egg_info --egg-base ../../build/obstacle_controller build --build-base /root/workspaces/turtlebot_operation_norasheikhly/build/obstacle_controller/build install --record /root/workspaces/turtlebot_operation_norasheikhly/build/obstacle_controller/install.log --install-scripts $base/lib/obstacle_controller --single-version-externally-managed install_data
[6.694s] Level 1:colcon.colcon_core.environment:checking '/root/workspaces/turtlebot_operation_norasheikhly/install/obstacle_controller' for CMake config files
[6.708s] Level 1:colcon.colcon_core.environment:checking '/root/workspaces/turtlebot_operation_norasheikhly/install/obstacle_controller/lib'
[6.708s] Level 1:colcon.colcon_core.environment:checking '/root/workspaces/turtlebot_operation_norasheikhly/install/obstacle_controller/bin'
[6.708s] Level 1:colcon.colcon_core.environment:checking '/root/workspaces/turtlebot_operation_norasheikhly/install/obstacle_controller/lib/pkgconfig/obstacle_controller.pc'
[6.709s] Level 1:colcon.colcon_core.environment:checking '/root/workspaces/turtlebot_operation_norasheikhly/install/obstacle_controller/lib/python3.12/site-packages'
[6.709s] Level 1:colcon.colcon_core.shell:create_environment_hook('obstacle_controller', 'pythonpath')
[6.709s] INFO:colcon.colcon_core.shell:Creating environment hook '/root/workspaces/turtlebot_operation_norasheikhly/install/obstacle_controller/share/obstacle_controller/hook/pythonpath.ps1'
[6.726s] INFO:colcon.colcon_core.shell:Creating environment descriptor '/root/workspaces/turtlebot_operation_norasheikhly/install/obstacle_controller/share/obstacle_controller/hook/pythonpath.dsv'
[6.754s] INFO:colcon.colcon_core.shell:Creating environment hook '/root/workspaces/turtlebot_operation_norasheikhly/install/obstacle_controller/share/obstacle_controller/hook/pythonpath.sh'
[6.775s] Level 1:colcon.colcon_core.environment:checking '/root/workspaces/turtlebot_operation_norasheikhly/install/obstacle_controller/bin'
[6.775s] Level 1:colcon.colcon_core.environment:create_environment_scripts_only(obstacle_controller)
[6.775s] INFO:colcon.colcon_core.shell:Creating package script '/root/workspaces/turtlebot_operation_norasheikhly/install/obstacle_controller/share/obstacle_controller/package.ps1'
[6.797s] INFO:colcon.colcon_core.shell:Creating package descriptor '/root/workspaces/turtlebot_operation_norasheikhly/install/obstacle_controller/share/obstacle_controller/package.dsv'
[6.811s] INFO:colcon.colcon_core.shell:Creating package script '/root/workspaces/turtlebot_operation_norasheikhly/install/obstacle_controller/share/obstacle_controller/package.sh'
[6.833s] INFO:colcon.colcon_core.shell:Creating package script '/root/workspaces/turtlebot_operation_norasheikhly/install/obstacle_controller/share/obstacle_controller/package.bash'
[6.850s] INFO:colcon.colcon_core.shell:Creating package script '/root/workspaces/turtlebot_operation_norasheikhly/install/obstacle_controller/share/obstacle_controller/package.zsh'
[6.883s] Level 1:colcon.colcon_core.environment:create_file_with_runtime_dependencies(/root/workspaces/turtlebot_operation_norasheikhly/install/obstacle_controller/share/colcon-core/packages/obstacle_controller)
[6.900s] DEBUG:colcon.colcon_parallel_executor.executor.parallel:closing loop
[6.901s] DEBUG:colcon.colcon_parallel_executor.executor.parallel:loop closed
[6.911s] DEBUG:colcon.colcon_parallel_executor.executor.parallel:run_until_complete finished with '0'
[6.912s] DEBUG:colcon.colcon_core.event_reactor:joining thread
[6.936s] INFO:colcon.colcon_core.plugin_system:Skipping extension 'colcon_notification.desktop_notification.notify_send': Could not find 'notify-send'
[6.936s] INFO:colcon.colcon_core.plugin_system:Skipping extension 'colcon_notification.desktop_notification.terminal_notifier': Not used on non-Darwin systems
[6.943s] INFO:colcon.colcon_core.plugin_system:Skipping extension 'colcon_notification.desktop_notification.win32': Not used on non-Windows systems
[6.957s] INFO:colcon.colcon_notification.desktop_notification:Sending desktop notification using 'notify2'
[6.968s] DEBUG:colcon.colcon_notification.desktop_notification.notify2:Failed to initialize notify2: org.freedesktop.DBus.Error.Spawn.ExecFailed: /usr/bin/dbus-launch terminated abnormally without any error message
[6.968s] DEBUG:colcon.colcon_core.event_reactor:joined thread
[6.978s] INFO:colcon.colcon_core.shell:Creating prefix script '/root/workspaces/turtlebot_operation_norasheikhly/install/local_setup.ps1'
[7.000s] INFO:colcon.colcon_core.shell:Creating prefix util module '/root/workspaces/turtlebot_operation_norasheikhly/install/_local_setup_util_ps1.py'
[7.033s] INFO:colcon.colcon_core.shell:Creating prefix chain script '/root/workspaces/turtlebot_operation_norasheikhly/install/setup.ps1'
[7.061s] INFO:colcon.colcon_core.shell:Creating prefix script '/root/workspaces/turtlebot_operation_norasheikhly/install/local_setup.sh'
[7.082s] INFO:colcon.colcon_core.shell:Creating prefix util module '/root/workspaces/turtlebot_operation_norasheikhly/install/_local_setup_util_sh.py'
[7.106s] INFO:colcon.colcon_core.shell:Creating prefix chain script '/root/workspaces/turtlebot_operation_norasheikhly/install/setup.sh'
[7.139s] INFO:colcon.colcon_core.shell:Creating prefix script '/root/workspaces/turtlebot_operation_norasheikhly/install/local_setup.bash'
[7.156s] INFO:colcon.colcon_core.shell:Creating prefix chain script '/root/workspaces/turtlebot_operation_norasheikhly/install/setup.bash'
[7.193s] INFO:colcon.colcon_core.shell:Creating prefix script '/root/workspaces/turtlebot_operation_norasheikhly/install/local_setup.zsh'
[7.216s] INFO:colcon.colcon_core.shell:Creating prefix chain script '/root/workspaces/turtlebot_operation_norasheikhly/install/setup.zsh'
