[0.958s] Invoking command in '/root/workspaces/turtlebot-controller-nora-elsheikhly/src/turtlebot_controller': PYTHONPATH=/root/workspaces/turtlebot-controller-nora-elsheikhly/build/turtlebot_controller/prefix_override:/usr/lib/python3/dist-packages/colcon_core/task/python/colcon_distutils_commands:/root/workspaces/turtlebot-controller-nora-elsheikhly/install/turtlebot_controller/lib/python3.12/site-packages:${PYTHONPATH} /usr/bin/python3 -W ignore:setup.py install is deprecated -W ignore:easy_install command is deprecated setup.py egg_info --egg-base ../../build/turtlebot_controller build --build-base /root/workspaces/turtlebot-controller-nora-elsheikhly/build/turtlebot_controller/build install --record /root/workspaces/turtlebot-controller-nora-elsheikhly/build/turtlebot_controller/install.log --install-scripts $base/lib/turtlebot_controller --single-version-externally-managed install_data
[1.191s] running egg_info
[1.213s] writing ../../build/turtlebot_controller/turtlebot_controller.egg-info/PKG-INFO
[1.235s] writing dependency_links to ../../build/turtlebot_controller/turtlebot_controller.egg-info/dependency_links.txt
[1.255s] writing entry points to ../../build/turtlebot_controller/turtlebot_controller.egg-info/entry_points.txt
[1.269s] writing requirements to ../../build/turtlebot_controller/turtlebot_controller.egg-info/requires.txt
[1.286s] writing top-level names to ../../build/turtlebot_controller/turtlebot_controller.egg-info/top_level.txt
[1.338s] reading manifest file '../../build/turtlebot_controller/turtlebot_controller.egg-info/SOURCES.txt'
[1.351s] writing manifest file '../../build/turtlebot_controller/turtlebot_controller.egg-info/SOURCES.txt'
[1.368s] running build
[1.384s] running build_py
[1.401s] running install
[1.417s] running install_lib
[1.436s] running install_data
[1.457s] running install_egg_info
[1.465s] removing '/root/workspaces/turtlebot-controller-nora-elsheikhly/install/turtlebot_controller/lib/python3.12/site-packages/turtlebot_controller-0.0.0-py3.12.egg-info' (and everything under it)
[1.465s] Copying ../../build/turtlebot_controller/turtlebot_controller.egg-info to /root/workspaces/turtlebot-controller-nora-elsheikhly/install/turtlebot_controller/lib/python3.12/site-packages/turtlebot_controller-0.0.0-py3.12.egg-info
[1.630s] running install_scripts
[1.764s] Installing cmd_vel_publisher script to /root/workspaces/turtlebot-controller-nora-elsheikhly/install/turtlebot_controller/lib/turtlebot_controller
[1.781s] Installing cmd_vel_subscriber script to /root/workspaces/turtlebot-controller-nora-elsheikhly/install/turtlebot_controller/lib/turtlebot_controller
[1.799s] writing list of installed files to '/root/workspaces/turtlebot-controller-nora-elsheikhly/build/turtlebot_controller/install.log'
[1.843s] Invoked command in '/root/workspaces/turtlebot-controller-nora-elsheikhly/src/turtlebot_controller' returned '0': PYTHONPATH=/root/workspaces/turtlebot-controller-nora-elsheikhly/build/turtlebot_controller/prefix_override:/usr/lib/python3/dist-packages/colcon_core/task/python/colcon_distutils_commands:/root/workspaces/turtlebot-controller-nora-elsheikhly/install/turtlebot_controller/lib/python3.12/site-packages:${PYTHONPATH} /usr/bin/python3 -W ignore:setup.py install is deprecated -W ignore:easy_install command is deprecated setup.py egg_info --egg-base ../../build/turtlebot_controller build --build-base /root/workspaces/turtlebot-controller-nora-elsheikhly/build/turtlebot_controller/build install --record /root/workspaces/turtlebot-controller-nora-elsheikhly/build/turtlebot_controller/install.log --install-scripts $base/lib/turtlebot_controller --single-version-externally-managed install_data
